IOR-4.0.0: MPI Coordinated Test of Parallel I/O
Began               : Mon Sep  7 18:23:41 2026
Command line        : /scratch/tmp/sqz-agent/src-1.2/target/mw-ior/ior-4.0.0/src/ior -a POSIX -b 4m -t 4m -s 80 -w -e -k -E -G 862041211 -i 24 -F -o /scratch/tmp/sqz-agent/mwfleet-mnt/m50/s11-mpiio-fpp.dat
Machine             : Linux memp-s3ds-aqs-37
TestID              : 0
StartTime           : Mon Sep  7 18:23:41 2026
Path                : /scratch/tmp/sqz-agent/mwfleet-mnt/m50/s11-mpiio-fpp.dat.00000000
FS                  : 64.0 GiB   Used FS: 98.2%   Inodes: 1.0 Mi   Used Inodes: 0.0%

Options: 
api                 : POSIX
apiVersion          : 
test filename       : /scratch/tmp/sqz-agent/mwfleet-mnt/m50/s11-mpiio-fpp.dat
access              : file-per-process
type                : independent
segments            : 80
ordering in a file  : sequential
ordering inter file : no tasks offsets
nodes               : 1
tasks               : 32
clients per node    : 32
repetitions         : 24
xfersize            : 4 MiB
blocksize           : 4 MiB
aggregate filesize  : 10 GiB

Results: 

access    bw(MiB/s)  IOPS       Latency(s)  block(KiB) xfer(KiB)  open(s)    wr/rd(s)   close(s)   total(s)   iter
------    ---------  ----       ----------  ---------- ---------  --------   --------   --------   --------   ----
write     3609       902.99     2.83        4096       4096       0.012670   2.84       1.39       2.84       0   
WARNING: fsync(159) failed
WARNING: fsync(159) failed
WARNING: fsync(162) failed
WARNING: fsync(162) failed
write     267.23     66.81      38.32       4096       4096       0.000280   38.32      36.69      38.32      1   
write     3891       972.88     1.95        4096       4096       0.000841   2.63       1.20       2.63       2   
write     1312.44    328.12     6.08        4096       4096       0.000506   7.80       3.21       7.80       3   
write     2142.61    535.69     3.35        4096       4096       0.004191   4.78       2.50       4.78       4   
write     2468.51    617.26     3.88        4096       4096       0.000365   4.15       1.69       4.15       5   
write     2388.35    597.13     3.95        4096       4096       0.000281   4.29       1.46       4.29       6   
write     2294.70    573.70     4.20        4096       4096       0.000384   4.46       1.75       4.46       7   
write     2415.05    603.81     3.80        4096       4096       0.003889   4.24       1.29       4.24       8   
write     2389.39    597.39     4.11        4096       4096       0.000403   4.29       1.29       4.29       9   
write     2299.07    574.82     4.17        4096       4096       0.000429   4.45       1.11       4.45       10  
write     2032.54    508.22     4.19        4096       4096       0.002002   5.04       1.65       5.04       11  
write     2191.45    547.90     3.29        4096       4096       0.000642   4.67       1.40       4.67       12  
write     2300.16    575.08     3.89        4096       4096       0.000785   4.45       1.26       4.45       13  
write     2640.54    660.57     3.17        4096       4096       0.000305   3.88       1.11       3.88       14  
write     2158.24    539.85     4.47        4096       4096       0.000614   4.74       1.57       4.74       15  
write     2263.49    565.89     3.91        4096       4096       0.000346   4.52       0.935166   4.52       16  
write     2132.76    533.40     4.30        4096       4096       0.000305   4.80       1.52       4.80       17  
write     2270.11    567.56     3.95        4096       4096       0.001698   4.51       1.34       4.51       18  
write     2185.84    546.52     4.11        4096       4096       0.004109   4.68       1.32       4.68       19  
write     2266.16    566.71     3.71        4096       4096       0.001717   4.52       1.54       4.52       20  
write     1963.70    491.10     4.70        4096       4096       0.000680   5.21       2.39       5.21       21  
WARNING: fsync(103) failed
WARNING: fsync(46) failed
write     1981.99    495.52     2.50        4096       4096       0.000304   5.17       2.66       5.17       22  
write     2396.68    599.50     2.97        4096       4096       0.000810   4.27       1.42       4.27       23  

Summary of all tests:
Operation   Max(MiB)   Min(MiB)  Mean(MiB)     StdDev   Max(OPs)   Min(OPs)  Mean(OPs)     StdDev    Mean(s) Stonewall(s) Stonewall(MiB) Test# #Tasks tPN reps fPP reord reordoff reordrand seed segcnt   blksiz    xsize aggs(MiB)   API RefNum
write        3890.66     267.23    2260.87     641.76     972.67      66.81     565.22     160.44    5.94692         NA            NA     0     32  32   24   1     0        1         0    0     80  4194304  4194304   10240.0 POSIX      0
Finished            : Mon Sep  7 18:26:05 2026
