IOR-4.0.0: MPI Coordinated Test of Parallel I/O
Began               : Mon Sep  7 18:26:09 2026
Command line        : /scratch/tmp/sqz-agent/src-1.2/target/mw-ior/ior-4.0.0/src/ior -a POSIX -b 4m -t 4m -s 80 -w -e -k -E -G 862041211 -i 24 -F -o /scratch/tmp/sqz-agent/mwfleet-mnt/m50/s11-mpiio-fpp.dat
Machine             : Linux memp-s3ds-aqs-37
TestID              : 0
StartTime           : Mon Sep  7 18:26:09 2026
Path                : /scratch/tmp/sqz-agent/mwfleet-mnt/m50/s11-mpiio-fpp.dat.00000000
FS                  : 64.0 GiB   Used FS: 98.7%   Inodes: 1.0 Mi   Used Inodes: 0.0%

Options: 
api                 : POSIX
apiVersion          : 
test filename       : /scratch/tmp/sqz-agent/mwfleet-mnt/m50/s11-mpiio-fpp.dat
access              : file-per-process
type                : independent
segments            : 80
ordering in a file  : sequential
ordering inter file : no tasks offsets
nodes               : 1
tasks               : 32
clients per node    : 32
repetitions         : 24
xfersize            : 4 MiB
blocksize           : 4 MiB
aggregate filesize  : 10 GiB

Results: 
WARNING: The file "/scratch/tmp/sqz-agent/mwfleet-mnt/m55/s11-mpiio-fpp.dat.00000021" exists already and will be overwritten
WARNING: The file "/scratch/tmp/sqz-agent/mwfleet-mnt/m53/s11-mpiio-fpp.dat.00000014" exists already and will be overwritten
WARNING: The file "/scratch/tmp/sqz-agent/mwfleet-mnt/m52/s11-mpiio-fpp.dat.00000008" exists already and will be overwritten
WARNING: The file "/scratch/tmp/sqz-agent/mwfleet-mnt/m56/s11-mpiio-fpp.dat.00000025" exists already and will be overwritten
WARNING: The file "/scratch/tmp/sqz-agent/mwfleet-mnt/m54/s11-mpiio-fpp.dat.00000016" exists already and will be overwritten
WARNING: The file "/scratch/tmp/sqz-agent/mwfleet-mnt/m51/s11-mpiio-fpp.dat.00000006" exists already and will be overwritten
WARNING: The file "/scratch/tmp/sqz-agent/mwfleet-mnt/m57/s11-mpiio-fpp.dat.00000029" exists already and will be overwritten
WARNING: The file "/scratch/tmp/sqz-agent/mwfleet-mnt/m50/s11-mpiio-fpp.dat.00000000" exists already and will be overwritten

access    bw(MiB/s)  IOPS       Latency(s)  block(KiB) xfer(KiB)  open(s)    wr/rd(s)   close(s)   total(s)   iter
------    ---------  ----       ----------  ---------- ---------  --------   --------   --------   --------   ----
WARNING: The file "/scratch/tmp/sqz-agent/mwfleet-mnt/m57/s11-mpiio-fpp.dat.00000030" exists already and will be overwritten
WARNING: The file "/scratch/tmp/sqz-agent/mwfleet-mnt/m50/s11-mpiio-fpp.dat.00000003" exists already and will be overwritten
WARNING: The file "/scratch/tmp/sqz-agent/mwfleet-mnt/m55/s11-mpiio-fpp.dat.00000020" exists already and will be overwritten
WARNING: The file "/scratch/tmp/sqz-agent/mwfleet-mnt/m55/s11-mpiio-fpp.dat.00000022" exists already and will be overwritten
WARNING: The file "/scratch/tmp/sqz-agent/mwfleet-mnt/m55/s11-mpiio-fpp.dat.00000023" exists already and will be overwritten
WARNING: The file "/scratch/tmp/sqz-agent/mwfleet-mnt/m52/s11-mpiio-fpp.dat.00000010" exists already and will be overwritten
WARNING: The file "/scratch/tmp/sqz-agent/mwfleet-mnt/m52/s11-mpiio-fpp.dat.00000011" exists already and will be overwritten
WARNING: The file "/scratch/tmp/sqz-agent/mwfleet-mnt/m52/s11-mpiio-fpp.dat.00000009" exists already and will be overwritten
WARNING: The file "/scratch/tmp/sqz-agent/mwfleet-mnt/m56/s11-mpiio-fpp.dat.00000024" exists already and will be overwritten
WARNING: The file "/scratch/tmp/sqz-agent/mwfleet-mnt/m53/s11-mpiio-fpp.dat.00000015" exists already and will be overwritten
WARNING: The file "/scratch/tmp/sqz-agent/mwfleet-mnt/m54/s11-mpiio-fpp.dat.00000018" exists already and will be overwritten
WARNING: The file "/scratch/tmp/sqz-agent/mwfleet-mnt/m57/s11-mpiio-fpp.dat.00000028" exists already and will be overwritten
WARNING: The file "/scratch/tmp/sqz-agent/mwfleet-mnt/m56/s11-mpiio-fpp.dat.00000026" exists already and will be overwritten
WARNING: The file "/scratch/tmp/sqz-agent/mwfleet-mnt/m53/s11-mpiio-fpp.dat.00000012" exists already and will be overwritten
WARNING: The file "/scratch/tmp/sqz-agent/mwfleet-mnt/m50/s11-mpiio-fpp.dat.00000002" exists already and will be overwritten
WARNING: The file "/scratch/tmp/sqz-agent/mwfleet-mnt/m50/s11-mpiio-fpp.dat.00000001" exists already and will be overwritten
WARNING: The file "/scratch/tmp/sqz-agent/mwfleet-mnt/m51/s11-mpiio-fpp.dat.00000007" exists already and will be overwritten
WARNING: The file "/scratch/tmp/sqz-agent/mwfleet-mnt/m51/s11-mpiio-fpp.dat.00000005" exists already and will be overwritten
WARNING: The file "/scratch/tmp/sqz-agent/mwfleet-mnt/m51/s11-mpiio-fpp.dat.00000004" exists already and will be overwritten
WARNING: The file "/scratch/tmp/sqz-agent/mwfleet-mnt/m56/s11-mpiio-fpp.dat.00000027" exists already and will be overwritten
WARNING: The file "/scratch/tmp/sqz-agent/mwfleet-mnt/m53/s11-mpiio-fpp.dat.00000013" exists already and will be overwritten
WARNING: The file "/scratch/tmp/sqz-agent/mwfleet-mnt/m54/s11-mpiio-fpp.dat.00000017" exists already and will be overwritten
WARNING: The file "/scratch/tmp/sqz-agent/mwfleet-mnt/m54/s11-mpiio-fpp.dat.00000019" exists already and will be overwritten
WARNING: The file "/scratch/tmp/sqz-agent/mwfleet-mnt/m57/s11-mpiio-fpp.dat.00000031" exists already and will be overwritten
write     2825.90    706.98     2.53        4096       4096       0.000215   3.62       1.37       3.62       0   
write     940.58     235.15     8.82        4096       4096       0.000274   10.89      2.68       10.89      1   
write     2368.60    592.40     3.82        4096       4096       0.000415   4.32       1.46       4.32       2   
write     2254.14    563.61     3.61        4096       4096       0.000383   4.54       1.73       4.54       3   
write     2338.50    584.65     4.04        4096       4096       0.000345   4.38       1.48       4.38       4   
write     2008.61    502.18     2.90        4096       4096       0.003362   5.10       2.64       5.10       5   
write     2253.14    563.37     4.12        4096       4096       0.001641   4.54       1.53       4.54       6   
write     2544.11    636.13     3.38        4096       4096       0.000382   4.02       0.987653   4.02       7   
write     2057.33    514.64     4.14        4096       4096       0.000262   4.97       2.10       4.98       8   
write     2209.65    552.44     4.63        4096       4096       0.000353   4.63       1.64       4.63       9   
write     2257.64    564.56     3.75        4096       4096       0.000256   4.53       1.51       4.54       10  
write     2121.93    530.51     4.28        4096       4096       0.000402   4.83       1.96       4.83       11  
write     2332.24    583.08     4.18        4096       4096       0.000339   4.39       1.49       4.39       12  
write     2266.59    566.68     3.95        4096       4096       0.001185   4.52       1.08       4.52       13  
write     2277.17    569.33     3.78        4096       4096       0.000619   4.50       1.43       4.50       14  
write     2190.84    547.77     3.74        4096       4096       0.003961   4.67       1.71       4.67       15  
write     2118.11    529.55     3.50        4096       4096       0.000622   4.83       1.86       4.83       16  
write     2223.10    555.82     3.44        4096       4096       0.001696   4.61       1.79       4.61       17  
write     2316.60    579.49     3.86        4096       4096       0.000643   4.42       1.32       4.42       18  
write     2199.22    550.06     4.24        4096       4096       0.000346   4.65       0.850105   4.66       19  
write     2324.19    581.07     3.85        4096       4096       0.001789   4.41       1.54       4.41       20  
write     2127.28    531.94     4.01        4096       4096       0.000423   4.81       2.35       4.81       21  
write     2168.31    542.11     3.67        4096       4096       0.000253   4.72       1.61       4.72       22  
write     2223.84    556.34     4.10        4096       4096       0.000251   4.60       1.44       4.60       23  

Summary of all tests:
Operation   Max(MiB)   Min(MiB)  Mean(MiB)     StdDev   Max(OPs)   Min(OPs)  Mean(OPs)     StdDev    Mean(s) Stonewall(s) Stonewall(MiB) Test# #Tasks tPN reps fPP reord reordoff reordrand seed segcnt   blksiz    xsize aggs(MiB)   API RefNum
write        2825.90     940.58    2206.15     308.65     706.47     235.15     551.54      77.16    4.81414         NA            NA     0     32  32   24   1     0        1         0    0     80  4194304  4194304   10240.0 POSIX      0
Finished            : Mon Sep  7 18:28:05 2026
