IOR-4.0.0: MPI Coordinated Test of Parallel I/O
Began               : Wed Aug 19 21:18:48 2026
Command line        : /opt/squeezefs-bench/repo/target/mw-ior/ior-4.0.0/src/ior -a POSIX -b 4m -t 4m -s 29 -w -e -k -E -G 724035788 -i 5 -o /scratch/mnt-cw1/s11-mpiio.dat
Machine             : Linux ip-172-31-39-208
TestID              : 0
StartTime           : Wed Aug 19 21:18:48 2026
Path                : /scratch/mnt-cw1/s11-mpiio.dat
FS                  : 3.4 TiB   Used FS: 0.0%   Inodes: 1.0 Mi   Used Inodes: 0.0%

Options: 
api                 : POSIX
apiVersion          : 
test filename       : /scratch/mnt-cw1/s11-mpiio.dat
access              : single-shared-file
type                : independent
segments            : 29
ordering in a file  : sequential
ordering inter file : no tasks offsets
nodes               : 1
tasks               : 8
clients per node    : 8
repetitions         : 5
xfersize            : 4 MiB
blocksize           : 4 MiB
aggregate filesize  : 928 MiB

Results: 
WARNING: The file "/scratch/mnt-cw1/s11-mpiio.dat" exists already and will be overwritten

access    bw(MiB/s)  IOPS       Latency(s)  block(KiB) xfer(KiB)  open(s)    wr/rd(s)   close(s)   total(s)   iter
------    ---------  ----       ----------  ---------- ---------  --------   --------   --------   --------   ----
WARNING: fsync(15) failed
WARNING: fsync(15) failed
WARNING: fsync(15) failed
WARNING: fsync(15) failed
WARNING: fsync(15) failed
WARNING: fsync(15) failed
WARNING: fsync(15) failed
WARNING: fsync(15) failed
WARNING: inconsistent file size by different tasks
WARNING: Expected aggregate file size       = 973078528
WARNING: Stat() of aggregate file size      = 956301312
WARNING: Using actual aggregate bytes moved = 973078528
write     10.01      2.51       45.90       4096       4096       0.001269   92.29      46.87      92.71      0   
WARNING: inconsistent file size by different tasks
WARNING: Expected aggregate file size       = 973078528
WARNING: Stat() of aggregate file size      = 956301312
WARNING: Using actual aggregate bytes moved = 973078528
write     103.41     25.85      8.91        4096       4096       0.000234   8.97       6.76       8.97       1   
WARNING: inconsistent file size by different tasks
WARNING: Expected aggregate file size       = 973078528
WARNING: Stat() of aggregate file size      = 956301312
WARNING: Using actual aggregate bytes moved = 973078528
write     99.66      24.92      2.03        4096       4096       0.000231   9.31       7.29       9.31       2   
WARNING: inconsistent file size by different tasks
WARNING: Expected aggregate file size       = 973078528
WARNING: Stat() of aggregate file size      = 956301312
WARNING: Using actual aggregate bytes moved = 973078528
write     86.89      21.72      10.62       4096       4096       0.000216   10.68      8.53       10.68      3   
WARNING: inconsistent file size by different tasks
WARNING: Expected aggregate file size       = 973078528
WARNING: Stat() of aggregate file size      = 956301312
WARNING: Using actual aggregate bytes moved = 973078528
write     92.85      23.21      9.99        4096       4096       0.000213   9.99       7.34       9.99       4   

Summary of all tests:
Operation   Max(MiB)   Min(MiB)  Mean(MiB)     StdDev   Max(OPs)   Min(OPs)  Mean(OPs)     StdDev    Mean(s) Stonewall(s) Stonewall(MiB) Test# #Tasks tPN reps fPP reord reordoff reordrand seed segcnt   blksiz    xsize aggs(MiB)   API RefNum
write         103.41      10.01      78.56      34.74      25.85       2.50      19.64       8.69   26.33327         NA            NA     0      8   8    5   0     0        1         0    0     29  4194304  4194304     928.0 POSIX      0
Finished            : Wed Aug 19 21:21:00 2026
