IOR-4.0.0: MPI Coordinated Test of Parallel I/O
Began               : Wed Aug 19 21:25:20 2026
Command line        : /opt/squeezefs-bench/repo/target/mw-ior/ior-4.0.0/src/ior -a POSIX -b 4m -t 4m -s 29 -w -e -k -E -G 724035788 -i 5 -o /scratch/mnt-cw1/s11-mpiio.dat
Machine             : Linux ip-172-31-39-208
TestID              : 0
StartTime           : Wed Aug 19 21:25:20 2026
Path                : /scratch/mnt-cw1/s11-mpiio.dat
FS                  : 3.4 TiB   Used FS: 1.0%   Inodes: 1.0 Mi   Used Inodes: 0.0%

Options: 
api                 : POSIX
apiVersion          : 
test filename       : /scratch/mnt-cw1/s11-mpiio.dat
access              : single-shared-file
type                : independent
segments            : 29
ordering in a file  : sequential
ordering inter file : no tasks offsets
nodes               : 1
tasks               : 8
clients per node    : 8
repetitions         : 5
xfersize            : 4 MiB
blocksize           : 4 MiB
aggregate filesize  : 928 MiB

Results: 
WARNING: The file "/scratch/mnt-cw1/s11-mpiio.dat" exists already and will be overwritten

access    bw(MiB/s)  IOPS       Latency(s)  block(KiB) xfer(KiB)  open(s)    wr/rd(s)   close(s)   total(s)   iter
------    ---------  ----       ----------  ---------- ---------  --------   --------   --------   --------   ----
WARNING: inconsistent file size by different tasks
WARNING: Expected aggregate file size       = 973078528
WARNING: Stat() of aggregate file size      = 956301312
WARNING: Using actual aggregate bytes moved = 973078528
write     103.00     25.75      2.33        4096       4096       0.000562   9.01       6.77       9.01       0   
WARNING: inconsistent file size by different tasks
WARNING: Expected aggregate file size       = 973078528
WARNING: Stat() of aggregate file size      = 956301312
WARNING: Using actual aggregate bytes moved = 973078528
write     88.97      22.24      2.42        4096       4096       0.000560   10.43      8.01       10.43      1   
WARNING: inconsistent file size by different tasks
WARNING: Expected aggregate file size       = 973078528
WARNING: Stat() of aggregate file size      = 956301312
WARNING: Using actual aggregate bytes moved = 973078528
write     365.69     91.43      2.45        4096       4096       0.000174   2.54       0.829601   2.54       2   
WARNING: inconsistent file size by different tasks
WARNING: Expected aggregate file size       = 973078528
WARNING: Stat() of aggregate file size      = 956301312
WARNING: Using actual aggregate bytes moved = 973078528
write     119.01     29.75      7.80        4096       4096       0.000183   7.80       6.69       7.80       3   
WARNING: inconsistent file size by different tasks
WARNING: Expected aggregate file size       = 973078528
WARNING: Stat() of aggregate file size      = 956301312
WARNING: Using actual aggregate bytes moved = 973078528
write     88.66      22.17      10.43       4096       4096       0.001517   10.47      7.81       10.47      4   

Summary of all tests:
Operation   Max(MiB)   Min(MiB)  Mean(MiB)     StdDev   Max(OPs)   Min(OPs)  Mean(OPs)     StdDev    Mean(s) Stonewall(s) Stonewall(MiB) Test# #Tasks tPN reps fPP reord reordoff reordrand seed segcnt   blksiz    xsize aggs(MiB)   API RefNum
write         365.69      88.66     153.07     106.89      91.42      22.17      38.27      26.72    8.04847         NA            NA     0      8   8    5   0     0        1         0    0     29  4194304  4194304     928.0 POSIX      0
Finished            : Wed Aug 19 21:26:00 2026
