IOR-4.0.0: MPI Coordinated Test of Parallel I/O
Began               : Wed Aug 19 21:18:32 2026
Command line        : /opt/squeezefs-bench/repo/target/mw-ior/ior-4.0.0/src/ior -a POSIX -b 4m -t 4m -s 8 -w -e -k -E -G 724035788 -i 1 -o /scratch/mnt-cw1/s11-mpiio.dat
Machine             : Linux ip-172-31-39-208
TestID              : 0
StartTime           : Wed Aug 19 21:18:32 2026
Path                : /scratch/mnt-cw1/s11-mpiio.dat
FS                  : 3.4 TiB   Used FS: 0.0%   Inodes: 1.0 Mi   Used Inodes: 0.0%

Options: 
api                 : POSIX
apiVersion          : 
test filename       : /scratch/mnt-cw1/s11-mpiio.dat
access              : single-shared-file
type                : independent
segments            : 8
ordering in a file  : sequential
ordering inter file : no tasks offsets
nodes               : 1
tasks               : 8
clients per node    : 8
repetitions         : 1
xfersize            : 4 MiB
blocksize           : 4 MiB
aggregate filesize  : 256 MiB

Results: 
WARNING: The file "/scratch/mnt-cw1/s11-mpiio.dat" exists already and will be overwritten

access    bw(MiB/s)  IOPS       Latency(s)  block(KiB) xfer(KiB)  open(s)    wr/rd(s)   close(s)   total(s)   iter
------    ---------  ----       ----------  ---------- ---------  --------   --------   --------   --------   ----
write     42.58      10.65      6.01        4096       4096       0.000794   6.01       5.85       6.01       0   

Summary of all tests:
Operation   Max(MiB)   Min(MiB)  Mean(MiB)     StdDev   Max(OPs)   Min(OPs)  Mean(OPs)     StdDev    Mean(s) Stonewall(s) Stonewall(MiB) Test# #Tasks tPN reps fPP reord reordoff reordrand seed segcnt   blksiz    xsize aggs(MiB)   API RefNum
write          42.58      42.58      42.58       0.00      10.65      10.65      10.65       0.00    6.01220         NA            NA     0      8   8    1   0     0        1         0    0      8  4194304  4194304     256.0 POSIX      0
Finished            : Wed Aug 19 21:18:38 2026
