IOR-4.0.0: MPI Coordinated Test of Parallel I/O
Began               : Sat Sep 12 11:58:49 2026
Command line        : /opt/squeezefs-bench/repo/target/mw-ior/ior-4.0.0/src/ior -a POSIX -b 4m -t 4m -s 320 -w -e -k -E -G 75427325 -i 8 -o /scratch/mnt-cw1/s11-mpiio.dat
Machine             : Linux ip-172-31-21-58
TestID              : 0
StartTime           : Sat Sep 12 11:58:49 2026
Path                : /scratch/mnt-cw1/s11-mpiio.dat
FS                  : 3.4 TiB   Used FS: 17.9%   Inodes: 1.0 Mi   Used Inodes: 0.0%

Options: 
api                 : POSIX
apiVersion          : 
test filename       : /scratch/mnt-cw1/s11-mpiio.dat
access              : single-shared-file
type                : independent
segments            : 320
ordering in a file  : sequential
ordering inter file : no tasks offsets
nodes               : 1
tasks               : 8
clients per node    : 8
repetitions         : 8
xfersize            : 4 MiB
blocksize           : 4 MiB
aggregate filesize  : 10 GiB

Results: 
WARNING: The file "/scratch/mnt-cw1/s11-mpiio.dat" exists already and will be overwritten

access    bw(MiB/s)  IOPS       Latency(s)  block(KiB) xfer(KiB)  open(s)    wr/rd(s)   close(s)   total(s)   iter
------    ---------  ----       ----------  ---------- ---------  --------   --------   --------   --------   ----
WARNING: inconsistent file size by different tasks
WARNING: Expected aggregate file size       = 10737418240
WARNING: Stat() of aggregate file size      = 10720641024
WARNING: Using actual aggregate bytes moved = 10737418240
write     859.45     214.87     9.94        4096       4096       0.001427   11.91      2.21       11.91      0   
WARNING: inconsistent file size by different tasks
WARNING: Expected aggregate file size       = 10737418240
WARNING: Stat() of aggregate file size      = 10720641024
WARNING: Using actual aggregate bytes moved = 10737418240
write     1061.09    265.28     9.65        4096       4096       0.000220   9.65       0.504439   9.65       1   
WARNING: inconsistent file size by different tasks
WARNING: Expected aggregate file size       = 10737418240
WARNING: Stat() of aggregate file size      = 10720641024
WARNING: Using actual aggregate bytes moved = 10737418240
write     1049.97    262.50     9.19        4096       4096       0.000180   9.75       0.582118   9.75       2   
WARNING: inconsistent file size by different tasks
WARNING: Expected aggregate file size       = 10737418240
WARNING: Stat() of aggregate file size      = 10720641024
WARNING: Using actual aggregate bytes moved = 10737418240
write     1044.63    261.19     9.38        4096       4096       0.000190   9.80       0.651741   9.80       3   
WARNING: inconsistent file size by different tasks
WARNING: Expected aggregate file size       = 10737418240
WARNING: Stat() of aggregate file size      = 10720641024
WARNING: Using actual aggregate bytes moved = 10737418240
write     1065.98    266.50     9.42        4096       4096       0.000169   9.61       0.518761   9.61       4   
WARNING: inconsistent file size by different tasks
WARNING: Expected aggregate file size       = 10737418240
WARNING: Stat() of aggregate file size      = 10720641024
WARNING: Using actual aggregate bytes moved = 10737418240
write     1024.39    256.13     9.93        4096       4096       0.000191   9.99       0.455353   10.00      5   
WARNING: inconsistent file size by different tasks
WARNING: Expected aggregate file size       = 10737418240
WARNING: Stat() of aggregate file size      = 10720641024
WARNING: Using actual aggregate bytes moved = 10737418240
write     1064.29    266.08     9.52        4096       4096       0.000168   9.62       0.481020   9.62       6   
WARNING: inconsistent file size by different tasks
WARNING: Expected aggregate file size       = 10737418240
WARNING: Stat() of aggregate file size      = 10720641024
WARNING: Using actual aggregate bytes moved = 10737418240
write     1058.66    264.67     9.37        4096       4096       0.000212   9.67       0.630729   9.67       7   

Summary of all tests:
Operation   Max(MiB)   Min(MiB)  Mean(MiB)     StdDev   Max(OPs)   Min(OPs)  Mean(OPs)     StdDev    Mean(s) Stonewall(s) Stonewall(MiB) Test# #Tasks tPN reps fPP reord reordoff reordrand seed segcnt   blksiz    xsize aggs(MiB)   API RefNum
write        1065.98     859.45    1028.56      65.17     266.49     214.86     257.14      16.29   10.00207         NA            NA     0      8   8    8   0     0        1         0    0    320  4194304  4194304   10240.0 POSIX      0
Finished            : Sat Sep 12 12:00:09 2026
