IOR-4.0.0: MPI Coordinated Test of Parallel I/O
Began               : Sat Sep 12 11:54:12 2026
Command line        : /opt/squeezefs-bench/repo/target/mw-ior/ior-4.0.0/src/ior -a POSIX -b 4m -t 4m -s 8 -w -e -k -E -G 75427325 -i 2 -o /scratch/mnt-cw1/s11-mpiio.dat
Machine             : Linux ip-172-31-21-58
TestID              : 0
StartTime           : Sat Sep 12 11:54:12 2026
Path                : /scratch/mnt-cw1/s11-mpiio.dat
FS                  : 3.4 TiB   Used FS: 0.0%   Inodes: 1.0 Mi   Used Inodes: 0.0%

Options: 
api                 : POSIX
apiVersion          : 
test filename       : /scratch/mnt-cw1/s11-mpiio.dat
access              : single-shared-file
type                : independent
segments            : 8
ordering in a file  : sequential
ordering inter file : no tasks offsets
nodes               : 1
tasks               : 8
clients per node    : 8
repetitions         : 2
xfersize            : 4 MiB
blocksize           : 4 MiB
aggregate filesize  : 256 MiB

Results: 
WARNING: The file "/scratch/mnt-cw1/s11-mpiio.dat" exists already and will be overwritten

access    bw(MiB/s)  IOPS       Latency(s)  block(KiB) xfer(KiB)  open(s)    wr/rd(s)   close(s)   total(s)   iter
------    ---------  ----       ----------  ---------- ---------  --------   --------   --------   --------   ----
write     959.49     240.09     0.266538    4096       4096       0.001603   0.266571   0.101198   0.266807   0   
write     1009.59    252.55     0.089949    4096       4096       0.000241   0.253413   0.165529   0.253568   1   

Summary of all tests:
Operation   Max(MiB)   Min(MiB)  Mean(MiB)     StdDev   Max(OPs)   Min(OPs)  Mean(OPs)     StdDev    Mean(s) Stonewall(s) Stonewall(MiB) Test# #Tasks tPN reps fPP reord reordoff reordrand seed segcnt   blksiz    xsize aggs(MiB)   API RefNum
write        1009.59     959.49     984.54      25.05     252.40     239.87     246.14       6.26    0.26019         NA            NA     0      8   8    2   0     0        1         0    0      8  4194304  4194304     256.0 POSIX      0
Finished            : Sat Sep 12 11:54:12 2026
