IOR-4.0.0: MPI Coordinated Test of Parallel I/O
Began               : Sat Aug 29 15:09:02 2026
Command line        : /opt/squeezefs-bench/repo/target/mw-ior/ior-4.0.0/src/ior -a POSIX -b 4m -t 4m -s 80 -w -e -k -E -G 788438700 -i 14 -F -o /scratch/mnt-cw1/s11-mpiio-fpp.dat
Machine             : Linux ip-172-31-16-183
TestID              : 0
StartTime           : Sat Aug 29 15:09:02 2026
Path                : /scratch/mnt-cw1/s11-mpiio-fpp.dat.00000000
FS                  : 13.6 TiB   Used FS: 2.1%   Inodes: 1.0 Mi   Used Inodes: 0.0%

Options: 
api                 : POSIX
apiVersion          : 
test filename       : /scratch/mnt-cw1/s11-mpiio-fpp.dat
access              : file-per-process
type                : independent
segments            : 80
ordering in a file  : sequential
ordering inter file : no tasks offsets
nodes               : 1
tasks               : 32
clients per node    : 32
repetitions         : 14
xfersize            : 4 MiB
blocksize           : 4 MiB
aggregate filesize  : 10 GiB

Results: 

access    bw(MiB/s)  IOPS       Latency(s)  block(KiB) xfer(KiB)  open(s)    wr/rd(s)   close(s)   total(s)   iter
------    ---------  ----       ----------  ---------- ---------  --------   --------   --------   --------   ----
write     1947.52    487.04     4.47        4096       4096       0.014988   5.26       2.86       5.26       0   
write     1892.42    473.13     4.80        4096       4096       0.000277   5.41       1.87       5.41       1   
write     1917.17    479.32     5.30        4096       4096       0.000301   5.34       1.44       5.34       2   
write     1936.85    484.23     5.15        4096       4096       0.000280   5.29       2.18       5.29       3   
write     1917.68    479.44     4.45        4096       4096       0.000295   5.34       1.36       5.34       4   
write     1965.55    491.43     4.49        4096       4096       0.000302   5.21       1.98       5.21       5   
write     1910.71    477.70     4.17        4096       4096       0.000332   5.36       1.19       5.36       6   
write     1914.10    478.55     4.95        4096       4096       0.002164   5.35       1.58       5.35       7   
write     1972.41    493.13     3.72        4096       4096       0.000662   5.19       2.29       5.19       8   
write     1887.55    471.91     5.10        4096       4096       0.000287   5.42       1.32       5.43       9   
write     1968.94    492.26     5.06        4096       4096       0.000559   5.20       2.14       5.20       10  
write     1841.84    460.49     4.81        4096       4096       0.000284   5.56       2.84       5.56       11  
write     1958.53    489.65     4.42        4096       4096       0.000251   5.23       1.23       5.23       12  
write     1968.36    492.11     5.08        4096       4096       0.000295   5.20       2.52       5.20       13  

Summary of all tests:
Operation   Max(MiB)   Min(MiB)  Mean(MiB)     StdDev   Max(OPs)   Min(OPs)  Mean(OPs)     StdDev    Mean(s) Stonewall(s) Stonewall(MiB) Test# #Tasks tPN reps fPP reord reordoff reordrand seed segcnt   blksiz    xsize aggs(MiB)   API RefNum
write        1972.41    1841.84    1928.55      36.95     493.10     460.46     482.14       9.24    5.31168         NA            NA     0     32  32   14   1     0        1         0    0     80  4194304  4194304   10240.0 POSIX      0
Finished            : Sat Aug 29 15:10:17 2026
