IOR-4.0.0: MPI Coordinated Test of Parallel I/O
Began               : Sat Aug 29 15:10:17 2026
Command line        : /opt/squeezefs-bench/repo/target/mw-ior/ior-4.0.0/src/ior -a POSIX -b 4m -t 4m -s 80 -w -e -k -E -G 788438700 -i 14 -F -o /scratch/mnt-cw1/s11-mpiio-fpp.dat
Machine             : Linux ip-172-31-16-183
TestID              : 0
StartTime           : Sat Aug 29 15:10:17 2026
Path                : /scratch/mnt-cw1/s11-mpiio-fpp.dat.00000000
FS                  : 13.6 TiB   Used FS: 4.3%   Inodes: 1.0 Mi   Used Inodes: 0.0%

Options: 
api                 : POSIX
apiVersion          : 
test filename       : /scratch/mnt-cw1/s11-mpiio-fpp.dat
access              : file-per-process
type                : independent
segments            : 80
ordering in a file  : sequential
ordering inter file : no tasks offsets
nodes               : 1
tasks               : 32
clients per node    : 32
repetitions         : 14
xfersize            : 4 MiB
blocksize           : 4 MiB
aggregate filesize  : 10 GiB

Results: 
WARNING: The file "/scratch/mnt-cw6/s11-mpiio-fpp.dat.00000021" exists already and will be overwritten
WARNING: The file "/scratch/mnt-cw4/s11-mpiio-fpp.dat.00000015" exists already and will be overwritten
WARNING: The file "/scratch/mnt-cw2/s11-mpiio-fpp.dat.00000004" exists already and will be overwritten
WARNING: The file "/scratch/mnt-cw1/s11-mpiio-fpp.dat.00000001" exists already and will be overwritten
WARNING: The file "/scratch/mnt-cw6/s11-mpiio-fpp.dat.00000023" exists already and will be overwritten
WARNING: The file "/scratch/mnt-cw8/s11-mpiio-fpp.dat.00000030" exists already and will be overwritten
WARNING: The file "/scratch/mnt-cw2/s11-mpiio-fpp.dat.00000007" exists already and will be overwritten
WARNING: The file "/scratch/mnt-cw8/s11-mpiio-fpp.dat.00000029" exists already and will be overwritten
WARNING: The file "/scratch/mnt-cw4/s11-mpiio-fpp.dat.00000014" exists already and will be overwritten
WARNING: The file "/scratch/mnt-cw1/s11-mpiio-fpp.dat.00000003" exists already and will be overwritten
WARNING: The file "/scratch/mnt-cw5/s11-mpiio-fpp.dat.00000018" exists already and will be overwritten
WARNING: The file "/scratch/mnt-cw4/s11-mpiio-fpp.dat.00000013" exists already and will be overwritten
WARNING: The file "/scratch/mnt-cw6/s11-mpiio-fpp.dat.00000020" exists already and will be overwritten
WARNING: The file "/scratch/mnt-cw5/s11-mpiio-fpp.dat.00000016" exists already and will be overwritten
WARNING: The file "/scratch/mnt-cw3/s11-mpiio-fpp.dat.00000010" exists already and will be overwritten
WARNING: The file "/scratch/mnt-cw1/s11-mpiio-fpp.dat.00000002" exists already and will be overwritten
WARNING: The file "/scratch/mnt-cw8/s11-mpiio-fpp.dat.00000031" exists already and will be overwritten
WARNING: The file "/scratch/mnt-cw5/s11-mpiio-fpp.dat.00000019" exists already and will be overwritten
WARNING: The file "/scratch/mnt-cw6/s11-mpiio-fpp.dat.00000022" exists already and will be overwritten
WARNING: The file "/scratch/mnt-cw2/s11-mpiio-fpp.dat.00000006" exists already and will be overwritten
WARNING: The file "/scratch/mnt-cw4/s11-mpiio-fpp.dat.00000012" exists already and will be overwritten
WARNING: The file "/scratch/mnt-cw3/s11-mpiio-fpp.dat.00000011" exists already and will be overwritten
WARNING: The file "/scratch/mnt-cw2/s11-mpiio-fpp.dat.00000005" exists already and will be overwritten
WARNING: The file "/scratch/mnt-cw3/s11-mpiio-fpp.dat.00000009" exists already and will be overwritten
WARNING: The file "/scratch/mnt-cw8/s11-mpiio-fpp.dat.00000028" exists already and will be overwritten
WARNING: The file "/scratch/mnt-cw7/s11-mpiio-fpp.dat.00000024" exists already and will be overwritten
WARNING: The file "/scratch/mnt-cw3/s11-mpiio-fpp.dat.00000008" exists already and will be overwritten
WARNING: The file "/scratch/mnt-cw7/s11-mpiio-fpp.dat.00000025" exists already and will be overwritten
WARNING: The file "/scratch/mnt-cw1/s11-mpiio-fpp.dat.00000000" exists already and will be overwritten

access    bw(MiB/s)  IOPS       Latency(s)  block(KiB) xfer(KiB)  open(s)    wr/rd(s)   close(s)   total(s)   iter
WARNING: The file "/scratch/mnt-cw5/s11-mpiio-fpp.dat.00000017" exists already and will be overwritten
WARNING: The file "/scratch/mnt-cw7/s11-mpiio-fpp.dat.00000027" exists already and will be overwritten
WARNING: The file "/scratch/mnt-cw7/s11-mpiio-fpp.dat.00000026" exists already and will be overwritten
------    ---------  ----       ----------  ---------- ---------  --------   --------   --------   --------   ----
write     1993.94    498.51     4.97        4096       4096       0.000441   5.14       2.28       5.14       0   
write     1950.75    487.71     4.92        4096       4096       0.000284   5.25       2.35       5.25       1   
write     1912.30    478.10     5.06        4096       4096       0.000414   5.35       1.59       5.35       2   
write     1938.72    484.70     5.26        4096       4096       0.000386   5.28       1.37       5.28       3   
write     1926.93    481.76     4.14        4096       4096       0.000368   5.31       1.92       5.31       4   
write     1947.03    486.78     4.99        4096       4096       0.000341   5.26       1.89       5.26       5   
write     1967.48    491.89     5.13        4096       4096       0.000564   5.20       1.40       5.20       6   
write     1875.05    468.79     3.94        4096       4096       0.000340   5.46       2.27       5.46       7   
write     1883.70    470.95     5.07        4096       4096       0.000462   5.44       1.47       5.44       8   
write     1939.24    484.85     4.50        4096       4096       0.000602   5.28       1.13       5.28       9   
write     1947.13    486.81     4.99        4096       4096       0.001114   5.26       2.42       5.26       10  
write     1950.53    487.66     4.59        4096       4096       0.000906   5.25       2.13       5.25       11  
write     1922.80    480.76     4.73        4096       4096       0.000288   5.32       1.31       5.33       12  
write     1904.57    476.17     5.38        4096       4096       0.000271   5.38       2.51       5.38       13  

Summary of all tests:
Operation   Max(MiB)   Min(MiB)  Mean(MiB)     StdDev   Max(OPs)   Min(OPs)  Mean(OPs)     StdDev    Mean(s) Stonewall(s) Stonewall(MiB) Test# #Tasks tPN reps fPP reord reordoff reordrand seed segcnt   blksiz    xsize aggs(MiB)   API RefNum
write        1993.94    1875.05    1932.87      30.66     498.48     468.76     483.22       7.66    5.29916         NA            NA     0     32  32   14   1     0        1         0    0     80  4194304  4194304   10240.0 POSIX      0
Finished            : Sat Aug 29 15:11:32 2026
