IOR-4.0.0: MPI Coordinated Test of Parallel I/O
Began               : Tue Sep  8 01:10:38 2026
Command line        : /scratch/tmp/sqz-agent/src-1.2/target/mw-ior/ior-4.0.0/src/ior -a POSIX -b 4m -t 4m -s 80 -w -e -k -E -G 200755282 -i 23 -o /scratch/tmp/sqz-agent/mwfleet-mnt/m50/s11-mpiio.dat
Machine             : Linux memp-s3ds-aqs-37
TestID              : 0
StartTime           : Tue Sep  8 01:10:38 2026
Path                : /scratch/tmp/sqz-agent/mwfleet-mnt/m50/s11-mpiio.dat
FS                  : 64.0 GiB   Used FS: 6.6%   Inodes: 1.0 Mi   Used Inodes: 0.0%

Options: 
api                 : POSIX
apiVersion          : 
test filename       : /scratch/tmp/sqz-agent/mwfleet-mnt/m50/s11-mpiio.dat
access              : single-shared-file
type                : independent
segments            : 80
ordering in a file  : sequential
ordering inter file : no tasks offsets
nodes               : 1
tasks               : 32
clients per node    : 32
repetitions         : 23
xfersize            : 4 MiB
blocksize           : 4 MiB
aggregate filesize  : 10 GiB

Results: 
WARNING: The file "/scratch/tmp/sqz-agent/mwfleet-mnt/m50/s11-mpiio.dat" exists already and will be overwritten

access    bw(MiB/s)  IOPS       Latency(s)  block(KiB) xfer(KiB)  open(s)    wr/rd(s)   close(s)   total(s)   iter
------    ---------  ----       ----------  ---------- ---------  --------   --------   --------   --------   ----
WARNING: inconsistent file size by different tasks
WARNING: Expected aggregate file size       = 10737418240
WARNING: Stat() of aggregate file size      = 10619977728
WARNING: Using actual aggregate bytes moved = 10737418240
write     4347       1086.90    1.60        4096       4096       0.000671   2.36       0.861526   2.36       0   
WARNING: inconsistent file size by different tasks
WARNING: Expected aggregate file size       = 10737418240
WARNING: Stat() of aggregate file size      = 10619977728
WARNING: Using actual aggregate bytes moved = 10737418240
write     4489       1123.44    1.67        4096       4096       0.000353   2.28       0.950670   2.28       1   
WARNING: inconsistent file size by different tasks
WARNING: Expected aggregate file size       = 10737418240
WARNING: Stat() of aggregate file size      = 10619977728
WARNING: Using actual aggregate bytes moved = 10737418240
write     3554.54    888.70     2.26        4096       4096       0.000273   2.88       1.26       2.88       2   
WARNING: fsync(152) failed
WARNING: fsync(121) failed
WARNING: fsync(130) failed
WARNING: fsync(166) failed
WARNING: inconsistent file size by different tasks
WARNING: Expected aggregate file size       = 10737418240
WARNING: Stat() of aggregate file size      = 10619977728
WARNING: Using actual aggregate bytes moved = 10737418240
write     3420.67    855.24     2.80        4096       4096       0.000329   2.99       1.08       2.99       3   
WARNING: inconsistent file size by different tasks
WARNING: Expected aggregate file size       = 10737418240
WARNING: Stat() of aggregate file size      = 10619977728
WARNING: Using actual aggregate bytes moved = 10737418240
write     3373.10    843.36     2.02        4096       4096       0.000222   3.04       1.26       3.04       4   
WARNING: inconsistent file size by different tasks
WARNING: Expected aggregate file size       = 10737418240
WARNING: Stat() of aggregate file size      = 10619977728
WARNING: Using actual aggregate bytes moved = 10737418240
write     3704       926.20     2.11        4096       4096       0.000234   2.76       0.884810   2.76       5   
WARNING: fsync(167) failed
WARNING: fsync(137) failed
WARNING: fsync(125) failed
WARNING: fsync(133) failed
WARNING: inconsistent file size by different tasks
WARNING: Expected aggregate file size       = 10737418240
WARNING: Stat() of aggregate file size      = 10619977728
WARNING: Using actual aggregate bytes moved = 10737418240
write     3814       953.59     2.62        4096       4096       0.000219   2.68       1.04       2.68       6   
WARNING: inconsistent file size by different tasks
WARNING: Expected aggregate file size       = 10737418240
WARNING: Stat() of aggregate file size      = 10619977728
WARNING: Using actual aggregate bytes moved = 10737418240
write     3428.19    857.09     2.57        4096       4096       0.001077   2.99       1.22       2.99       7   
WARNING: inconsistent file size by different tasks
WARNING: Expected aggregate file size       = 10737418240
WARNING: Stat() of aggregate file size      = 10619977728
WARNING: Using actual aggregate bytes moved = 10737418240
write     3598.29    899.63     2.79        4096       4096       0.000294   2.85       1.03       2.85       8   
WARNING: inconsistent file size by different tasks
WARNING: Expected aggregate file size       = 10737418240
WARNING: Stat() of aggregate file size      = 10619977728
WARNING: Using actual aggregate bytes moved = 10737418240
write     3471.17    867.88     2.37        4096       4096       0.000247   2.95       1.08       2.95       9   
WARNING: inconsistent file size by different tasks
WARNING: Expected aggregate file size       = 10737418240
WARNING: Stat() of aggregate file size      = 10619977728
WARNING: Using actual aggregate bytes moved = 10737418240
write     3599.66    899.97     2.15        4096       4096       0.001226   2.84       1.00       2.84       10  
WARNING: inconsistent file size by different tasks
WARNING: Expected aggregate file size       = 10737418240
WARNING: Stat() of aggregate file size      = 10619977728
WARNING: Using actual aggregate bytes moved = 10737418240
write     3530.68    882.72     1.98        4096       4096       0.000235   2.90       1.15       2.90       11  
WARNING: inconsistent file size by different tasks
WARNING: Expected aggregate file size       = 10737418240
WARNING: Stat() of aggregate file size      = 10619977728
WARNING: Using actual aggregate bytes moved = 10737418240
write     3260.00    815.06     2.54        4096       4096       0.000244   3.14       1.05       3.14       12  
WARNING: inconsistent file size by different tasks
WARNING: Expected aggregate file size       = 10737418240
WARNING: Stat() of aggregate file size      = 10619977728
WARNING: Using actual aggregate bytes moved = 10737418240
write     3289.83    822.50     2.36        4096       4096       0.000254   3.11       1.05       3.11       13  
WARNING: inconsistent file size by different tasks
WARNING: Expected aggregate file size       = 10737418240
WARNING: Stat() of aggregate file size      = 10619977728
WARNING: Using actual aggregate bytes moved = 10737418240
write     3379.22    844.85     2.32        4096       4096       0.002100   3.03       1.31       3.03       14  
WARNING: inconsistent file size by different tasks
WARNING: Expected aggregate file size       = 10737418240
WARNING: Stat() of aggregate file size      = 10619977728
WARNING: Using actual aggregate bytes moved = 10737418240
write     3530.06    882.57     1.80        4096       4096       0.000267   2.90       1.11       2.90       15  
WARNING: fsync(156) failed
WARNING: fsync(148) failed
WARNING: fsync(106) failed
WARNING: fsync(121) failed
WARNING: inconsistent file size by different tasks
WARNING: Expected aggregate file size       = 10737418240
WARNING: Stat() of aggregate file size      = 10619977728
WARNING: Using actual aggregate bytes moved = 10737418240
write     3449.71    862.49     2.01        4096       4096       0.003693   2.97       1.15       2.97       16  
WARNING: inconsistent file size by different tasks
WARNING: Expected aggregate file size       = 10737418240
WARNING: Stat() of aggregate file size      = 10619977728
WARNING: Using actual aggregate bytes moved = 10737418240
write     3489.90    873.38     2.47        4096       4096       0.001234   2.93       0.992259   2.93       17  
WARNING: inconsistent file size by different tasks
WARNING: Expected aggregate file size       = 10737418240
WARNING: Stat() of aggregate file size      = 10619977728
WARNING: Using actual aggregate bytes moved = 10737418240
write     3571.07    892.86     2.44        4096       4096       0.000254   2.87       1.00       2.87       18  
WARNING: fsync(166) failed
WARNING: fsync(130) failed
WARNING: fsync(121) failed
WARNING: fsync(152) failed
WARNING: inconsistent file size by different tasks
WARNING: Expected aggregate file size       = 10737418240
WARNING: Stat() of aggregate file size      = 10619977728
WARNING: Using actual aggregate bytes moved = 10737418240
write     3647       911.82     2.81        4096       4096       0.000285   2.81       1.21       2.81       19  
WARNING: inconsistent file size by different tasks
WARNING: Expected aggregate file size       = 10737418240
WARNING: Stat() of aggregate file size      = 10619977728
WARNING: Using actual aggregate bytes moved = 10737418240
write     3320.49    830.17     2.57        4096       4096       0.000211   3.08       1.25       3.08       20  
WARNING: inconsistent file size by different tasks
WARNING: Expected aggregate file size       = 10737418240
WARNING: Stat() of aggregate file size      = 10619977728
WARNING: Using actual aggregate bytes moved = 10737418240
write     3256.19    814.12     2.63        4096       4096       0.000282   3.14       1.09       3.14       21  
WARNING: fsync(130) failed
WARNING: fsync(166) failed
WARNING: fsync(152) failed
WARNING: fsync(121) failed
WARNING: inconsistent file size by different tasks
WARNING: Expected aggregate file size       = 10737418240
WARNING: Stat() of aggregate file size      = 10619977728
WARNING: Using actual aggregate bytes moved = 10737418240
write     3305.93    826.57     2.42        4096       4096       0.000317   3.10       1.33       3.10       22  

Summary of all tests:
Operation   Max(MiB)   Min(MiB)  Mean(MiB)     StdDev   Max(OPs)   Min(OPs)  Mean(OPs)     StdDev    Mean(s) Stonewall(s) Stonewall(MiB) Test# #Tasks tPN reps fPP reord reordoff reordrand seed segcnt   blksiz    xsize aggs(MiB)   API RefNum
write        4489.38    3256.19    3557.86     301.29    1122.35     814.05     889.46      75.32    2.89619         NA            NA     0     32  32   23   0     0        1         0    0     80  4194304  4194304   10240.0 POSIX      0
Finished            : Tue Sep  8 01:11:45 2026
