IOR-4.0.0: MPI Coordinated Test of Parallel I/O
Began               : Sat Aug 29 18:35:01 2026
Command line        : /opt/squeezefs-bench/repo/target/mw-ior/ior-4.0.0/src/ior -a POSIX -b 4m -t 4m -s 80 -w -e -k -E -G 503288571 -i 14 -o /scratch/mnt-cw1/s11-mpiio.dat
Machine             : Linux ip-172-31-30-46
TestID              : 0
StartTime           : Sat Aug 29 18:35:01 2026
Path                : /scratch/mnt-cw1/s11-mpiio.dat
FS                  : 13.6 TiB   Used FS: 0.0%   Inodes: 1.0 Mi   Used Inodes: 0.0%

Options: 
api                 : POSIX
apiVersion          : 
test filename       : /scratch/mnt-cw1/s11-mpiio.dat
access              : single-shared-file
type                : independent
segments            : 80
ordering in a file  : sequential
ordering inter file : no tasks offsets
nodes               : 1
tasks               : 32
clients per node    : 32
repetitions         : 14
xfersize            : 4 MiB
blocksize           : 4 MiB
aggregate filesize  : 10 GiB

Results: 
WARNING: The file "/scratch/mnt-cw1/s11-mpiio.dat" exists already and will be overwritten

access    bw(MiB/s)  IOPS       Latency(s)  block(KiB) xfer(KiB)  open(s)    wr/rd(s)   close(s)   total(s)   iter
------    ---------  ----       ----------  ---------- ---------  --------   --------   --------   --------   ----
WARNING: inconsistent file size by different tasks
WARNING: Expected aggregate file size       = 10737418240
WARNING: Stat() of aggregate file size      = 10619977728
WARNING: Using actual aggregate bytes moved = 10737418240
write     1964.29    491.10     4.52        4096       4096       0.002809   5.21       1.97       5.21       0   
WARNING: inconsistent file size by different tasks
WARNING: Expected aggregate file size       = 10737418240
WARNING: Stat() of aggregate file size      = 10619977728
WARNING: Using actual aggregate bytes moved = 10737418240
write     1716.93    429.25     2.87        4096       4096       0.000683   5.96       3.33       5.96       1   
WARNING: inconsistent file size by different tasks
WARNING: Expected aggregate file size       = 10737418240
WARNING: Stat() of aggregate file size      = 10619977728
WARNING: Using actual aggregate bytes moved = 10737418240
write     2099.90    525.00     3.89        4096       4096       0.000400   4.88       1.45       4.88       2   
WARNING: inconsistent file size by different tasks
WARNING: Expected aggregate file size       = 10737418240
WARNING: Stat() of aggregate file size      = 10619977728
WARNING: Using actual aggregate bytes moved = 10737418240
write     1774.87    443.73     3.85        4096       4096       0.000564   5.77       1.92       5.77       3   
WARNING: inconsistent file size by different tasks
WARNING: Expected aggregate file size       = 10737418240
WARNING: Stat() of aggregate file size      = 10619977728
WARNING: Using actual aggregate bytes moved = 10737418240
write     2137.37    534.37     3.94        4096       4096       0.000297   4.79       1.48       4.79       4   
WARNING: inconsistent file size by different tasks
WARNING: Expected aggregate file size       = 10737418240
WARNING: Stat() of aggregate file size      = 10619977728
WARNING: Using actual aggregate bytes moved = 10737418240
write     2072.18    518.10     4.53        4096       4096       0.000354   4.94       1.73       4.94       5   
WARNING: fsync(15) failed
WARNING: fsync(15) failed
WARNING: fsync(15) failed
WARNING: fsync(15) failed
WARNING: inconsistent file size by different tasks
WARNING: Expected aggregate file size       = 10737418240
WARNING: Stat() of aggregate file size      = 10619977728
WARNING: Using actual aggregate bytes moved = 10737418240
write     2046.40    511.63     3.89        4096       4096       0.000337   5.00       1.27       5.00       6   
WARNING: fsync(15) failed
WARNING: fsync(15) failed
WARNING: fsync(15) failed
WARNING: fsync(15) failed
WARNING: inconsistent file size by different tasks
WARNING: Expected aggregate file size       = 10737418240
WARNING: Stat() of aggregate file size      = 10619977728
WARNING: Using actual aggregate bytes moved = 10737418240
write     1974.99    520.17     4.72        4096       4096       0.000281   4.92       2.24       5.18       7   
WARNING: inconsistent file size by different tasks
WARNING: Expected aggregate file size       = 10737418240
WARNING: Stat() of aggregate file size      = 10619977728
WARNING: Using actual aggregate bytes moved = 10737418240
write     2030.64    507.69     2.98        4096       4096       0.000360   5.04       2.06       5.04       8   
WARNING: inconsistent file size by different tasks
WARNING: Expected aggregate file size       = 10737418240
WARNING: Stat() of aggregate file size      = 10619977728
WARNING: Using actual aggregate bytes moved = 10737418240
write     2026.57    506.69     3.83        4096       4096       0.000325   5.05       2.16       5.05       9   
WARNING: inconsistent file size by different tasks
WARNING: Expected aggregate file size       = 10737418240
WARNING: Stat() of aggregate file size      = 10619977728
WARNING: Using actual aggregate bytes moved = 10737418240
write     2072.22    518.08     4.94        4096       4096       0.006685   4.94       2.34       4.94       10  
WARNING: inconsistent file size by different tasks
WARNING: Expected aggregate file size       = 10737418240
WARNING: Stat() of aggregate file size      = 10619977728
WARNING: Using actual aggregate bytes moved = 10737418240
write     2061.36    515.36     3.85        4096       4096       0.000268   4.97       1.28       4.97       11  
WARNING: inconsistent file size by different tasks
WARNING: Expected aggregate file size       = 10737418240
WARNING: Stat() of aggregate file size      = 10619977728
WARNING: Using actual aggregate bytes moved = 10737418240
write     2111.38    527.87     4.54        4096       4096       0.001381   4.85       1.64       4.85       12  
WARNING: fsync(15) failed
WARNING: fsync(15) failed
WARNING: fsync(15) failed
WARNING: fsync(15) failed
WARNING: inconsistent file size by different tasks
WARNING: Expected aggregate file size       = 10737418240
WARNING: Stat() of aggregate file size      = 10619977728
WARNING: Using actual aggregate bytes moved = 10737418240
write     1990.90    524.62     4.05        4096       4096       0.000275   4.88       2.78       5.14       13  

Summary of all tests:
Operation   Max(MiB)   Min(MiB)  Mean(MiB)     StdDev   Max(OPs)   Min(OPs)  Mean(OPs)     StdDev    Mean(s) Stonewall(s) Stonewall(MiB) Test# #Tasks tPN reps fPP reord reordoff reordrand seed segcnt   blksiz    xsize aggs(MiB)   API RefNum
write        2137.37    1716.93    2005.71     116.98     534.34     429.23     501.43      29.25    5.12446         NA            NA     0     32  32   14   0     0        1         0    0     80  4194304  4194304   10240.0 POSIX      0
Finished            : Sat Aug 29 18:36:13 2026
