IOR-4.0.0: MPI Coordinated Test of Parallel I/O
Began               : Sat Aug 29 18:40:05 2026
Command line        : /opt/squeezefs-bench/repo/target/mw-ior/ior-4.0.0/src/ior -a POSIX -b 4m -t 4m -s 80 -r -R -C -k -E -G 503288571 -i 1 -o /scratch/mnt-cw1/s11-mpiio.dat
Machine             : Linux ip-172-31-30-46
TestID              : 0
StartTime           : Sat Aug 29 18:40:05 2026
Path                : /scratch/mnt-cw1/s11-mpiio.dat
FS                  : 13.6 TiB   Used FS: 8.5%   Inodes: 1.0 Mi   Used Inodes: 0.0%

Options: 
api                 : POSIX
apiVersion          : 
test filename       : /scratch/mnt-cw1/s11-mpiio.dat
access              : single-shared-file
type                : independent
segments            : 80
ordering in a file  : sequential
ordering inter file : constant task offset
task offset         : 1
nodes               : 1
tasks               : 32
clients per node    : 32
repetitions         : 1
xfersize            : 4 MiB
blocksize           : 4 MiB
aggregate filesize  : 10 GiB

Results: 

access    bw(MiB/s)  IOPS       Latency(s)  block(KiB) xfer(KiB)  open(s)    wr/rd(s)   close(s)   total(s)   iter
------    ---------  ----       ----------  ---------- ---------  --------   --------   --------   --------   ----
WARNING: inconsistent file size by different tasks
WARNING: Expected aggregate file size       = 10737418240
WARNING: Stat() of aggregate file size      = 10619977728
WARNING: Using actual aggregate bytes moved = 10737418240
read      38981      9763       0.258735    4096       4096       0.003613   0.262222   0.000346   0.262694   0   

Summary of all tests:
Operation   Max(MiB)   Min(MiB)  Mean(MiB)     StdDev   Max(OPs)   Min(OPs)  Mean(OPs)     StdDev    Mean(s) Stonewall(s) Stonewall(MiB) Test# #Tasks tPN reps fPP reord reordoff reordrand seed segcnt   blksiz    xsize aggs(MiB)   API RefNum
read        38980.73   38980.73   38980.73       0.00    9745.18    9745.18    9745.18       0.00    0.26269         NA            NA     0     32  32    1   0     1        1         0    0     80  4194304  4194304   10240.0 POSIX      0
Finished            : Sat Aug 29 18:40:05 2026
