IOR-4.0.0: MPI Coordinated Test of Parallel I/O
Began               : Mon Sep  7 22:51:10 2026
Command line        : /scratch/tmp/sqz-agent/src-1.2/target/mw-ior/ior-4.0.0/src/ior -a POSIX -b 4m -t 4m -s 80 -w -e -k -E -G 945444229 -i 19 -F -o /scratch/tmp/sqz-agent/mwfleet-mnt/m50/s11-mpiio-fpp.dat
Machine             : Linux memp-s3ds-aqs-37
TestID              : 0
StartTime           : Mon Sep  7 22:51:10 2026
Path                : /scratch/tmp/sqz-agent/mwfleet-mnt/m50/s11-mpiio-fpp.dat.00000000
FS                  : 64.0 GiB   Used FS: 98.4%   Inodes: 1.0 Mi   Used Inodes: 0.0%

Options: 
api                 : POSIX
apiVersion          : 
test filename       : /scratch/tmp/sqz-agent/mwfleet-mnt/m50/s11-mpiio-fpp.dat
access              : file-per-process
type                : independent
segments            : 80
ordering in a file  : sequential
ordering inter file : no tasks offsets
nodes               : 1
tasks               : 32
clients per node    : 32
repetitions         : 19
xfersize            : 4 MiB
blocksize           : 4 MiB
aggregate filesize  : 10 GiB

Results: 
WARNING: The file "/scratch/tmp/sqz-agent/mwfleet-mnt/m50/s11-mpiio-fpp.dat.00000001" exists already and will be overwritten
WARNING: The file "/scratch/tmp/sqz-agent/mwfleet-mnt/m53/s11-mpiio-fpp.dat.00000013" exists already and will be overwritten
WARNING: The file "/scratch/tmp/sqz-agent/mwfleet-mnt/m56/s11-mpiio-fpp.dat.00000024" exists already and will be overwritten
WARNING: The file "/scratch/tmp/sqz-agent/mwfleet-mnt/m54/s11-mpiio-fpp.dat.00000019" exists already and will be overwritten
WARNING: The file "/scratch/tmp/sqz-agent/mwfleet-mnt/m52/s11-mpiio-fpp.dat.00000011" exists already and will be overwritten
WARNING: The file "/scratch/tmp/sqz-agent/mwfleet-mnt/m52/s11-mpiio-fpp.dat.00000010" exists already and will be overwritten
WARNING: The file "/scratch/tmp/sqz-agent/mwfleet-mnt/m51/s11-mpiio-fpp.dat.00000007" exists already and will be overwritten
WARNING: The file "/scratch/tmp/sqz-agent/mwfleet-mnt/m52/s11-mpiio-fpp.dat.00000009" exists already and will be overwritten
WARNING: The file "/scratch/tmp/sqz-agent/mwfleet-mnt/m57/s11-mpiio-fpp.dat.00000030" exists already and will be overwritten
WARNING: The file "/scratch/tmp/sqz-agent/mwfleet-mnt/m57/s11-mpiio-fpp.dat.00000031" exists already and will be overwritten
WARNING: The file "/scratch/tmp/sqz-agent/mwfleet-mnt/m57/s11-mpiio-fpp.dat.00000029" exists already and will be overwritten
WARNING: The file "/scratch/tmp/sqz-agent/mwfleet-mnt/m52/s11-mpiio-fpp.dat.00000008" exists already and will be overwritten
WARNING: The file "/scratch/tmp/sqz-agent/mwfleet-mnt/m50/s11-mpiio-fpp.dat.00000003" exists already and will be overwritten
WARNING: The file "/scratch/tmp/sqz-agent/mwfleet-mnt/m50/s11-mpiio-fpp.dat.00000000" exists already and will be overwritten

access    bw(MiB/s)  IOPS       Latency(s)  block(KiB) xfer(KiB)  open(s)    wr/rd(s)   close(s)   total(s)   iter
------    ---------  ----       ----------  ---------- ---------  --------   --------   --------   --------   ----
WARNING: The file "/scratch/tmp/sqz-agent/mwfleet-mnt/m54/s11-mpiio-fpp.dat.00000017" exists already and will be overwritten
WARNING: The file "/scratch/tmp/sqz-agent/mwfleet-mnt/m54/s11-mpiio-fpp.dat.00000018" exists already and will be overwritten
WARNING: The file "/scratch/tmp/sqz-agent/mwfleet-mnt/m54/s11-mpiio-fpp.dat.00000016" exists already and will be overwritten
WARNING: The file "/scratch/tmp/sqz-agent/mwfleet-mnt/m56/s11-mpiio-fpp.dat.00000027" exists already and will be overwritten
WARNING: The file "/scratch/tmp/sqz-agent/mwfleet-mnt/m51/s11-mpiio-fpp.dat.00000004" exists already and will be overwritten
WARNING: The file "/scratch/tmp/sqz-agent/mwfleet-mnt/m51/s11-mpiio-fpp.dat.00000006" exists already and will be overwritten
WARNING: The file "/scratch/tmp/sqz-agent/mwfleet-mnt/m55/s11-mpiio-fpp.dat.00000022" exists already and will be overwritten
WARNING: The file "/scratch/tmp/sqz-agent/mwfleet-mnt/m55/s11-mpiio-fpp.dat.00000023" exists already and will be overwritten
WARNING: The file "/scratch/tmp/sqz-agent/mwfleet-mnt/m57/s11-mpiio-fpp.dat.00000028" exists already and will be overwritten
WARNING: The file "/scratch/tmp/sqz-agent/mwfleet-mnt/m53/s11-mpiio-fpp.dat.00000012" exists already and will be overwritten
WARNING: The file "/scratch/tmp/sqz-agent/mwfleet-mnt/m53/s11-mpiio-fpp.dat.00000015" exists already and will be overwritten
WARNING: The file "/scratch/tmp/sqz-agent/mwfleet-mnt/m56/s11-mpiio-fpp.dat.00000026" exists already and will be overwritten
WARNING: The file "/scratch/tmp/sqz-agent/mwfleet-mnt/m53/s11-mpiio-fpp.dat.00000014" exists already and will be overwritten
WARNING: The file "/scratch/tmp/sqz-agent/mwfleet-mnt/m55/s11-mpiio-fpp.dat.00000021" exists already and will be overwritten
WARNING: The file "/scratch/tmp/sqz-agent/mwfleet-mnt/m50/s11-mpiio-fpp.dat.00000002" exists already and will be overwritten
WARNING: The file "/scratch/tmp/sqz-agent/mwfleet-mnt/m56/s11-mpiio-fpp.dat.00000025" exists already and will be overwritten
WARNING: The file "/scratch/tmp/sqz-agent/mwfleet-mnt/m55/s11-mpiio-fpp.dat.00000020" exists already and will be overwritten
WARNING: The file "/scratch/tmp/sqz-agent/mwfleet-mnt/m51/s11-mpiio-fpp.dat.00000005" exists already and will be overwritten
write     2325.42    581.39     4.40        4096       4096       0.000237   4.40       2.86       4.40       0   
write     2738.50    684.66     3.73        4096       4096       0.000346   3.74       1.80       3.74       1   
write     1814.02    453.75     4.40        4096       4096       0.000325   5.64       3.14       5.64       2   
write     2434.60    608.69     3.28        4096       4096       0.000250   4.21       1.53       4.21       3   
write     2441.83    610.48     3.27        4096       4096       0.000339   4.19       1.19       4.19       4   
write     2296.08    574.18     4.15        4096       4096       0.003648   4.46       1.73       4.46       5   
write     2335.93    584.33     4.12        4096       4096       0.000594   4.38       1.52       4.38       6   
write     2194.84    548.85     2.78        4096       4096       0.000389   4.66       1.88       4.67       7   
write     2137.28    534.35     4.47        4096       4096       0.000503   4.79       1.84       4.79       8   
write     2072.60    518.36     4.94        4096       4096       0.000354   4.94       2.62       4.94       9   
write     2274.34    568.61     3.43        4096       4096       0.002063   4.50       1.19       4.50       10  
write     2165.92    541.52     3.59        4096       4096       0.000367   4.73       1.40       4.73       11  
write     2025.49    506.41     4.53        4096       4096       0.000544   5.06       2.00       5.06       12  
write     2110.74    527.72     3.51        4096       4096       0.000334   4.85       1.65       4.85       13  
write     2098.18    524.58     4.64        4096       4096       0.000232   4.88       2.09       4.88       14  
write     1991.63    498.29     3.41        4096       4096       0.000421   5.14       2.02       5.14       15  
write     2327.96    582.04     3.23        4096       4096       0.000482   4.40       1.64       4.40       16  
write     2494.50    623.65     3.20        4096       4096       0.000275   4.10       1.42       4.11       17  
write     2346.74    586.73     3.84        4096       4096       0.004811   4.36       1.13       4.36       18  

Summary of all tests:
Operation   Max(MiB)   Min(MiB)  Mean(MiB)     StdDev   Max(OPs)   Min(OPs)  Mean(OPs)     StdDev    Mean(s) Stonewall(s) Stonewall(MiB) Test# #Tasks tPN reps fPP reord reordoff reordrand seed segcnt   blksiz    xsize aggs(MiB)   API RefNum
write        2738.50    1814.02    2243.51     205.67     684.62     453.51     560.88      51.42    4.60286         NA            NA     0     32  32   19   1     0        1         0    0     80  4194304  4194304   10240.0 POSIX      0
Finished            : Mon Sep  7 22:52:38 2026
