IOR-4.0.0: MPI Coordinated Test of Parallel I/O
Began               : Fri Aug 28 22:09:36 2026
Command line        : /opt/squeezefs-bench/repo/target/mw-ior/ior-4.0.0/src/ior -a POSIX -b 4m -t 4m -s 80 -w -e -k -E -G 1038205605 -i 13 -o /scratch/mnt-cw1/s11-mpiio.dat
Machine             : Linux ip-172-31-19-225
TestID              : 0
StartTime           : Fri Aug 28 22:09:36 2026
Path                : /scratch/mnt-cw1/s11-mpiio.dat
FS                  : 13.6 TiB   Used FS: 0.0%   Inodes: 1.0 Mi   Used Inodes: 0.0%

Options: 
api                 : POSIX
apiVersion          : 
test filename       : /scratch/mnt-cw1/s11-mpiio.dat
access              : single-shared-file
type                : independent
segments            : 80
ordering in a file  : sequential
ordering inter file : no tasks offsets
nodes               : 1
tasks               : 32
clients per node    : 32
repetitions         : 13
xfersize            : 4 MiB
blocksize           : 4 MiB
aggregate filesize  : 10 GiB

Results: 
WARNING: The file "/scratch/mnt-cw1/s11-mpiio.dat" exists already and will be overwritten

access    bw(MiB/s)  IOPS       Latency(s)  block(KiB) xfer(KiB)  open(s)    wr/rd(s)   close(s)   total(s)   iter
------    ---------  ----       ----------  ---------- ---------  --------   --------   --------   --------   ----
WARNING: inconsistent file size by different tasks
WARNING: Expected aggregate file size       = 10737418240
WARNING: Stat() of aggregate file size      = 10619977728
WARNING: Using actual aggregate bytes moved = 10737418240
write     1973.64    493.43     4.79        4096       4096       0.001739   5.19       2.07       5.19       0   
WARNING: inconsistent file size by different tasks
WARNING: Expected aggregate file size       = 10737418240
WARNING: Stat() of aggregate file size      = 10619977728
WARNING: Using actual aggregate bytes moved = 10737418240
write     2134.67    533.69     4.74        4096       4096       0.000580   4.80       1.35       4.80       1   
WARNING: inconsistent file size by different tasks
WARNING: Expected aggregate file size       = 10737418240
WARNING: Stat() of aggregate file size      = 10619977728
WARNING: Using actual aggregate bytes moved = 10737418240
write     2128.60    532.17     4.19        4096       4096       0.000511   4.81       2.11       4.81       2   
WARNING: inconsistent file size by different tasks
WARNING: Expected aggregate file size       = 10737418240
WARNING: Stat() of aggregate file size      = 10619977728
WARNING: Using actual aggregate bytes moved = 10737418240
write     1871.55    467.91     3.02        4096       4096       0.000635   5.47       2.45       5.47       3   
WARNING: inconsistent file size by different tasks
WARNING: Expected aggregate file size       = 10737418240
WARNING: Stat() of aggregate file size      = 10619977728
WARNING: Using actual aggregate bytes moved = 10737418240
write     2074.47    518.64     4.34        4096       4096       0.000265   4.94       1.50       4.94       4   
WARNING: inconsistent file size by different tasks
WARNING: Expected aggregate file size       = 10737418240
WARNING: Stat() of aggregate file size      = 10619977728
WARNING: Using actual aggregate bytes moved = 10737418240
write     918.99     229.75     4.59        4096       4096       0.000233   11.14      9.11       11.14      5   
WARNING: inconsistent file size by different tasks
WARNING: Expected aggregate file size       = 10737418240
WARNING: Stat() of aggregate file size      = 10619977728
WARNING: Using actual aggregate bytes moved = 10737418240
write     2052.72    513.22     4.84        4096       4096       0.000264   4.99       1.41       4.99       6   
WARNING: inconsistent file size by different tasks
WARNING: Expected aggregate file size       = 10737418240
WARNING: Stat() of aggregate file size      = 10619977728
WARNING: Using actual aggregate bytes moved = 10737418240
write     2069.53    517.41     4.72        4096       4096       0.000304   4.95       1.48       4.95       7   
WARNING: inconsistent file size by different tasks
WARNING: Expected aggregate file size       = 10737418240
WARNING: Stat() of aggregate file size      = 10619977728
WARNING: Using actual aggregate bytes moved = 10737418240
write     2074.38    518.63     4.60        4096       4096       0.000550   4.94       1.64       4.94       8   
WARNING: fsync(15) failed
WARNING: fsync(15) failed
WARNING: fsync(15) failed
WARNING: fsync(15) failed
WARNING: inconsistent file size by different tasks
WARNING: Expected aggregate file size       = 10737418240
WARNING: Stat() of aggregate file size      = 10619977728
WARNING: Using actual aggregate bytes moved = 10737418240
write     1787.85    446.98     5.51        4096       4096       0.000362   5.73       2.15       5.73       9   
WARNING: inconsistent file size by different tasks
WARNING: Expected aggregate file size       = 10737418240
WARNING: Stat() of aggregate file size      = 10619977728
WARNING: Using actual aggregate bytes moved = 10737418240
write     2074.50    518.66     4.56        4096       4096       0.000349   4.94       1.30       4.94       10  
WARNING: inconsistent file size by different tasks
WARNING: Expected aggregate file size       = 10737418240
WARNING: Stat() of aggregate file size      = 10619977728
WARNING: Using actual aggregate bytes moved = 10737418240
write     1773.01    443.28     4.39        4096       4096       0.000984   5.78       2.08       5.78       11  
WARNING: inconsistent file size by different tasks
WARNING: Expected aggregate file size       = 10737418240
WARNING: Stat() of aggregate file size      = 10619977728
WARNING: Using actual aggregate bytes moved = 10737418240
write     2103.60    525.94     3.77        4096       4096       0.001325   4.87       1.10       4.87       12  

Summary of all tests:
Operation   Max(MiB)   Min(MiB)  Mean(MiB)     StdDev   Max(OPs)   Min(OPs)  Mean(OPs)     StdDev    Mean(s) Stonewall(s) Stonewall(MiB) Test# #Tasks tPN reps fPP reord reordoff reordrand seed segcnt   blksiz    xsize aggs(MiB)   API RefNum
write        2134.67     918.99    1925.96     313.87     533.67     229.75     481.49      78.47    5.57894         NA            NA     0     32  32   13   0     0        1         0    0     80  4194304  4194304   10240.0 POSIX      0
Finished            : Fri Aug 28 22:10:49 2026
