[2026-09-07T00:55:57Z ERROR squeezefs::block_allocator] I/O error: data volume 'nvme4n1' full: 8185 of 8192 blocks allocated — lane 8 of 16 is exhausted while 0 free block(s) belong to lanes this moun
[2026-09-07T00:56:02Z ERROR squeezefs::block_allocator] I/O error: data volume 'nvme4n1' full: 8185 of 8192 blocks allocated — lane 8 of 16 is exhausted while 0 free block(s) belong to lanes this moun
[2026-09-07T00:56:03Z ERROR squeezefs::block_allocator] I/O error: data volume 'nvme4n1' full: 8185 of 8192 blocks allocated — lane 8 of 16 is exhausted while 0 free block(s) belong to lanes this moun
[2026-09-07T00:56:03Z ERROR squeezefs::block_allocator] bounded allocation refusing StorageFull after 1002 ms parked with 0 offset(s) still in grace locally (lane harvest horizon 3643 ms): the pressur
[2026-09-07T00:56:03Z ERROR squeezefs::block_allocator] bounded allocation refusing StorageFull after 1018 ms parked with 0 offset(s) still in grace locally (lane harvest horizon 3653 ms): the pressur
[2026-09-07T00:56:03Z ERROR squeezefs::block_allocator] bounded allocation refusing StorageFull after 1018 ms parked with 0 offset(s) still in grace locally (lane harvest horizon 3654 ms): the pressur
[2026-09-07T00:56:03Z ERROR squeezefs::block_allocator] bounded allocation refusing StorageFull after 1019 ms parked with 0 offset(s) still in grace locally (lane harvest horizon 3654 ms): the pressur
[2026-09-07T00:56:03Z ERROR squeezefs::block_allocator] bounded allocation refusing StorageFull after 1019 ms parked with 0 offset(s) still in grace locally (lane harvest horizon 3655 ms): the pressur
[2026-09-07T00:56:03Z ERROR squeezefs::block_allocator] bounded allocation refusing StorageFull after 1038 ms parked with 0 offset(s) still in grace locally (lane harvest horizon 3693 ms): the pressur
[2026-09-07T00:56:03Z ERROR squeezefs::block_allocator] bounded allocation refusing StorageFull after 1040 ms parked with 0 offset(s) still in grace locally (lane harvest horizon 3694 ms): the pressur
[2026-09-07T00:56:03Z ERROR squeezefs::block_allocator] bounded allocation refusing StorageFull after 1018 ms parked with 0 offset(s) still in grace locally (lane harvest horizon 3705 ms): the pressur
[2026-09-07T00:56:03Z ERROR squeezefs::block_allocator] bounded allocation refusing StorageFull after 1043 ms parked with 0 offset(s) still in grace locally (lane harvest horizon 3706 ms): the pressur
[2026-09-07T00:56:03Z ERROR squeezefs::block_allocator] bounded allocation refusing StorageFull after 1043 ms parked with 0 offset(s) still in grace locally (lane harvest horizon 3755 ms): the pressur
[2026-09-07T00:56:04Z ERROR squeezefs::block_allocator] I/O error: data volume 'nvme4n1' full: 8185 of 8192 blocks allocated — lane 8 of 16 is exhausted while 0 free block(s) belong to lanes this moun
[2026-09-07T00:56:04Z ERROR squeezefs::block_allocator] bounded allocation refusing StorageFull after 1032 ms parked with 0 offset(s) still in grace locally (lane harvest horizon 2812 ms): the pressur
[2026-09-07T00:56:04Z ERROR squeezefs::block_allocator] bounded allocation refusing StorageFull after 1032 ms parked with 0 offset(s) still in grace locally (lane harvest horizon 2813 ms): the pressur
[2026-09-07T00:56:04Z ERROR squeezefs::block_allocator] bounded allocation refusing StorageFull after 1032 ms parked with 0 offset(s) still in grace locally (lane harvest horizon 2813 ms): the pressur
[2026-09-07T00:56:04Z ERROR squeezefs::block_allocator] bounded allocation refusing StorageFull after 1036 ms parked with 0 offset(s) still in grace locally (lane harvest horizon 2820 ms): the pressur
[2026-09-07T00:56:04Z ERROR squeezefs::block_allocator] bounded allocation refusing StorageFull after 1036 ms parked with 0 offset(s) still in grace locally (lane harvest horizon 2820 ms): the pressur
[2026-09-07T00:56:04Z ERROR squeezefs::block_allocator] bounded allocation refusing StorageFull after 1037 ms parked with 0 offset(s) still in grace locally (lane harvest horizon 2820 ms): the pressur
[2026-09-07T00:56:04Z ERROR squeezefs::block_allocator] bounded allocation refusing StorageFull after 1035 ms parked with 0 offset(s) still in grace locally (lane harvest horizon 2820 ms): the pressur
[2026-09-07T00:56:04Z ERROR squeezefs::block_allocator] bounded allocation refusing StorageFull after 1038 ms parked with 0 offset(s) still in grace locally (lane harvest horizon 2867 ms): the pressur
[2026-09-07T00:56:04Z ERROR squeezefs::block_allocator] bounded allocation refusing StorageFull after 1037 ms parked with 0 offset(s) still in grace locally (lane harvest horizon 2869 ms): the pressur
[2026-09-07T00:56:04Z ERROR squeezefs::block_allocator] bounded allocation refusing StorageFull after 1037 ms parked with 0 offset(s) still in grace locally (lane harvest horizon 2869 ms): the pressur
[2026-09-07T00:56:04Z ERROR squeezefs::block_allocator] bounded allocation refusing StorageFull after 1036 ms parked with 0 offset(s) still in grace locally (lane harvest horizon 2869 ms): the pressur
[2026-09-07T00:56:04Z ERROR squeezefs::block_allocator] bounded allocation refusing StorageFull after 1040 ms parked with 0 offset(s) still in grace locally (lane harvest horizon 2922 ms): the pressur
[2026-09-07T00:56:04Z ERROR squeezefs::block_allocator] bounded allocation refusing StorageFull after 1041 ms parked with 0 offset(s) still in grace locally (lane harvest horizon 2922 ms): the pressur
[2026-09-07T00:56:04Z ERROR squeezefs::block_allocator] bounded allocation refusing StorageFull after 1010 ms parked with 0 offset(s) still in grace locally (lane harvest horizon 2829 ms): the pressur
[2026-09-07T00:56:04Z ERROR squeezefs::block_allocator] bounded allocation refusing StorageFull after 1001 ms parked with 0 offset(s) still in grace locally (lane harvest horizon 2831 ms): the pressur
[2026-09-07T00:56:04Z ERROR squeezefs::block_allocator] bounded allocation refusing StorageFull after 1003 ms parked with 0 offset(s) still in grace locally (lane harvest horizon 2835 ms): the pressur
[2026-09-07T00:56:04Z ERROR squeezefs::block_allocator] bounded allocation refusing StorageFull after 1029 ms parked with 0 offset(s) still in grace locally (lane harvest horizon 2836 ms): the pressur
[2026-09-07T00:56:04Z ERROR squeezefs::block_allocator] bounded allocation refusing StorageFull after 1023 ms parked with 0 offset(s) still in grace locally (lane harvest horizon 2836 ms): the pressur
[2026-09-07T00:56:04Z ERROR squeezefs::block_allocator] bounded allocation refusing StorageFull after 1031 ms parked with 0 offset(s) still in grace locally (lane harvest horizon 2836 ms): the pressur
[2026-09-07T00:56:04Z ERROR squeezefs::block_allocator] bounded allocation refusing StorageFull after 1017 ms parked with 0 offset(s) still in grace locally (lane harvest horizon 2838 ms): the pressur
[2026-09-07T00:56:04Z ERROR squeezefs::block_allocator] bounded allocation refusing StorageFull after 1027 ms parked with 0 offset(s) still in grace locally (lane harvest horizon 2840 ms): the pressur
[2026-09-07T00:56:04Z ERROR squeezefs::block_allocator] bounded allocation refusing StorageFull after 1025 ms parked with 0 offset(s) still in grace locally (lane harvest horizon 2840 ms): the pressur
[2026-09-07T00:56:04Z ERROR squeezefs::block_allocator] bounded allocation refusing StorageFull after 1029 ms parked with 0 offset(s) still in grace locally (lane harvest horizon 2840 ms): the pressur
[2026-09-07T00:56:04Z ERROR squeezefs::block_allocator] bounded allocation refusing StorageFull after 1007 ms parked with 0 offset(s) still in grace locally (lane harvest horizon 2879 ms): the pressur
[2026-09-07T00:56:04Z ERROR squeezefs::block_allocator] bounded allocation refusing StorageFull after 1008 ms parked with 0 offset(s) still in grace locally (lane harvest horizon 2881 ms): the pressur
[2026-09-07T00:56:04Z ERROR squeezefs::block_allocator] bounded allocation refusing StorageFull after 1010 ms parked with 0 offset(s) still in grace locally (lane harvest horizon 2880 ms): the pressur
[2026-09-07T00:56:04Z ERROR squeezefs::block_allocator] bounded allocation refusing StorageFull after 1009 ms parked with 0 offset(s) still in grace locally (lane harvest horizon 2880 ms): the pressur
[2026-09-07T00:56:04Z ERROR squeezefs::block_allocator] bounded allocation refusing StorageFull after 1009 ms parked with 0 offset(s) still in grace locally (lane harvest horizon 2881 ms): the pressur
[2026-09-07T00:56:04Z ERROR squeezefs::block_allocator] bounded allocation refusing StorageFull after 1009 ms parked with 0 offset(s) still in grace locally (lane harvest horizon 2881 ms): the pressur
[2026-09-07T00:56:04Z ERROR squeezefs::block_allocator] bounded allocation refusing StorageFull after 1009 ms parked with 0 offset(s) still in grace locally (lane harvest horizon 2881 ms): the pressur
[2026-09-07T00:56:04Z ERROR squeezefs::block_allocator] bounded allocation refusing StorageFull after 1039 ms parked with 0 offset(s) still in grace locally (lane harvest horizon 2882 ms): the pressur
[2026-09-07T00:56:04Z ERROR squeezefs::block_allocator] bounded allocation refusing StorageFull after 1013 ms parked with 0 offset(s) still in grace locally (lane harvest horizon 2884 ms): the pressur
[2026-09-07T00:56:04Z ERROR squeezefs::block_allocator] bounded allocation refusing StorageFull after 1047 ms parked with 0 offset(s) still in grace locally (lane harvest horizon 2888 ms): the pressur
[2026-09-07T00:56:04Z ERROR squeezefs::block_allocator] bounded allocation refusing StorageFull after 1047 ms parked with 0 offset(s) still in grace locally (lane harvest horizon 2890 ms): the pressur
[2026-09-07T00:56:04Z ERROR squeezefs::block_allocator] bounded allocation refusing StorageFull after 1021 ms parked with 0 offset(s) still in grace locally (lane harvest horizon 2891 ms): the pressur
[2026-09-07T00:56:05Z ERROR squeezefs::block_allocator] I/O error: data volume 'nvme4n1' full: 8185 of 8192 blocks allocated — lane 8 of 16 is exhausted while 0 free block(s) belong to lanes this moun
[2026-09-07T00:56:05Z ERROR squeezefs::block_allocator] bounded allocation refusing StorageFull after 1008 ms parked with 0 offset(s) still in grace locally (lane harvest horizon 3595 ms): the pressur
[2026-09-07T00:56:05Z WARN  squeezefs::fuse_client] write-through failed for ino 2 block 1314 (Io(Custom { kind: StorageFull, error: "I/O error: data volume 'nvme4n1' full: 8185 of 8192 blocks allocat
[2026-09-07T00:56:05Z ERROR squeezefs::block_allocator] bounded allocation refusing StorageFull after 1009 ms parked with 0 offset(s) still in grace locally (lane harvest horizon 3595 ms): the pressur
[2026-09-07T00:56:05Z ERROR squeezefs::block_allocator] bounded allocation refusing StorageFull after 1010 ms parked with 0 offset(s) still in grace locally (lane harvest horizon 3599 ms): the pressur
[2026-09-07T00:56:05Z WARN  squeezefs::fuse_client] write-through failed for ino 2 block 1346 (Io(Custom { kind: StorageFull, error: "I/O error: data volume 'nvme4n1' full: 8185 of 8192 blocks allocat
[2026-09-07T00:56:05Z ERROR squeezefs::block_allocator] bounded allocation refusing StorageFull after 1012 ms parked with 0 offset(s) still in grace locally (lane harvest horizon 3598 ms): the pressur
[2026-09-07T00:56:05Z ERROR squeezefs::block_allocator] bounded allocation refusing StorageFull after 1015 ms parked with 0 offset(s) still in grace locally (lane harvest horizon 3602 ms): the pressur
[2026-09-07T00:56:05Z WARN  squeezefs::fuse_client] write-through failed for ino 2 block 1313 (Io(Custom { kind: StorageFull, error: "I/O error: data volume 'nvme4n1' full: 8185 of 8192 blocks allocat
[2026-09-07T00:56:05Z ERROR squeezefs::block_allocator] bounded allocation refusing StorageFull after 1018 ms parked with 0 offset(s) still in grace locally (lane harvest horizon 3602 ms): the pressur
[2026-09-07T00:56:05Z WARN  squeezefs::routing] rewrite epoch close for ino 2 failed transiently (Io(Custom { kind: StorageFull, error: "I/O error: data volume 'nvme4n1' full: 8185 of 8192 blocks allo
[2026-09-07T00:56:05Z ERROR squeezefs::block_allocator] bounded allocation refusing StorageFull after 1017 ms parked with 0 offset(s) still in grace locally (lane harvest horizon 3602 ms): the pressur
[2026-09-07T00:56:05Z ERROR squeezefs::block_allocator] bounded allocation refusing StorageFull after 1000 ms parked with 0 offset(s) still in grace locally (lane harvest horizon 3638 ms): the pressur
[2026-09-07T00:56:05Z ERROR squeezefs::block_allocator] bounded allocation refusing StorageFull after 1004 ms parked with 0 offset(s) still in grace locally (lane harvest horizon 3642 ms): the pressur
[2026-09-07T00:56:05Z ERROR squeezefs::block_allocator] bounded allocation refusing StorageFull after 1010 ms parked with 0 offset(s) still in grace locally (lane harvest horizon 3647 ms): the pressur
[2026-09-07T00:56:05Z WARN  squeezefs::fuse_client] write-through failed for ino 2 block 1408 (Io(Custom { kind: StorageFull, error: "I/O error: data volume 'nvme4n1' full: 8185 of 8192 blocks allocat
[2026-09-07T00:56:05Z ERROR squeezefs::block_allocator] bounded allocation refusing StorageFull after 1015 ms parked with 0 offset(s) still in grace locally (lane harvest horizon 3652 ms): the pressur
[2026-09-07T00:56:05Z WARN  squeezefs::fuse_client] write-through failed for ino 2 block 1409 (Io(Custom { kind: StorageFull, error: "I/O error: data volume 'nvme4n1' full: 8185 of 8192 blocks allocat
[2026-09-07T00:56:05Z ERROR squeezefs::block_allocator] bounded allocation refusing StorageFull after 1009 ms parked with 0 offset(s) still in grace locally (lane harvest horizon 3702 ms): the pressur
[2026-09-07T00:56:05Z ERROR squeezefs::block_allocator] bounded allocation refusing StorageFull after 1018 ms parked with 0 offset(s) still in grace locally (lane harvest horizon 3707 ms): the pressur
[2026-09-07T00:56:05Z WARN  squeezefs::fuse_client] write-through failed for ino 2 block 1440 (Io(Custom { kind: StorageFull, error: "I/O error: data volume 'nvme4n1' full: 8185 of 8192 blocks allocat
[2026-09-07T00:56:05Z ERROR squeezefs::block_allocator] bounded allocation refusing StorageFull after 1010 ms parked with 0 offset(s) still in grace locally (lane harvest horizon 3896 ms): the pressur
[2026-09-07T00:56:05Z ERROR squeezefs::block_allocator] bounded allocation refusing StorageFull after 1011 ms parked with 0 offset(s) still in grace locally (lane harvest horizon 3896 ms): the pressur
[2026-09-07T00:56:05Z ERROR squeezefs::block_allocator] bounded allocation refusing StorageFull after 1017 ms parked with 0 offset(s) still in grace locally (lane harvest horizon 3899 ms): the pressur
[2026-09-07T00:56:05Z ERROR squeezefs::block_allocator] bounded allocation refusing StorageFull after 1015 ms parked with 0 offset(s) still in grace locally (lane harvest horizon 3900 ms): the pressur
[2026-09-07T00:56:05Z ERROR squeezefs::block_allocator] bounded allocation refusing StorageFull after 1015 ms parked with 0 offset(s) still in grace locally (lane harvest horizon 3901 ms): the pressur
[2026-09-07T00:56:05Z ERROR squeezefs::block_allocator] bounded allocation refusing StorageFull after 1013 ms parked with 0 offset(s) still in grace locally (lane harvest horizon 3901 ms): the pressur
[2026-09-07T00:56:05Z WARN  squeezefs::fuse_client] write-through failed for ino 2 block 1633 (Io(Custom { kind: StorageFull, error: "I/O error: data volume 'nvme4n1' full: 8185 of 8192 blocks allocat
[2026-09-07T00:56:05Z ERROR squeezefs::block_allocator] bounded allocation refusing StorageFull after 1018 ms parked with 0 offset(s) still in grace locally (lane harvest horizon 3902 ms): the pressur
[2026-09-07T00:56:05Z ERROR squeezefs::block_allocator] bounded allocation refusing StorageFull after 1017 ms parked with 0 offset(s) still in grace locally (lane harvest horizon 3903 ms): the pressur
[2026-09-07T00:56:05Z ERROR squeezefs::block_allocator] bounded allocation refusing StorageFull after 1019 ms parked with 0 offset(s) still in grace locally (lane harvest horizon 3904 ms): the pressur
[2026-09-07T00:56:05Z ERROR squeezefs::block_allocator] bounded allocation refusing StorageFull after 1020 ms parked with 0 offset(s) still in grace locally (lane harvest horizon 3905 ms): the pressur
[2026-09-07T00:56:05Z ERROR squeezefs::block_allocator] bounded allocation refusing StorageFull after 1022 ms parked with 0 offset(s) still in grace locally (lane harvest horizon 3905 ms): the pressur
[2026-09-07T00:56:05Z WARN  squeezefs::fuse_client] write-through failed for ino 2 block 1665 (Io(Custom { kind: StorageFull, error: "I/O error: data volume 'nvme4n1' full: 8185 of 8192 blocks allocat
[2026-09-07T00:56:05Z ERROR squeezefs::block_allocator] bounded allocation refusing StorageFull after 1022 ms parked with 0 offset(s) still in grace locally (lane harvest horizon 3905 ms): the pressur
[2026-09-07T00:56:05Z ERROR squeezefs::block_allocator] bounded allocation refusing StorageFull after 1028 ms parked with 0 offset(s) still in grace locally (lane harvest horizon 3907 ms): the pressur
[2026-09-07T00:56:05Z WARN  squeezefs::fuse_client] write-through failed for ino 2 block 1697 (Io(Custom { kind: StorageFull, error: "I/O error: data volume 'nvme4n1' full: 8185 of 8192 blocks allocat
[2026-09-07T00:56:05Z ERROR squeezefs::block_allocator] bounded allocation refusing StorageFull after 1023 ms parked with 0 offset(s) still in grace locally (lane harvest horizon 3907 ms): the pressur
[2026-09-07T00:56:25Z ERROR squeezefs::block_allocator] I/O error: data volume 'nvme3n1' full: 8185 of 8192 blocks allocated — lane 8 of 16 is exhausted while 0 free block(s) belong to lanes this moun
[2026-09-07T00:56:26Z ERROR squeezefs::block_allocator] I/O error: data volume 'nvme3n1' full: 8185 of 8192 blocks allocated — lane 8 of 16 is exhausted while 0 free block(s) belong to lanes this moun
[2026-09-07T00:56:26Z ERROR squeezefs::block_allocator] bounded allocation refusing StorageFull after 1009 ms parked with 0 offset(s) still in grace locally (lane harvest horizon 3394 ms): the pressur
[2026-09-07T00:56:26Z ERROR squeezefs::block_allocator] bounded allocation refusing StorageFull after 1001 ms parked with 0 offset(s) still in grace locally (lane harvest horizon 3400 ms): the pressur
[2026-09-07T00:56:26Z ERROR squeezefs::block_allocator] bounded allocation refusing StorageFull after 1010 ms parked with 0 offset(s) still in grace locally (lane harvest horizon 3411 ms): the pressur
[2026-09-07T00:56:26Z ERROR squeezefs::block_allocator] bounded allocation refusing StorageFull after 1024 ms parked with 0 offset(s) still in grace locally (lane harvest horizon 3415 ms): the pressur
[2026-09-07T00:56:26Z ERROR squeezefs::block_allocator] bounded allocation refusing StorageFull after 1022 ms parked with 0 offset(s) still in grace locally (lane harvest horizon 3417 ms): the pressur
[2026-09-07T00:56:26Z ERROR squeezefs::block_allocator] bounded allocation refusing StorageFull after 1031 ms parked with 0 offset(s) still in grace locally (lane harvest horizon 3419 ms): the pressur
[2026-09-07T00:56:26Z ERROR squeezefs::block_allocator] bounded allocation refusing StorageFull after 1030 ms parked with 0 offset(s) still in grace locally (lane harvest horizon 3422 ms): the pressur
[2026-09-07T00:56:26Z ERROR squeezefs::block_allocator] bounded allocation refusing StorageFull after 1027 ms parked with 0 offset(s) still in grace locally (lane harvest horizon 3423 ms): the pressur
[2026-09-07T00:56:26Z ERROR squeezefs::block_allocator] bounded allocation refusing StorageFull after 1021 ms parked with 0 offset(s) still in grace locally (lane harvest horizon 3423 ms): the pressur
[2026-09-07T00:56:26Z ERROR squeezefs::block_allocator] bounded allocation refusing StorageFull after 1043 ms parked with 0 offset(s) still in grace locally (lane harvest horizon 3424 ms): the pressur
[2026-09-07T00:56:26Z ERROR squeezefs::block_allocator] bounded allocation refusing StorageFull after 1042 ms parked with 0 offset(s) still in grace locally (lane harvest horizon 3444 ms): the pressur
[2026-09-07T00:56:26Z ERROR squeezefs::block_allocator] bounded allocation refusing StorageFull after 1030 ms parked with 0 offset(s) still in grace locally (lane harvest horizon 3567 ms): the pressur
[2026-09-07T00:56:27Z ERROR squeezefs::block_allocator] bounded allocation refusing StorageFull after 1004 ms parked with 0 offset(s) still in grace locally (lane harvest horizon 3611 ms): the pressur
[2026-09-07T00:56:27Z ERROR squeezefs::block_allocator] bounded allocation refusing StorageFull after 1004 ms parked with 0 offset(s) still in grace locally (lane harvest horizon 3611 ms): the pressur
[2026-09-07T00:56:27Z ERROR squeezefs::block_allocator] bounded allocation refusing StorageFull after 1001 ms parked with 0 offset(s) still in grace locally (lane harvest horizon 3615 ms): the pressur
[2026-09-07T00:56:27Z ERROR squeezefs::block_allocator] bounded allocation refusing StorageFull after 1017 ms parked with 0 offset(s) still in grace locally (lane harvest horizon 3623 ms): the pressur
[2026-09-07T00:56:27Z ERROR squeezefs::block_allocator] bounded allocation refusing StorageFull after 1002 ms parked with 0 offset(s) still in grace locally (lane harvest horizon 3623 ms): the pressur
[2026-09-07T00:56:27Z ERROR squeezefs::block_allocator] bounded allocation refusing StorageFull after 1004 ms parked with 0 offset(s) still in grace locally (lane harvest horizon 3623 ms): the pressur
[2026-09-07T00:56:27Z ERROR squeezefs::block_allocator] bounded allocation refusing StorageFull after 1013 ms parked with 0 offset(s) still in grace locally (lane harvest horizon 3623 ms): the pressur
[2026-09-07T00:56:27Z ERROR squeezefs::block_allocator] bounded allocation refusing StorageFull after 1007 ms parked with 0 offset(s) still in grace locally (lane harvest horizon 3627 ms): the pressur
[2026-09-07T00:56:27Z ERROR squeezefs::block_allocator] bounded allocation refusing StorageFull after 1012 ms parked with 0 offset(s) still in grace locally (lane harvest horizon 3629 ms): the pressur
[2026-09-07T00:56:27Z ERROR squeezefs::block_allocator] bounded allocation refusing StorageFull after 1011 ms parked with 0 offset(s) still in grace locally (lane harvest horizon 3632 ms): the pressur
[2026-09-07T00:56:27Z ERROR squeezefs::block_allocator] bounded allocation refusing StorageFull after 1018 ms parked with 0 offset(s) still in grace locally (lane harvest horizon 3635 ms): the pressur
[2026-09-07T00:56:27Z ERROR squeezefs::block_allocator] bounded allocation refusing StorageFull after 1029 ms parked with 0 offset(s) still in grace locally (lane harvest horizon 3649 ms): the pressur
[2026-09-07T00:56:27Z ERROR squeezefs::block_allocator] I/O error: data volume 'nvme3n1' full: 8185 of 8192 blocks allocated — lane 8 of 16 is exhausted while 0 free block(s) belong to lanes this moun
[2026-09-07T00:56:27Z ERROR squeezefs::block_allocator] bounded allocation refusing StorageFull after 1011 ms parked with 0 offset(s) still in grace locally (lane harvest horizon 3813 ms): the pressur
[2026-09-07T00:56:27Z ERROR squeezefs::block_allocator] bounded allocation refusing StorageFull after 1013 ms parked with 0 offset(s) still in grace locally (lane harvest horizon 3819 ms): the pressur
[2026-09-07T00:56:27Z ERROR squeezefs::block_allocator] bounded allocation refusing StorageFull after 1003 ms parked with 0 offset(s) still in grace locally (lane harvest horizon 3822 ms): the pressur
[2026-09-07T00:56:27Z ERROR squeezefs::block_allocator] bounded allocation refusing StorageFull after 1014 ms parked with 0 offset(s) still in grace locally (lane harvest horizon 3823 ms): the pressur
[2026-09-07T00:56:27Z ERROR squeezefs::block_allocator] bounded allocation refusing StorageFull after 1013 ms parked with 0 offset(s) still in grace locally (lane harvest horizon 3847 ms): the pressur
[2026-09-07T00:56:27Z ERROR squeezefs::block_allocator] bounded allocation refusing StorageFull after 1018 ms parked with 0 offset(s) still in grace locally (lane harvest horizon 3847 ms): the pressur
[2026-09-07T00:56:27Z ERROR squeezefs::block_allocator] bounded allocation refusing StorageFull after 1018 ms parked with 0 offset(s) still in grace locally (lane harvest horizon 3849 ms): the pressur
[2026-09-07T00:56:27Z ERROR squeezefs::block_allocator] bounded allocation refusing StorageFull after 1019 ms parked with 0 offset(s) still in grace locally (lane harvest horizon 3849 ms): the pressur
[2026-09-07T00:56:27Z ERROR squeezefs::block_allocator] bounded allocation refusing StorageFull after 1019 ms parked with 0 offset(s) still in grace locally (lane harvest horizon 3849 ms): the pressur
[2026-09-07T00:56:27Z ERROR squeezefs::block_allocator] bounded allocation refusing StorageFull after 1025 ms parked with 0 offset(s) still in grace locally (lane harvest horizon 3854 ms): the pressur
[2026-09-07T00:56:27Z ERROR squeezefs::block_allocator] bounded allocation refusing StorageFull after 1020 ms parked with 0 offset(s) still in grace locally (lane harvest horizon 3855 ms): the pressur
[2026-09-07T00:56:27Z ERROR squeezefs::block_allocator] bounded allocation refusing StorageFull after 1009 ms parked with 0 offset(s) still in grace locally (lane harvest horizon 3855 ms): the pressur
[2026-09-07T00:56:27Z ERROR squeezefs::block_allocator] bounded allocation refusing StorageFull after 1016 ms parked with 0 offset(s) still in grace locally (lane harvest horizon 3855 ms): the pressur
[2026-09-07T00:56:27Z ERROR squeezefs::block_allocator] bounded allocation refusing StorageFull after 1035 ms parked with 0 offset(s) still in grace locally (lane harvest horizon 3861 ms): the pressur
[2026-09-07T00:56:27Z ERROR squeezefs::block_allocator] bounded allocation refusing StorageFull after 1039 ms parked with 0 offset(s) still in grace locally (lane harvest horizon 3869 ms): the pressur
[2026-09-07T00:56:27Z ERROR squeezefs::block_allocator] bounded allocation refusing StorageFull after 1047 ms parked with 0 offset(s) still in grace locally (lane harvest horizon 3869 ms): the pressur
[2026-09-07T00:56:27Z ERROR squeezefs::block_allocator] bounded allocation refusing StorageFull after 1040 ms parked with 0 offset(s) still in grace locally (lane harvest horizon 3871 ms): the pressur
[2026-09-07T00:56:27Z ERROR squeezefs::block_allocator] bounded allocation refusing StorageFull after 1050 ms parked with 0 offset(s) still in grace locally (lane harvest horizon 3871 ms): the pressur
[2026-09-07T00:56:27Z ERROR squeezefs::block_allocator] bounded allocation refusing StorageFull after 1045 ms parked with 0 offset(s) still in grace locally (lane harvest horizon 3871 ms): the pressur
[2026-09-07T00:56:27Z ERROR squeezefs::block_allocator] bounded allocation refusing StorageFull after 1043 ms parked with 0 offset(s) still in grace locally (lane harvest horizon 3871 ms): the pressur
[2026-09-07T00:56:27Z ERROR squeezefs::block_allocator] bounded allocation refusing StorageFull after 1000 ms parked with 0 offset(s) still in grace locally (lane harvest horizon 3905 ms): the pressur
[2026-09-07T00:56:27Z ERROR squeezefs::block_allocator] bounded allocation refusing StorageFull after 1010 ms parked with 0 offset(s) still in grace locally (lane harvest horizon 3905 ms): the pressur
[2026-09-07T00:56:27Z ERROR squeezefs::block_allocator] bounded allocation refusing StorageFull after 1014 ms parked with 0 offset(s) still in grace locally (lane harvest horizon 3917 ms): the pressur
[2026-09-07T00:56:27Z ERROR squeezefs::block_allocator] bounded allocation refusing StorageFull after 1014 ms parked with 0 offset(s) still in grace locally (lane harvest horizon 3918 ms): the pressur
[2026-09-07T00:56:27Z ERROR squeezefs::block_allocator] bounded allocation refusing StorageFull after 1015 ms parked with 0 offset(s) still in grace locally (lane harvest horizon 3920 ms): the pressur
[2026-09-07T00:56:27Z ERROR squeezefs::block_allocator] bounded allocation refusing StorageFull after 1002 ms parked with 0 offset(s) still in grace locally (lane harvest horizon 3970 ms): the pressur
[2026-09-07T00:56:27Z ERROR squeezefs::block_allocator] bounded allocation refusing StorageFull after 1008 ms parked with 0 offset(s) still in grace locally (lane harvest horizon 3616 ms): the pressur
[2026-09-07T00:56:27Z ERROR squeezefs::block_allocator] bounded allocation refusing StorageFull after 1015 ms parked with 0 offset(s) still in grace locally (lane harvest horizon 3616 ms): the pressur
[2026-09-07T00:56:27Z ERROR squeezefs::block_allocator] bounded allocation refusing StorageFull after 1021 ms parked with 0 offset(s) still in grace locally (lane harvest horizon 3620 ms): the pressur
[2026-09-07T00:56:27Z ERROR squeezefs::block_allocator] bounded allocation refusing StorageFull after 1023 ms parked with 0 offset(s) still in grace locally (lane harvest horizon 3623 ms): the pressur
[2026-09-07T00:56:28Z ERROR squeezefs::block_allocator] bounded allocation refusing StorageFull after 1012 ms parked with 0 offset(s) still in grace locally (lane harvest horizon 3024 ms): the pressur
[2026-09-07T00:56:28Z ERROR squeezefs::block_allocator] bounded allocation refusing StorageFull after 1013 ms parked with 0 offset(s) still in grace locally (lane harvest horizon 3025 ms): the pressur
[2026-09-07T00:56:28Z ERROR squeezefs::block_allocator] bounded allocation refusing StorageFull after 1015 ms parked with 0 offset(s) still in grace locally (lane harvest horizon 3030 ms): the pressur
[2026-09-07T00:56:28Z ERROR squeezefs::block_allocator] bounded allocation refusing StorageFull after 1044 ms parked with 0 offset(s) still in grace locally (lane harvest horizon 3279 ms): the pressur
[2026-09-07T00:56:28Z ERROR squeezefs::block_allocator] bounded allocation refusing StorageFull after 1034 ms parked with 0 offset(s) still in grace locally (lane harvest horizon 3281 ms): the pressur
[2026-09-07T00:56:28Z ERROR squeezefs::block_allocator] bounded allocation refusing StorageFull after 1032 ms parked with 0 offset(s) still in grace locally (lane harvest horizon 3281 ms): the pressur
[2026-09-07T00:56:28Z ERROR squeezefs::block_allocator] bounded allocation refusing StorageFull after 1025 ms parked with 0 offset(s) still in grace locally (lane harvest horizon 3281 ms): the pressur
[2026-09-07T00:56:28Z ERROR squeezefs::block_allocator] bounded allocation refusing StorageFull after 1035 ms parked with 0 offset(s) still in grace locally (lane harvest horizon 3288 ms): the pressur
[2026-09-07T00:56:28Z ERROR squeezefs::block_allocator] bounded allocation refusing StorageFull after 1034 ms parked with 0 offset(s) still in grace locally (lane harvest horizon 3380 ms): the pressur
[2026-09-07T00:56:28Z ERROR squeezefs::block_allocator] bounded allocation refusing StorageFull after 1034 ms parked with 0 offset(s) still in grace locally (lane harvest horizon 3380 ms): the pressur
[2026-09-07T00:56:28Z ERROR squeezefs::block_allocator] bounded allocation refusing StorageFull after 1039 ms parked with 0 offset(s) still in grace locally (lane harvest horizon 3435 ms): the pressur
[2026-09-07T00:56:28Z ERROR squeezefs::block_allocator] bounded allocation refusing StorageFull after 1020 ms parked with 0 offset(s) still in grace locally (lane harvest horizon 3477 ms): the pressur
[2026-09-07T00:56:28Z ERROR squeezefs::block_allocator] bounded allocation refusing StorageFull after 1023 ms parked with 0 offset(s) still in grace locally (lane harvest horizon 3484 ms): the pressur
[2026-09-07T00:56:28Z ERROR squeezefs::block_allocator] I/O error: data volume 'nvme3n1' full: 8185 of 8192 blocks allocated — lane 8 of 16 is exhausted while 0 free block(s) belong to lanes this moun
[2026-09-07T00:56:28Z ERROR squeezefs::block_allocator] bounded allocation refusing StorageFull after 1018 ms parked with 0 offset(s) still in grace locally (lane harvest horizon 3583 ms): the pressur
[2026-09-07T00:56:28Z ERROR squeezefs::block_allocator] bounded allocation refusing StorageFull after 1038 ms parked with 0 offset(s) still in grace locally (lane harvest horizon 3623 ms): the pressur
[2026-09-07T00:56:28Z WARN  squeezefs::routing] rewrite epoch close for ino 2 failed transiently (Io(Custom { kind: StorageFull, error: "I/O error: data volume 'nvme3n1' full: 8185 of 8192 blocks allo
[2026-09-07T00:56:28Z ERROR squeezefs::block_allocator] bounded allocation refusing StorageFull after 1005 ms parked with 0 offset(s) still in grace locally (lane harvest horizon 3626 ms): the pressur
[2026-09-07T00:56:28Z WARN  squeezefs::fuse_client] write-through failed for ino 2 block 1568 (Io(Custom { kind: StorageFull, error: "I/O error: data volume 'nvme3n1' full: 8185 of 8192 blocks allocat
[2026-09-07T00:56:28Z ERROR squeezefs::block_allocator] bounded allocation refusing StorageFull after 1040 ms parked with 0 offset(s) still in grace locally (lane harvest horizon 3631 ms): the pressur
[2026-09-07T00:56:28Z WARN  squeezefs::fuse_client] write-through failed for ino 2 block 1571 (Io(Custom { kind: StorageFull, error: "I/O error: data volume 'nvme3n1' full: 8185 of 8192 blocks allocat
[2026-09-07T00:56:28Z ERROR squeezefs::block_allocator] bounded allocation refusing StorageFull after 1041 ms parked with 0 offset(s) still in grace locally (lane harvest horizon 3631 ms): the pressur
[2026-09-07T00:56:28Z WARN  squeezefs::fuse_client] write-through failed for ino 2 block 1600 (Io(Custom { kind: StorageFull, error: "I/O error: data volume 'nvme3n1' full: 8185 of 8192 blocks allocat
[2026-09-07T00:56:28Z ERROR squeezefs::block_allocator] bounded allocation refusing StorageFull after 1044 ms parked with 0 offset(s) still in grace locally (lane harvest horizon 3674 ms): the pressur
[2026-09-07T00:56:28Z WARN  squeezefs::fuse_client] write-through failed for ino 2 block 1569 (Io(Custom { kind: StorageFull, error: "I/O error: data volume 'nvme3n1' full: 8185 of 8192 blocks allocat
[2026-09-07T00:56:28Z ERROR squeezefs::block_allocator] bounded allocation refusing StorageFull after 1031 ms parked with 0 offset(s) still in grace locally (lane harvest horizon 3675 ms): the pressur
[2026-09-07T00:56:28Z WARN  squeezefs::fuse_client] write-through failed for ino 2 block 1570 (Io(Custom { kind: StorageFull, error: "I/O error: data volume 'nvme3n1' full: 8185 of 8192 blocks allocat
[2026-09-07T00:56:28Z ERROR squeezefs::block_allocator] bounded allocation refusing StorageFull after 1047 ms parked with 0 offset(s) still in grace locally (lane harvest horizon 3676 ms): the pressur
[2026-09-07T00:56:28Z WARN  squeezefs::fuse_client] write-through failed for ino 2 block 1602 (Io(Custom { kind: StorageFull, error: "I/O error: data volume 'nvme3n1' full: 8185 of 8192 blocks allocat
[2026-09-07T00:56:28Z ERROR squeezefs::block_allocator] bounded allocation refusing StorageFull after 1036 ms parked with 0 offset(s) still in grace locally (lane harvest horizon 3679 ms): the pressur
[2026-09-07T00:56:28Z WARN  squeezefs::fuse_client] write-through failed for ino 2 block 1539 (Io(Custom { kind: StorageFull, error: "I/O error: data volume 'nvme3n1' full: 8185 of 8192 blocks allocat
[2026-09-07T00:56:28Z ERROR squeezefs::block_allocator] bounded allocation refusing StorageFull after 1049 ms parked with 0 offset(s) still in grace locally (lane harvest horizon 3678 ms): the pressur
[2026-09-07T00:56:28Z WARN  squeezefs::fuse_client] write-through failed for ino 2 block 1536 (Io(Custom { kind: StorageFull, error: "I/O error: data volume 'nvme3n1' full: 8185 of 8192 blocks allocat
[2026-09-07T00:56:28Z ERROR squeezefs::block_allocator] bounded allocation refusing StorageFull after 1034 ms parked with 0 offset(s) still in grace locally (lane harvest horizon 3682 ms): the pressur
[2026-09-07T00:56:28Z ERROR squeezefs::block_allocator] bounded allocation refusing StorageFull after 1050 ms parked with 0 offset(s) still in grace locally (lane harvest horizon 3685 ms): the pressur
[2026-09-07T00:56:28Z WARN  squeezefs::fuse_client] write-through failed for ino 2 block 1378 (Io(Custom { kind: StorageFull, error: "I/O error: data volume 'nvme3n1' full: 8185 of 8192 blocks allocat
[2026-09-07T00:56:28Z ERROR squeezefs::block_allocator] bounded allocation refusing StorageFull after 1041 ms parked with 0 offset(s) still in grace locally (lane harvest horizon 3685 ms): the pressur
[2026-09-07T00:56:28Z WARN  squeezefs::fuse_client] write-through failed for ino 2 block 1601 (Io(Custom { kind: StorageFull, error: "I/O error: data volume 'nvme3n1' full: 8185 of 8192 blocks allocat
[2026-09-07T00:56:28Z ERROR squeezefs::block_allocator] bounded allocation refusing StorageFull after 1026 ms parked with 0 offset(s) still in grace locally (lane harvest horizon 3733 ms): the pressur
[2026-09-07T00:56:28Z ERROR squeezefs::block_allocator] bounded allocation refusing StorageFull after 1027 ms parked with 0 offset(s) still in grace locally (lane harvest horizon 3736 ms): the pressur
[2026-09-07T00:56:28Z ERROR squeezefs::block_allocator] bounded allocation refusing StorageFull after 1046 ms parked with 0 offset(s) still in grace locally (lane harvest horizon 3736 ms): the pressur
[2026-09-07T00:56:28Z ERROR squeezefs::block_allocator] bounded allocation refusing StorageFull after 1050 ms parked with 0 offset(s) still in grace locally (lane harvest horizon 3777 ms): the pressur
[2026-09-07T00:56:28Z ERROR squeezefs::block_allocator] bounded allocation refusing StorageFull after 1030 ms parked with 0 offset(s) still in grace locally (lane harvest horizon 3786 ms): the pressur
[2026-09-07T00:56:28Z ERROR squeezefs::block_allocator] bounded allocation refusing StorageFull after 1042 ms parked with 0 offset(s) still in grace locally (lane harvest horizon 3787 ms): the pressur
[2026-09-07T00:56:28Z WARN  squeezefs::fuse_client] write-through failed for ino 2 block 1634 (Io(Custom { kind: StorageFull, error: "I/O error: data volume 'nvme3n1' full: 8185 of 8192 blocks allocat
[2026-09-07T00:56:28Z ERROR squeezefs::block_allocator] bounded allocation refusing StorageFull after 1044 ms parked with 0 offset(s) still in grace locally (lane harvest horizon 3825 ms): the pressur
[2026-09-07T00:56:28Z WARN  squeezefs::fuse_client] write-through failed for ino 2 block 1795 (Io(Custom { kind: StorageFull, error: "I/O error: data volume 'nvme3n1' full: 8185 of 8192 blocks allocat
[2026-09-07T00:56:28Z ERROR squeezefs::block_allocator] bounded allocation refusing StorageFull after 1040 ms parked with 0 offset(s) still in grace locally (lane harvest horizon 3825 ms): the pressur
[2026-09-07T00:56:28Z WARN  squeezefs::fuse_client] write-through failed for ino 2 block 1954 (Io(Custom { kind: StorageFull, error: "I/O error: data volume 'nvme3n1' full: 8185 of 8192 blocks allocat
[2026-09-07T00:56:28Z ERROR squeezefs::block_allocator] bounded allocation refusing StorageFull after 1029 ms parked with 0 offset(s) still in grace locally (lane harvest horizon 3838 ms): the pressur
[2026-09-07T00:56:29Z ERROR squeezefs::block_allocator] bounded allocation refusing StorageFull after 1044 ms parked with 0 offset(s) still in grace locally (lane harvest horizon 3932 ms): the pressur
[2026-09-07T00:56:29Z ERROR squeezefs::block_allocator] bounded allocation refusing StorageFull after 1050 ms parked with 0 offset(s) still in grace locally (lane harvest horizon 3938 ms): the pressur
[2026-09-07T00:56:29Z ERROR squeezefs::block_allocator] bounded allocation refusing StorageFull after 1002 ms parked with 0 offset(s) still in grace locally (lane harvest horizon 4029 ms): the pressur
[2026-09-07T00:56:29Z WARN  squeezefs::fuse_client] write-through failed for ino 2 block 1986 (Io(Custom { kind: StorageFull, error: "I/O error: data volume 'nvme3n1' full: 8185 of 8192 blocks allocat
[2026-09-07T00:56:29Z ERROR squeezefs::block_allocator] bounded allocation refusing StorageFull after 1001 ms parked with 0 offset(s) still in grace locally (lane harvest horizon 4284 ms): the pressur
[2026-09-07T00:56:29Z ERROR squeezefs::block_allocator] bounded allocation refusing StorageFull after 1004 ms parked with 0 offset(s) still in grace locally (lane harvest horizon 4286 ms): the pressur
[2026-09-07T00:56:29Z ERROR squeezefs::block_allocator] bounded allocation refusing StorageFull after 1007 ms parked with 0 offset(s) still in grace locally (lane harvest horizon 4291 ms): the pressur
[2026-09-07T00:56:29Z ERROR squeezefs::block_allocator] bounded allocation refusing StorageFull after 1011 ms parked with 0 offset(s) still in grace locally (lane harvest horizon 4291 ms): the pressur
[2026-09-07T00:56:29Z WARN  squeezefs::fuse_client] write-through failed for ino 2 block 1603 (Io(Custom { kind: StorageFull, error: "I/O error: data volume 'nvme3n1' full: 8185 of 8192 blocks allocat
[2026-09-07T00:56:29Z ERROR squeezefs::block_allocator] bounded allocation refusing StorageFull after 1006 ms parked with 0 offset(s) still in grace locally (lane harvest horizon 4290 ms): the pressur
[2026-09-07T00:56:29Z ERROR squeezefs::block_allocator] bounded allocation refusing StorageFull after 1008 ms parked with 0 offset(s) still in grace locally (lane harvest horizon 4293 ms): the pressur
[2026-09-07T00:56:29Z ERROR squeezefs::block_allocator] bounded allocation refusing StorageFull after 1008 ms parked with 0 offset(s) still in grace locally (lane harvest horizon 4293 ms): the pressur
[2026-09-07T00:56:29Z ERROR squeezefs::block_allocator] bounded allocation refusing StorageFull after 1047 ms parked with 0 offset(s) still in grace locally (lane harvest horizon 4330 ms): the pressur
[2026-09-07T00:56:29Z ERROR squeezefs::block_allocator] bounded allocation refusing StorageFull after 1024 ms parked with 0 offset(s) still in grace locally (lane harvest horizon 4311 ms): the pressur
[2026-09-07T00:56:29Z ERROR squeezefs::block_allocator] bounded allocation refusing StorageFull after 1034 ms parked with 0 offset(s) still in grace locally (lane harvest horizon 4321 ms): the pressur
[2026-09-07T00:56:29Z ERROR squeezefs::block_allocator] bounded allocation refusing StorageFull after 1046 ms parked with 0 offset(s) still in grace locally (lane harvest horizon 4357 ms): the pressur
[2026-09-07T00:56:29Z ERROR squeezefs::block_allocator] I/O error: data volume 'nvme3n1' full: 8185 of 8192 blocks allocated — lane 8 of 16 is exhausted while 0 free block(s) belong to lanes this moun
[2026-09-07T00:56:29Z ERROR squeezefs::block_allocator] bounded allocation refusing StorageFull after 1015 ms parked with 0 offset(s) still in grace locally (lane harvest horizon 4341 ms): the pressur
[2026-09-07T00:56:29Z ERROR squeezefs::block_allocator] bounded allocation refusing StorageFull after 1015 ms parked with 0 offset(s) still in grace locally (lane harvest horizon 4343 ms): the pressur
[2026-09-07T00:56:29Z ERROR squeezefs::block_allocator] bounded allocation refusing StorageFull after 1015 ms parked with 0 offset(s) still in grace locally (lane harvest horizon 4345 ms): the pressur
[2026-09-07T00:56:29Z ERROR squeezefs::block_allocator] bounded allocation refusing StorageFull after 1042 ms parked with 0 offset(s) still in grace locally (lane harvest horizon 4443 ms): the pressur
[2026-09-07T00:56:29Z ERROR squeezefs::block_allocator] bounded allocation refusing StorageFull after 1043 ms parked with 0 offset(s) still in grace locally (lane harvest horizon 4443 ms): the pressur
[2026-09-07T00:56:29Z ERROR squeezefs::block_allocator] bounded allocation refusing StorageFull after 1052 ms parked with 0 offset(s) still in grace locally (lane harvest horizon 4445 ms): the pressur
[2026-09-07T00:56:29Z ERROR squeezefs::block_allocator] bounded allocation refusing StorageFull after 1049 ms parked with 0 offset(s) still in grace locally (lane harvest horizon 4445 ms): the pressur
[2026-09-07T00:56:29Z WARN  squeezefs::fuse_client] write-through failed for ino 2 block 1507 (Io(Custom { kind: StorageFull, error: "I/O error: data volume 'nvme3n1' full: 8185 of 8192 blocks allocat
[2026-09-07T00:56:29Z ERROR squeezefs::block_allocator] bounded allocation refusing StorageFull after 1003 ms parked with 0 offset(s) still in grace locally (lane harvest horizon 4449 ms): the pressur
[2026-09-07T00:56:29Z ERROR squeezefs::block_allocator] bounded allocation refusing StorageFull after 1005 ms parked with 0 offset(s) still in grace locally (lane harvest horizon 4450 ms): the pressur
[2026-09-07T00:56:29Z ERROR squeezefs::block_allocator] bounded allocation refusing StorageFull after 1003 ms parked with 0 offset(s) still in grace locally (lane harvest horizon 4455 ms): the pressur
[2026-09-07T00:56:29Z ERROR squeezefs::block_allocator] bounded allocation refusing StorageFull after 1007 ms parked with 0 offset(s) still in grace locally (lane harvest horizon 4455 ms): the pressur
[2026-09-07T00:56:29Z ERROR squeezefs::block_allocator] bounded allocation refusing StorageFull after 1004 ms parked with 0 offset(s) still in grace locally (lane harvest horizon 4456 ms): the pressur
[2026-09-07T00:56:29Z ERROR squeezefs::block_allocator] bounded allocation refusing StorageFull after 1044 ms parked with 0 offset(s) still in grace locally (lane harvest horizon 4499 ms): the pressur
[2026-09-07T00:56:29Z ERROR squeezefs::block_allocator] bounded allocation refusing StorageFull after 1050 ms parked with 0 offset(s) still in grace locally (lane harvest horizon 4509 ms): the pressur
[2026-09-07T00:56:29Z ERROR squeezefs::block_allocator] bounded allocation refusing StorageFull after 1037 ms parked with 0 offset(s) still in grace locally (lane harvest horizon 4550 ms): the pressur
[2026-09-07T00:56:29Z ERROR squeezefs::block_allocator] bounded allocation refusing StorageFull after 1039 ms parked with 0 offset(s) still in grace locally (lane harvest horizon 4551 ms): the pressur
[2026-09-07T00:56:29Z ERROR squeezefs::block_allocator] bounded allocation refusing StorageFull after 1038 ms parked with 0 offset(s) still in grace locally (lane harvest horizon 4550 ms): the pressur
[2026-09-07T00:56:29Z ERROR squeezefs::block_allocator] bounded allocation refusing StorageFull after 1001 ms parked with 0 offset(s) still in grace locally (lane harvest horizon 4558 ms): the pressur
[2026-09-07T00:56:29Z ERROR squeezefs::block_allocator] bounded allocation refusing StorageFull after 1048 ms parked with 0 offset(s) still in grace locally (lane harvest horizon 4561 ms): the pressur
[2026-09-07T00:56:29Z ERROR squeezefs::block_allocator] bounded allocation refusing StorageFull after 1013 ms parked with 0 offset(s) still in grace locally (lane harvest horizon 4608 ms): the pressur
[2026-09-07T00:56:29Z ERROR squeezefs::block_allocator] bounded allocation refusing StorageFull after 1015 ms parked with 0 offset(s) still in grace locally (lane harvest horizon 4610 ms): the pressur
[2026-09-07T00:56:30Z ERROR squeezefs::block_allocator] bounded allocation refusing StorageFull after 1016 ms parked with 0 offset(s) still in grace locally (lane harvest horizon 4651 ms): the pressur
[2026-09-07T00:56:30Z ERROR squeezefs::block_allocator] bounded allocation refusing StorageFull after 1017 ms parked with 0 offset(s) still in grace locally (lane harvest horizon 4652 ms): the pressur
[2026-09-07T00:56:30Z ERROR squeezefs::block_allocator] bounded allocation refusing StorageFull after 1027 ms parked with 0 offset(s) still in grace locally (lane harvest horizon 4658 ms): the pressur
[2026-09-07T00:56:30Z ERROR squeezefs::block_allocator] bounded allocation refusing StorageFull after 1022 ms parked with 0 offset(s) still in grace locally (lane harvest horizon 4659 ms): the pressur
[2026-09-07T00:56:30Z ERROR squeezefs::block_allocator] bounded allocation refusing StorageFull after 1025 ms parked with 0 offset(s) still in grace locally (lane harvest horizon 4660 ms): the pressur
[2026-09-07T00:56:30Z ERROR squeezefs::block_allocator] bounded allocation refusing StorageFull after 1008 ms parked with 0 offset(s) still in grace locally (lane harvest horizon 4742 ms): the pressur
[2026-09-07T00:56:30Z ERROR squeezefs::block_allocator] bounded allocation refusing StorageFull after 1045 ms parked with 0 offset(s) still in grace locally (lane harvest horizon 4465 ms): the pressur
[2026-09-07T00:56:30Z ERROR squeezefs::block_allocator] bounded allocation refusing StorageFull after 1039 ms parked with 0 offset(s) still in grace locally (lane harvest horizon 3000 ms): the pressur
[2026-09-07T00:56:30Z ERROR squeezefs::block_allocator] bounded allocation refusing StorageFull after 1038 ms parked with 0 offset(s) still in grace locally (lane harvest horizon 3153 ms): the pressur
[2026-09-07T00:56:30Z ERROR squeezefs::block_allocator] I/O error: data volume 'nvme3n1' full: 8185 of 8192 blocks allocated — lane 8 of 16 is exhausted while 0 free block(s) belong to lanes this moun
[2026-09-07T00:56:30Z ERROR squeezefs::block_allocator] bounded allocation refusing StorageFull after 1014 ms parked with 0 offset(s) still in grace locally (lane harvest horizon 2838 ms): the pressur
[2026-09-07T00:56:30Z ERROR squeezefs::block_allocator] bounded allocation refusing StorageFull after 1015 ms parked with 0 offset(s) still in grace locally (lane harvest horizon 2839 ms): the pressur
[2026-09-07T00:56:30Z ERROR squeezefs::block_allocator] bounded allocation refusing StorageFull after 1016 ms parked with 0 offset(s) still in grace locally (lane harvest horizon 2839 ms): the pressur
[2026-09-07T00:56:30Z ERROR squeezefs::block_allocator] bounded allocation refusing StorageFull after 1017 ms parked with 0 offset(s) still in grace locally (lane harvest horizon 2840 ms): the pressur
[2026-09-07T00:56:30Z ERROR squeezefs::block_allocator] bounded allocation refusing StorageFull after 1020 ms parked with 0 offset(s) still in grace locally (lane harvest horizon 2844 ms): the pressur
[2026-09-07T00:56:30Z ERROR squeezefs::block_allocator] bounded allocation refusing StorageFull after 1021 ms parked with 0 offset(s) still in grace locally (lane harvest horizon 2844 ms): the pressur
[2026-09-07T00:56:30Z ERROR squeezefs::block_allocator] bounded allocation refusing StorageFull after 1000 ms parked with 0 offset(s) still in grace locally (lane harvest horizon 2890 ms): the pressur
[2026-09-07T00:56:30Z WARN  squeezefs::routing] rewrite epoch close for ino 2 failed transiently (Io(Custom { kind: StorageFull, error: "I/O error: data volume 'nvme3n1' full: 8185 of 8192 blocks allo
[2026-09-07T00:56:30Z ERROR squeezefs::block_allocator] bounded allocation refusing StorageFull after 1000 ms parked with 0 offset(s) still in grace locally (lane harvest horizon 2892 ms): the pressur
[2026-09-07T00:56:30Z ERROR squeezefs::block_allocator] bounded allocation refusing StorageFull after 1005 ms parked with 0 offset(s) still in grace locally (lane harvest horizon 2895 ms): the pressur
[2026-09-07T00:56:30Z WARN  squeezefs::fuse_client] write-through failed for ino 2 block 1699 (Io(Custom { kind: StorageFull, error: "I/O error: data volume 'nvme3n1' full: 8185 of 8192 blocks allocat
[2026-09-07T00:56:30Z ERROR squeezefs::block_allocator] bounded allocation refusing StorageFull after 1050 ms parked with 0 offset(s) still in grace locally (lane harvest horizon 2864 ms): the pressur
[2026-09-07T00:56:30Z ERROR squeezefs::block_allocator] bounded allocation refusing StorageFull after 1044 ms parked with 0 offset(s) still in grace locally (lane harvest horizon 2864 ms): the pressur
[2026-09-07T00:56:30Z WARN  squeezefs::fuse_client] write-through failed for ino 2 block 1827 (Io(Custom { kind: StorageFull, error: "I/O error: data volume 'nvme3n1' full: 8185 of 8192 blocks allocat
[2026-09-07T00:56:30Z WARN  squeezefs::fuse_client] write-through failed for ino 2 block 1922 (Io(Custom { kind: StorageFull, error: "I/O error: data volume 'nvme3n1' full: 8185 of 8192 blocks allocat
[2026-09-07T00:56:30Z ERROR squeezefs::block_allocator] bounded allocation refusing StorageFull after 1045 ms parked with 0 offset(s) still in grace locally (lane harvest horizon 2864 ms): the pressur
[2026-09-07T00:56:30Z WARN  squeezefs::fuse_client] write-through failed for ino 2 block 1889 (Io(Custom { kind: StorageFull, error: "I/O error: data volume 'nvme3n1' full: 8185 of 8192 blocks allocat
[2026-09-07T00:56:30Z ERROR squeezefs::block_allocator] bounded allocation refusing StorageFull after 1047 ms parked with 0 offset(s) still in grace locally (lane harvest horizon 2868 ms): the pressur
[2026-09-07T00:56:30Z WARN  squeezefs::fuse_client] write-through failed for ino 2 block 1665 (Io(Custom { kind: StorageFull, error: "I/O error: data volume 'nvme3n1' full: 8185 of 8192 blocks allocat
[2026-09-07T00:56:30Z ERROR squeezefs::block_allocator] bounded allocation refusing StorageFull after 1053 ms parked with 0 offset(s) still in grace locally (lane harvest horizon 2874 ms): the pressur
[2026-09-07T00:56:30Z ERROR squeezefs::block_allocator] bounded allocation refusing StorageFull after 1003 ms parked with 0 offset(s) still in grace locally (lane harvest horizon 2874 ms): the pressur
[2026-09-07T00:56:30Z WARN  squeezefs::fuse_client] write-through failed for ino 2 block 1635 (Io(Custom { kind: StorageFull, error: "I/O error: data volume 'nvme3n1' full: 8185 of 8192 blocks allocat
[2026-09-07T00:56:30Z ERROR squeezefs::block_allocator] bounded allocation refusing StorageFull after 1053 ms parked with 0 offset(s) still in grace locally (lane harvest horizon 2874 ms): the pressur
[2026-09-07T00:56:30Z WARN  squeezefs::fuse_client] write-through failed for ino 2 block 1891 (Io(Custom { kind: StorageFull, error: "I/O error: data volume 'nvme3n1' full: 8185 of 8192 blocks allocat
[2026-09-07T00:56:30Z WARN  squeezefs::fuse_client] write-through failed for ino 2 block 1729 (Io(Custom { kind: StorageFull, error: "I/O error: data volume 'nvme3n1' full: 8185 of 8192 blocks allocat
[2026-09-07T00:56:30Z ERROR squeezefs::block_allocator] bounded allocation refusing StorageFull after 1039 ms parked with 0 offset(s) still in grace locally (lane harvest horizon 2807 ms): the pressur
[2026-09-07T00:56:30Z WARN  squeezefs::fuse_client] write-through failed for ino 2 block 1728 (Io(Custom { kind: StorageFull, error: "I/O error: data volume 'nvme3n1' full: 8185 of 8192 blocks allocat
[2026-09-07T00:56:30Z ERROR squeezefs::block_allocator] bounded allocation refusing StorageFull after 1046 ms parked with 0 offset(s) still in grace locally (lane harvest horizon 2866 ms): the pressur
[2026-09-07T00:56:30Z WARN  squeezefs::fuse_client] write-through failed for ino 2 block 2114 (Io(Custom { kind: StorageFull, error: "I/O error: data volume 'nvme3n1' full: 8185 of 8192 blocks allocat
[2026-09-07T00:56:31Z ERROR squeezefs::block_allocator] bounded allocation refusing StorageFull after 1038 ms parked with 0 offset(s) still in grace locally (lane harvest horizon 2911 ms): the pressur
[2026-09-07T00:56:31Z WARN  squeezefs::fuse_client] write-through failed for ino 2 block 1825 (Io(Custom { kind: StorageFull, error: "I/O error: data volume 'nvme3n1' full: 8185 of 8192 blocks allocat
[2026-09-07T00:56:31Z ERROR squeezefs::block_allocator] bounded allocation refusing StorageFull after 1042 ms parked with 0 offset(s) still in grace locally (lane harvest horizon 2912 ms): the pressur
[2026-09-07T00:56:31Z WARN  squeezefs::fuse_client] write-through failed for ino 2 block 2082 (Io(Custom { kind: StorageFull, error: "I/O error: data volume 'nvme3n1' full: 8185 of 8192 blocks allocat
[2026-09-07T00:56:31Z ERROR squeezefs::block_allocator] bounded allocation refusing StorageFull after 1046 ms parked with 0 offset(s) still in grace locally (lane harvest horizon 2793 ms): the pressur
[2026-09-07T00:56:31Z ERROR squeezefs::block_allocator] bounded allocation refusing StorageFull after 1001 ms parked with 0 offset(s) still in grace locally (lane harvest horizon 2797 ms): the pressur
[2026-09-07T00:56:31Z WARN  squeezefs::fuse_client] write-through failed for ino 2 block 1826 (Io(Custom { kind: StorageFull, error: "I/O error: data volume 'nvme3n1' full: 8185 of 8192 blocks allocat
[2026-09-07T00:56:31Z ERROR squeezefs::block_allocator] bounded allocation refusing StorageFull after 1000 ms parked with 0 offset(s) still in grace locally (lane harvest horizon 2651 ms): the pressur
[2026-09-07T00:56:31Z WARN  squeezefs::fuse_client] write-through failed for ino 2 block 1793 (Io(Custom { kind: StorageFull, error: "I/O error: data volume 'nvme3n1' full: 8185 of 8192 blocks allocat
[2026-09-07T00:56:31Z ERROR squeezefs::block_allocator] I/O error: data volume 'nvme3n1' full: 8185 of 8192 blocks allocated — lane 8 of 16 is exhausted while 0 free block(s) belong to lanes this moun
[2026-09-07T00:56:31Z ERROR squeezefs::block_allocator] bounded allocation refusing StorageFull after 1048 ms parked with 0 offset(s) still in grace locally (lane harvest horizon 2994 ms): the pressur
[2026-09-07T00:56:31Z ERROR squeezefs::block_allocator] bounded allocation refusing StorageFull after 1003 ms parked with 0 offset(s) still in grace locally (lane harvest horizon 3000 ms): the pressur
[2026-09-07T00:56:31Z WARN  squeezefs::fuse_client] write-through failed for ino 2 block 1952 (Io(Custom { kind: StorageFull, error: "I/O error: data volume 'nvme3n1' full: 8185 of 8192 blocks allocat
[2026-09-07T00:56:31Z ERROR squeezefs::block_allocator] bounded allocation refusing StorageFull after 1043 ms parked with 0 offset(s) still in grace locally (lane harvest horizon 3043 ms): the pressur
[2026-09-07T00:56:31Z ERROR squeezefs::block_allocator] bounded allocation refusing StorageFull after 1001 ms parked with 0 offset(s) still in grace locally (lane harvest horizon 3049 ms): the pressur
[2026-09-07T00:56:31Z ERROR squeezefs::block_allocator] bounded allocation refusing StorageFull after 1048 ms parked with 0 offset(s) still in grace locally (lane harvest horizon 3095 ms): the pressur
[2026-09-07T00:56:31Z ERROR squeezefs::block_allocator] bounded allocation refusing StorageFull after 1001 ms parked with 0 offset(s) still in grace locally (lane harvest horizon 3099 ms): the pressur
[2026-09-07T00:56:31Z ERROR squeezefs::block_allocator] bounded allocation refusing StorageFull after 1008 ms parked with 0 offset(s) still in grace locally (lane harvest horizon 3098 ms): the pressur
[2026-09-07T00:56:31Z ERROR squeezefs::block_allocator] bounded allocation refusing StorageFull after 1046 ms parked with 0 offset(s) still in grace locally (lane harvest horizon 3100 ms): the pressur
[2026-09-07T00:56:31Z ERROR squeezefs::block_allocator] bounded allocation refusing StorageFull after 1046 ms parked with 0 offset(s) still in grace locally (lane harvest horizon 3100 ms): the pressur
[2026-09-07T00:56:31Z ERROR squeezefs::block_allocator] bounded allocation refusing StorageFull after 1039 ms parked with 0 offset(s) still in grace locally (lane harvest horizon 3041 ms): the pressur
[2026-09-07T00:56:32Z ERROR squeezefs::block_allocator] bounded allocation refusing StorageFull after 1000 ms parked with 0 offset(s) still in grace locally (lane harvest horizon 3090 ms): the pressur
[2026-09-07T00:56:32Z ERROR squeezefs::block_allocator] bounded allocation refusing StorageFull after 1049 ms parked with 0 offset(s) still in grace locally (lane harvest horizon 3094 ms): the pressur
[2026-09-07T00:56:32Z ERROR squeezefs::block_allocator] bounded allocation refusing StorageFull after 1038 ms parked with 0 offset(s) still in grace locally (lane harvest horizon 3095 ms): the pressur
[2026-09-07T00:56:32Z ERROR squeezefs::block_allocator] bounded allocation refusing StorageFull after 1047 ms parked with 0 offset(s) still in grace locally (lane harvest horizon 2959 ms): the pressur
[2026-09-07T00:56:32Z ERROR squeezefs::block_allocator] bounded allocation refusing StorageFull after 1017 ms parked with 0 offset(s) still in grace locally (lane harvest horizon 3002 ms): the pressur
[2026-09-07T00:56:32Z ERROR squeezefs::block_allocator] bounded allocation refusing StorageFull after 1039 ms parked with 0 offset(s) still in grace locally (lane harvest horizon 2959 ms): the pressur
[2026-09-07T00:56:32Z ERROR squeezefs::block_allocator] bounded allocation refusing StorageFull after 1049 ms parked with 0 offset(s) still in grace locally (lane harvest horizon 3215 ms): the pressur
[2026-09-07T00:56:32Z ERROR squeezefs::block_allocator] I/O error: data volume 'nvme3n1' full: 8185 of 8192 blocks allocated — lane 8 of 16 is exhausted while 0 free block(s) belong to lanes this moun
[2026-09-07T00:56:32Z ERROR squeezefs::block_allocator] bounded allocation refusing StorageFull after 1018 ms parked with 0 offset(s) still in grace locally (lane harvest horizon 3545 ms): the pressur
[2026-09-07T00:56:32Z ERROR squeezefs::block_allocator] bounded allocation refusing StorageFull after 1046 ms parked with 0 offset(s) still in grace locally (lane harvest horizon 3595 ms): the pressur
[2026-09-07T00:56:32Z WARN  squeezefs::fuse_client] write-through failed for ino 2 block 1762 (Io(Custom { kind: StorageFull, error: "I/O error: data volume 'nvme3n1' full: 8185 of 8192 blocks allocat
[2026-09-07T00:56:32Z ERROR squeezefs::block_allocator] bounded allocation refusing StorageFull after 1002 ms parked with 0 offset(s) still in grace locally (lane harvest horizon 3596 ms): the pressur
[2026-09-07T00:56:32Z ERROR squeezefs::block_allocator] bounded allocation refusing StorageFull after 1046 ms parked with 0 offset(s) still in grace locally (lane harvest horizon 3644 ms): the pressur
[2026-09-07T00:56:32Z WARN  squeezefs::fuse_client] write-through failed for ino 2 block 2144 (Io(Custom { kind: StorageFull, error: "I/O error: data volume 'nvme3n1' full: 8185 of 8192 blocks allocat
[2026-09-07T00:56:32Z ERROR squeezefs::block_allocator] bounded allocation refusing StorageFull after 1036 ms parked with 0 offset(s) still in grace locally (lane harvest horizon 3645 ms): the pressur
[2026-09-07T00:56:32Z ERROR squeezefs::block_allocator] bounded allocation refusing StorageFull after 1045 ms parked with 0 offset(s) still in grace locally (lane harvest horizon 3645 ms): the pressur
[2026-09-07T00:56:32Z WARN  squeezefs::fuse_client] write-through failed for ino 2 block 2274 (Io(Custom { kind: StorageFull, error: "I/O error: data volume 'nvme3n1' full: 8185 of 8192 blocks allocat
[2026-09-07T00:56:32Z ERROR squeezefs::block_allocator] bounded allocation refusing StorageFull after 1020 ms parked with 0 offset(s) still in grace locally (lane harvest horizon 3645 ms): the pressur
[2026-09-07T00:56:33Z ERROR squeezefs::block_allocator] bounded allocation refusing StorageFull after 1050 ms parked with 0 offset(s) still in grace locally (lane harvest horizon 3697 ms): the pressur
[2026-09-07T00:56:33Z WARN  squeezefs::routing] rewrite epoch close for ino 2 failed transiently (Io(Custom { kind: StorageFull, error: "I/O error: data volume 'nvme3n1' full: 8185 of 8192 blocks allo
[2026-09-07T00:56:33Z ERROR squeezefs::block_allocator] bounded allocation refusing StorageFull after 1048 ms parked with 0 offset(s) still in grace locally (lane harvest horizon 3747 ms): the pressur
[2026-09-07T00:56:33Z WARN  squeezefs::fuse_client] write-through failed for ino 2 block 2434 (Io(Custom { kind: StorageFull, error: "I/O error: data volume 'nvme3n1' full: 8185 of 8192 blocks allocat
[2026-09-07T00:56:33Z ERROR squeezefs::block_allocator] bounded allocation refusing StorageFull after 1040 ms parked with 0 offset(s) still in grace locally (lane harvest horizon 3790 ms): the pressur
[2026-09-07T00:56:33Z WARN  squeezefs::fuse_client] write-through failed for ino 2 block 2275 (Io(Custom { kind: StorageFull, error: "I/O error: data volume 'nvme3n1' full: 8185 of 8192 blocks allocat
[2026-09-07T00:56:33Z ERROR squeezefs::block_allocator] bounded allocation refusing StorageFull after 1035 ms parked with 0 offset(s) still in grace locally (lane harvest horizon 3704 ms): the pressur
[2026-09-07T00:56:33Z WARN  squeezefs::fuse_client] write-through failed for ino 2 block 2019 (Io(Custom { kind: StorageFull, error: "I/O error: data volume 'nvme3n1' full: 8185 of 8192 blocks allocat
[2026-09-07T00:57:22Z ERROR squeezefs::block_allocator] I/O error: data volume 'nvme4n1' full: 8185 of 8192 blocks allocated — lane 8 of 16 is exhausted while 0 free block(s) belong to lanes this moun
[2026-09-07T00:57:39Z ERROR squeezefs::block_allocator] I/O error: data volume 'nvme4n1' full: 8185 of 8192 blocks allocated — lane 8 of 16 is exhausted while 0 free block(s) belong to lanes this moun
[2026-09-07T00:57:40Z ERROR squeezefs::block_allocator] I/O error: data volume 'nvme4n1' full: 8185 of 8192 blocks allocated — lane 8 of 16 is exhausted while 0 free block(s) belong to lanes this moun
[2026-09-07T00:57:40Z ERROR squeezefs::block_allocator] bounded allocation refusing StorageFull after 1012 ms parked with 0 offset(s) still in grace locally (lane harvest horizon 4489 ms): the pressur
[2026-09-07T00:57:40Z ERROR squeezefs::fuse_client] FUSE Fsync failed for ino 2: Io(Custom { kind: StorageFull, error: "I/O error: data volume 'nvme4n1' full: 8185 of 8192 blocks allocated — lane 8 of
[2026-09-07T00:57:40Z ERROR squeezefs::fuse_client] Squeezefs operational error: Io(Custom { kind: StorageFull, error: "I/O error: data volume 'nvme4n1' full: 8185 of 8192 blocks allocated — lane 8 of
[2026-09-07T00:57:41Z ERROR squeezefs::block_allocator] I/O error: data volume 'nvme4n1' full: 8185 of 8192 blocks allocated — lane 8 of 16 is exhausted while 0 free block(s) belong to lanes this moun
[2026-09-07T00:57:41Z ERROR squeezefs::block_allocator] bounded allocation refusing StorageFull after 1010 ms parked with 0 offset(s) still in grace locally (lane harvest horizon 5526 ms): the pressur
[2026-09-07T00:57:41Z ERROR squeezefs::fuse_client] FUSE Fsync failed for ino 2: Io(Custom { kind: StorageFull, error: "I/O error: data volume 'nvme4n1' full: 8185 of 8192 blocks allocated — lane 8 of
[2026-09-07T00:57:41Z ERROR squeezefs::fuse_client] Squeezefs operational error: Io(Custom { kind: StorageFull, error: "I/O error: data volume 'nvme4n1' full: 8185 of 8192 blocks allocated — lane 8 of
