[mwmatrix] s11-mpiio: 8 co-writer mounts x 4 procs = 32 ranks, ONE shared file, 4 MiB-aligned block-cyclic segments (ior 4.0.0 POSIX MPMD, -G 235344195); baseline = -F file-per-proc, SAME fleet/geometry; A-B-B-A
[mwmatrix] instrument: ior 4.0.0 (sha256 510b7d4ad0f287375848121aa5a1f9842db077c1d81ad0dde738e96255298158) + mpirun (Open MPI) 4.1.5a1; substrate: tcp devsub (nvmet-tcp localhost)
[mwmatrix] self-sizer wanted 62208 MiB — CAPPED to 10240 MiB (s=80): the 10 GiB zram-budget clamp (the indirect domain COMPOSES now — the rung-20 blob-aware owner-side merge; this cap is substrate budget, not a correctness boundary). Iteration ceiling raised to 128 to preserve the sustained window.
[mwmatrix] probe: 2831.65 MiB/s aggregate -> file 10240 MiB (s=80), 21 iterations/phase (sustained window sized >=60 s + >=3 steady iterations)
[mwmatrix] phase A1 (shared): steady 3537.9 MiB/s over 65s wall (iters: 4158 3686 3769 3432.90 3714 3504.75 3507.57 3606 3585.94 3625 2950.37 4024 3406.31 3719 3581.03 3306.38 3492.07 3458.07 3535.94 3470.47 3384.17 )
[mwmatrix] phase B1 (fpp): steady 2360.6 MiB/s over 95s wall (iters: 3236.83 2364.46 2048.74 2296.33 2541.68 2393.49 2486.83 2644.38 2399.96 2407.12 2684.36 2521.45 2295.59 2389.12 2289.06 2040.43 2200.93 2109.49 2317.35 2439.78 2342.10 )
[mwmatrix] phase B2 (fpp): steady 2235.7 MiB/s over 101s wall (iters: 2285.41 2403.71 1849.06 2157.92 2430.70 2309.85 2140.17 2057.50 2237.49 2278.41 2193.62 2239.34 2003.62 2038.40 2372.58 2224.13 2353.08 2394.05 2314.18 2424.90 2291.08 )
[mwmatrix] phase A2 (shared): steady 3003.1 MiB/s over 77s wall (iters: 2502.69 3242.55 3166.75 2899.50 3053.27 2944.92 3085.04 2853.45 3205.34 3179.53 3031.59 3053.79 2881.27 2833.88 2766.92 3079.88 2824.24 3114.75 3068.89 2944.06 2833.37 )
A-B-B-A: shared 3538 / disjoint 2361 = 1.499; shared 3003 / disjoint 2236 = 1.343
S11 MPI-IO GATE: shared >= 0.8x disjoint in BOTH brackets (min 1.343)
m50: ranged acquires+extensions d=23011 publish shipped d=128227
m51: ranged acquires+extensions d=23186 publish shipped d=127464
m52: ranged acquires+extensions d=23301 publish shipped d=127482
m53: ranged acquires+extensions d=23499 publish shipped d=127819
m54: ranged acquires+extensions d=23368 publish shipped d=128635
m55: ranged acquires+extensions d=23068 publish shipped d=128149
m56: ranged acquires+extensions d=23309 publish shipped d=128077
m57: ranged acquires+extensions d=23227 publish shipped d=127787
authority: grants d=46714 cap_refusals d=0 demotions d=0 conflicts d=0 desired_trims d=339 prs d=0 ors d=0
S11 MPI-IO engagement GREEN (ranged engaged on every mount, Issue-19 column 0, zero fabricated sharing)
[mwmatrix] read-back exact: 63059 MiB/s aggregate reorder-read, zero data-check errors
[mwmatrix] s11-mpiio GREEN — the MPI-IO acceptance row (outputs + snapshots + fsck in /run/squeezefs-mwfleet/rows/s11mpiio-1788803158). Evidence tier: measured-simulated (one box, co-located members)
