
[1m== teardown 1/5: cancel deadline guard[0m

[1m== teardown 2/5: terminate instances (by tag — catches strays state missed)[0m
{
    "TerminatingInstances": [
        {
            "InstanceId": "i-000d2624ea0024b9b",
            "CurrentState": {
                "Code": 32,
                "Name": "shutting-down"
            },
            "PreviousState": {
                "Code": 16,
                "Name": "running"
            }
        },
        {
            "InstanceId": "i-0a622cc6c16116cab",
            "CurrentState": {
                "Code": 32,
                "Name": "shutting-down"
            },
            "PreviousState": {
                "Code": 16,
                "Name": "running"
            }
        },
        {
            "InstanceId": "i-011fb3a481a187bed",
            "CurrentState": {
                "Code": 32,
                "Name": "shutting-down"
            },
            "PreviousState": {
                "Code": 16,
                "Name": "running"
            }
        },
        {
            "InstanceId": "i-088aca815734efcc6",
            "CurrentState": {
                "Code": 32,
                "Name": "shutting-down"
            },
            "PreviousState": {
                "Code": 16,
                "Name": "running"
            }
        },
        {
            "InstanceId": "i-0dac87431b456d403",
            "CurrentState": {
                "Code": 32,
                "Name": "shutting-down"
            },
            "PreviousState": {
                "Code": 16,
                "Name": "running"
            }
        },
        {
            "InstanceId": "i-005a751fa60882aa6",
            "CurrentState": {
                "Code": 32,
                "Name": "shutting-down"
            },
            "PreviousState": {
                "Code": 16,
                "Name": "running"
            }
        },
        {
            "InstanceId": "i-0545496e6aa896da1",
            "CurrentState": {
                "Code": 32,
                "Name": "shutting-down"
            },
            "PreviousState": {
                "Code": 16,
                "Name": "running"
            }
        },
        {
            "InstanceId": "i-07b9ca33921740d16",
            "CurrentState": {
                "Code": 32,
                "Name": "shutting-down"
            },
            "PreviousState": {
                "Code": 16,
                "Name": "running"
            }
        },
        {
            "InstanceId": "i-0a1b15162d56c2a52",
            "CurrentState": {
                "Code": 32,
                "Name": "shutting-down"
            },
            "PreviousState": {
                "Code": 16,
                "Name": "running"
            }
        },
        {
            "InstanceId": "i-08da457bd7801764f",
            "CurrentState": {
                "Code": 32,
                "Name": "shutting-down"
            },
            "PreviousState": {
                "Code": 16,
                "Name": "running"
            }
        },
        {
            "InstanceId": "i-0de447191c77b711a",
            "CurrentState": {
                "Code": 32,
                "Name": "shutting-down"
            },
            "PreviousState": {
                "Code": 16,
                "Name": "running"
            }
        },
        {
            "InstanceId": "i-07244a84fa75421e2",
            "CurrentState": {
                "Code": 32,
                "Name": "shutting-down"
            },
            "PreviousState": {
                "Code": 16,
                "Name": "running"
            }
        },
        {
            "InstanceId": "i-0fedd558c15f1fb20",
            "CurrentState": {
                "Code": 32,
                "Name": "shutting-down"
            },
            "PreviousState": {
                "Code": 16,
                "Name": "running"
            }
        },
        {
            "InstanceId": "i-04d78305bbe145443",
            "CurrentState": {
                "Code": 32,
                "Name": "shutting-down"
            },
            "PreviousState": {
                "Code": 16,
                "Name": "running"
            }
        },
        {
            "InstanceId": "i-0b35c194e763c81a3",
            "CurrentState": {
                "Code": 32,
                "Name": "shutting-down"
            },
            "PreviousState": {
                "Code": 16,
                "Name": "running"
            }
        },
        {
            "InstanceId": "i-0a4c5ccdea4bc98d0",
            "CurrentState": {
                "Code": 32,
                "Name": "shutting-down"
            },
            "PreviousState": {
                "Code": 16,
                "Name": "running"
            }
        },
        {
            "InstanceId": "i-0ce952c0db58264fa",
            "CurrentState": {
                "Code": 32,
                "Name": "shutting-down"
            },
            "PreviousState": {
                "Code": 16,
                "Name": "running"
            }
        }
    ]
}

[1m== teardown 3/5: delete launch template[0m
{
    "LaunchTemplate": {
        "LaunchTemplateId": "lt-015ddefa2324155e6",
        "LaunchTemplateName": "sqzbench-20260930-080952",
        "CreateTime": "2026-09-30T12:09:59+00:00",
        "CreatedBy": "arn:aws:iam::356025216479:user/joberdorf",
        "DefaultVersionNumber": 1,
        "LatestVersionNumber": 1,
        "Operator": {
            "Managed": false
        }
    }
}

[1m== teardown 4/5: delete security group (retries: ENI detach lag) + placement group[0m
{
    "Return": true,
    "GroupId": "sg-07ada36dc6b1b8a78"
}

[1m== teardown 5/5: FINAL SWEEP — anything still billing tagged squeezefs-bench=sqzbench-20260930-080952?[0m
  sweep clean: nothing tagged squeezefs-bench=sqzbench-20260930-080952 remains

Cluster sqzbench-20260930-080952 torn down; nothing is billing.
