IOR-4.0.0: MPI Coordinated Test of Parallel I/O
Began               : Tue Sep  8 00:57:32 2026
Command line        : /scratch/tmp/sqz-agent/src-1.2/target/mw-ior/ior-4.0.0/src/ior -a POSIX -b 4m -t 4m -s 80 -w -e -k -E -G 770723878 -i 17 -F -o /scratch/tmp/sqz-agent/mwfleet-mnt/m50/s11-mpiio-fpp.dat
Machine             : Linux memp-s3ds-aqs-37
TestID              : 0
StartTime           : Tue Sep  8 00:57:32 2026
Path                : /scratch/tmp/sqz-agent/mwfleet-mnt/m50/s11-mpiio-fpp.dat.00000000
FS                  : 64.0 GiB   Used FS: 99.0%   Inodes: 1.0 Mi   Used Inodes: 0.0%

Options: 
api                 : POSIX
apiVersion          : 
test filename       : /scratch/tmp/sqz-agent/mwfleet-mnt/m50/s11-mpiio-fpp.dat
access              : file-per-process
type                : independent
segments            : 80
ordering in a file  : sequential
ordering inter file : no tasks offsets
nodes               : 1
tasks               : 32
clients per node    : 32
repetitions         : 17
xfersize            : 4 MiB
blocksize           : 4 MiB
aggregate filesize  : 10 GiB

Results: 
WARNING: The file "/scratch/tmp/sqz-agent/mwfleet-mnt/m56/s11-mpiio-fpp.dat.00000026" exists already and will be overwritten
WARNING: The file "/scratch/tmp/sqz-agent/mwfleet-mnt/m57/s11-mpiio-fpp.dat.00000028" exists already and will be overwritten
WARNING: The file "/scratch/tmp/sqz-agent/mwfleet-mnt/m56/s11-mpiio-fpp.dat.00000024" exists already and will be overwritten
WARNING: The file "/scratch/tmp/sqz-agent/mwfleet-mnt/m56/s11-mpiio-fpp.dat.00000025" exists already and will be overwritten
WARNING: The file "/scratch/tmp/sqz-agent/mwfleet-mnt/m56/s11-mpiio-fpp.dat.00000027" exists already and will be overwritten
WARNING: The file "/scratch/tmp/sqz-agent/mwfleet-mnt/m51/s11-mpiio-fpp.dat.00000006" exists already and will be overwritten
WARNING: The file "/scratch/tmp/sqz-agent/mwfleet-mnt/m57/s11-mpiio-fpp.dat.00000031" exists already and will be overwritten
WARNING: The file "/scratch/tmp/sqz-agent/mwfleet-mnt/m54/s11-mpiio-fpp.dat.00000016" exists already and will be overwritten
WARNING: The file "/scratch/tmp/sqz-agent/mwfleet-mnt/m54/s11-mpiio-fpp.dat.00000017" exists already and will be overwritten
WARNING: The file "/scratch/tmp/sqz-agent/mwfleet-mnt/m54/s11-mpiio-fpp.dat.00000018" exists already and will be overwritten
WARNING: The file "/scratch/tmp/sqz-agent/mwfleet-mnt/m54/s11-mpiio-fpp.dat.00000019" exists already and will be overwritten
WARNING: The file "/scratch/tmp/sqz-agent/mwfleet-mnt/m50/s11-mpiio-fpp.dat.00000001" exists already and will be overwritten
WARNING: The file "/scratch/tmp/sqz-agent/mwfleet-mnt/m55/s11-mpiio-fpp.dat.00000023" exists already and will be overwritten
WARNING: The file "/scratch/tmp/sqz-agent/mwfleet-mnt/m55/s11-mpiio-fpp.dat.00000021" exists already and will be overwritten
WARNING: The file "/scratch/tmp/sqz-agent/mwfleet-mnt/m51/s11-mpiio-fpp.dat.00000007" exists already and will be overwritten
WARNING: The file "/scratch/tmp/sqz-agent/mwfleet-mnt/m50/s11-mpiio-fpp.dat.00000000" exists already and will be overwritten

access    bw(MiB/s)  IOPS       Latency(s)  block(KiB) xfer(KiB)  open(s)    wr/rd(s)   close(s)   total(s)   iter
------    ---------  ----       ----------  ---------- ---------  --------   --------   --------   --------   ----
WARNING: The file "/scratch/tmp/sqz-agent/mwfleet-mnt/m50/s11-mpiio-fpp.dat.00000002" exists already and will be overwritten
WARNING: The file "/scratch/tmp/sqz-agent/mwfleet-mnt/m55/s11-mpiio-fpp.dat.00000022" exists already and will be overwritten
WARNING: The file "/scratch/tmp/sqz-agent/mwfleet-mnt/m52/s11-mpiio-fpp.dat.00000011" exists already and will be overwritten
WARNING: The file "/scratch/tmp/sqz-agent/mwfleet-mnt/m52/s11-mpiio-fpp.dat.00000008" exists already and will be overwritten
WARNING: The file "/scratch/tmp/sqz-agent/mwfleet-mnt/m52/s11-mpiio-fpp.dat.00000009" exists already and will be overwritten
WARNING: The file "/scratch/tmp/sqz-agent/mwfleet-mnt/m57/s11-mpiio-fpp.dat.00000030" exists already and will be overwritten
WARNING: The file "/scratch/tmp/sqz-agent/mwfleet-mnt/m53/s11-mpiio-fpp.dat.00000012" exists already and will be overwritten
WARNING: The file "/scratch/tmp/sqz-agent/mwfleet-mnt/m55/s11-mpiio-fpp.dat.00000020" exists already and will be overwritten
WARNING: The file "/scratch/tmp/sqz-agent/mwfleet-mnt/m51/s11-mpiio-fpp.dat.00000005" exists already and will be overwritten
WARNING: The file "/scratch/tmp/sqz-agent/mwfleet-mnt/m53/s11-mpiio-fpp.dat.00000014" exists already and will be overwritten
WARNING: The file "/scratch/tmp/sqz-agent/mwfleet-mnt/m57/s11-mpiio-fpp.dat.00000029" exists already and will be overwritten
WARNING: The file "/scratch/tmp/sqz-agent/mwfleet-mnt/m53/s11-mpiio-fpp.dat.00000013" exists already and will be overwritten
WARNING: The file "/scratch/tmp/sqz-agent/mwfleet-mnt/m51/s11-mpiio-fpp.dat.00000004" exists already and will be overwritten
WARNING: The file "/scratch/tmp/sqz-agent/mwfleet-mnt/m52/s11-mpiio-fpp.dat.00000010" exists already and will be overwritten
WARNING: The file "/scratch/tmp/sqz-agent/mwfleet-mnt/m53/s11-mpiio-fpp.dat.00000015" exists already and will be overwritten
WARNING: The file "/scratch/tmp/sqz-agent/mwfleet-mnt/m50/s11-mpiio-fpp.dat.00000003" exists already and will be overwritten
write     2928.56    732.90     2.27        4096       4096       0.000203   3.49       1.54       3.50       0   
write     2677.46    669.91     1.64        4096       4096       0.000228   3.82       2.18       3.82       1   
write     2226.41    556.63     3.59        4096       4096       0.000346   4.60       1.42       4.60       2   
write     2383.61    595.98     3.35        4096       4096       0.000325   4.30       1.11       4.30       3   
write     2293.21    573.45     4.33        4096       4096       0.000375   4.46       1.20       4.47       4   
write     2297.60    574.43     4.08        4096       4096       0.000807   4.46       1.10       4.46       5   
write     2384.79    596.23     3.83        4096       4096       0.000458   4.29       1.39       4.29       6   
write     2247.31    561.85     4.26        4096       4096       0.001309   4.56       1.26       4.56       7   
write     2049.33    512.56     4.82        4096       4096       0.000334   4.99       2.37       5.00       8   
write     2484.66    621.25     3.34        4096       4096       0.000297   4.12       0.878176   4.12       9   
write     2108.46    527.14     4.31        4096       4096       0.000447   4.86       1.37       4.86       10  
WARNING: fsync(98) failed
write     2246.58    561.68     2.96        4096       4096       0.001157   4.56       2.02       4.56       11  
write     2360.11    590.06     3.39        4096       4096       0.000303   4.34       1.09       4.34       12  
write     2156.62    539.18     4.24        4096       4096       0.000417   4.75       1.52       4.75       13  
write     2335.29    583.86     3.92        4096       4096       0.000237   4.38       1.44       4.38       14  
write     2420.37    605.12     3.50        4096       4096       0.000263   4.23       0.947608   4.23       15  
write     2030.26    507.78     4.23        4096       4096       0.000489   5.04       1.54       5.04       16  

Summary of all tests:
Operation   Max(MiB)   Min(MiB)  Mean(MiB)     StdDev   Max(OPs)   Min(OPs)  Mean(OPs)     StdDev    Mean(s) Stonewall(s) Stonewall(MiB) Test# #Tasks tPN reps fPP reord reordoff reordrand seed segcnt   blksiz    xsize aggs(MiB)   API RefNum
write        2928.56    2030.26    2331.21     215.92     732.14     507.56     582.80      53.98    4.42753         NA            NA     0     32  32   17   1     0        1         0    0     80  4194304  4194304   10240.0 POSIX      0
Finished            : Tue Sep  8 00:58:48 2026
