IOR-4.0.0: MPI Coordinated Test of Parallel I/O
Began               : Tue Sep  8 00:56:15 2026
Command line        : /scratch/tmp/sqz-agent/src-1.2/target/mw-ior/ior-4.0.0/src/ior -a POSIX -b 4m -t 4m -s 80 -w -e -k -E -G 770723878 -i 17 -F -o /scratch/tmp/sqz-agent/mwfleet-mnt/m50/s11-mpiio-fpp.dat
Machine             : Linux memp-s3ds-aqs-37
TestID              : 0
StartTime           : Tue Sep  8 00:56:15 2026
Path                : /scratch/tmp/sqz-agent/mwfleet-mnt/m50/s11-mpiio-fpp.dat.00000000
FS                  : 64.0 GiB   Used FS: 98.1%   Inodes: 1.0 Mi   Used Inodes: 0.0%

Options: 
api                 : POSIX
apiVersion          : 
test filename       : /scratch/tmp/sqz-agent/mwfleet-mnt/m50/s11-mpiio-fpp.dat
access              : file-per-process
type                : independent
segments            : 80
ordering in a file  : sequential
ordering inter file : no tasks offsets
nodes               : 1
tasks               : 32
clients per node    : 32
repetitions         : 17
xfersize            : 4 MiB
blocksize           : 4 MiB
aggregate filesize  : 10 GiB

Results: 

access    bw(MiB/s)  IOPS       Latency(s)  block(KiB) xfer(KiB)  open(s)    wr/rd(s)   close(s)   total(s)   iter
------    ---------  ----       ----------  ---------- ---------  --------   --------   --------   --------   ----
write     2941.27    735.74     3.14        4096       4096       0.012002   3.48       1.65       3.48       0   
write     2642.42    660.64     3.86        4096       4096       0.000420   3.88       2.35       3.88       1   
write     2499.65    625.24     3.46        4096       4096       0.000326   4.09       1.13       4.10       2   
write     2344.84    586.24     3.81        4096       4096       0.002737   4.37       1.73       4.37       3   
write     2440.27    610.10     3.85        4096       4096       0.000315   4.20       1.07       4.20       4   
write     2592.39    648.13     3.69        4096       4096       0.000248   3.95       1.19       3.95       5   
write     2374.41    593.80     3.60        4096       4096       0.005650   4.31       0.798137   4.31       6   
write     2311.11    577.80     3.89        4096       4096       0.000328   4.43       1.45       4.43       7   
write     2230.91    557.76     4.00        4096       4096       0.000288   4.59       1.70       4.59       8   
write     2390.89    598.18     3.64        4096       4096       0.000292   4.28       1.43       4.28       9   
write     2365.43    591.43     3.74        4096       4096       0.000283   4.33       1.19       4.33       10  
write     2423.24    605.85     3.03        4096       4096       0.000306   4.23       1.19       4.23       11  
write     2264.44    566.21     4.46        4096       4096       0.002194   4.52       1.35       4.52       12  
write     2288.72    572.63     3.78        4096       4096       0.000517   4.47       1.01       4.47       13  
write     2369.63    592.44     3.66        4096       4096       0.000446   4.32       1.19       4.32       14  
write     2205.03    551.28     3.68        4096       4096       0.000310   4.64       1.41       4.64       15  
write     2381.82    595.48     3.82        4096       4096       0.000469   4.30       1.18       4.30       16  

Summary of all tests:
Operation   Max(MiB)   Min(MiB)  Mean(MiB)     StdDev   Max(OPs)   Min(OPs)  Mean(OPs)     StdDev    Mean(s) Stonewall(s) Stonewall(MiB) Test# #Tasks tPN reps fPP reord reordoff reordrand seed segcnt   blksiz    xsize aggs(MiB)   API RefNum
write        2941.27    2205.03    2415.68     172.89     735.32     551.26     603.92      43.22    4.25873         NA            NA     0     32  32   17   1     0        1         0    0     80  4194304  4194304   10240.0 POSIX      0
Finished            : Tue Sep  8 00:57:28 2026
