IOR-4.0.0: MPI Coordinated Test of Parallel I/O
Began               : Mon Sep  7 18:15:48 2026
Command line        : /scratch/tmp/sqz-agent/src-1.2/target/mw-ior/ior-4.0.0/src/ior -a POSIX -b 4m -t 4m -s 80 -w -e -k -E -G 873566601 -i 22 -F -o /scratch/tmp/sqz-agent/mwfleet-mnt/m50/s11-mpiio-fpp.dat
Machine             : Linux memp-s3ds-aqs-37
TestID              : 0
StartTime           : Mon Sep  7 18:15:48 2026
Path                : /scratch/tmp/sqz-agent/mwfleet-mnt/m50/s11-mpiio-fpp.dat.00000000
FS                  : 64.0 GiB   Used FS: 99.2%   Inodes: 1.0 Mi   Used Inodes: 0.0%

Options: 
api                 : POSIX
apiVersion          : 
test filename       : /scratch/tmp/sqz-agent/mwfleet-mnt/m50/s11-mpiio-fpp.dat
access              : file-per-process
type                : independent
segments            : 80
ordering in a file  : sequential
ordering inter file : no tasks offsets
nodes               : 1
tasks               : 32
clients per node    : 32
repetitions         : 22
xfersize            : 4 MiB
blocksize           : 4 MiB
aggregate filesize  : 10 GiB

Results: 

access    bw(MiB/s)  IOPS       Latency(s)  block(KiB) xfer(KiB)  open(s)    wr/rd(s)   close(s)   total(s)   iter
------    ---------  ----       ----------  ---------- ---------  --------   --------   --------   --------   ----
write     3416.65    854.66     2.09        4096       4096       0.008980   3.00       1.60       3.00       0   
write     2554.01    638.53     3.22        4096       4096       0.000293   4.01       2.58       4.01       1   
write     2196.71    549.22     4.03        4096       4096       0.000452   4.66       3.11       4.66       2   
write     2200.79    550.22     3.35        4096       4096       0.000403   4.65       1.83       4.65       3   
write     2718.65    679.87     3.64        4096       4096       0.000284   3.77       0.803144   3.77       4   
WARNING: fsync(150) failed
write     2260.73    565.21     3.58        4096       4096       0.000261   4.53       2.03       4.53       5   
write     2485.02    621.34     4.09        4096       4096       0.000532   4.12       0.868429   4.12       6   
write     2372.22    593.47     3.96        4096       4096       0.000371   4.31       1.56       4.32       7   
write     2443.00    610.77     3.78        4096       4096       0.000357   4.19       1.61       4.19       8   
write     2201.32    550.36     3.71        4096       4096       0.000923   4.65       1.64       4.65       9   
write     2219.45    554.90     4.61        4096       4096       0.000336   4.61       1.48       4.61       10  
write     2619.18    655.07     3.90        4096       4096       0.000447   3.91       1.31       3.91       11  
write     2351.73    588.30     3.86        4096       4096       0.000310   4.35       1.56       4.35       12  
write     2406.15    601.58     3.90        4096       4096       0.000240   4.26       1.34       4.26       13  
WARNING: fsync(156) failed
write     2281.30    570.60     3.63        4096       4096       0.000325   4.49       2.22       4.49       14  
write     2447.25    611.84     2.64        4096       4096       0.000446   4.18       1.54       4.18       15  
write     2283.17    570.92     4.37        4096       4096       0.000333   4.48       1.58       4.48       16  
write     2303.37    575.89     3.72        4096       4096       0.000559   4.45       1.14       4.45       17  
write     2398.40    599.64     3.64        4096       4096       0.001182   4.27       1.02       4.27       18  
write     2304.75    576.22     3.44        4096       4096       0.000290   4.44       1.08       4.44       19  
write     2353.64    588.57     3.49        4096       4096       0.000342   4.35       1.35       4.35       20  
write     2292.19    573.08     3.59        4096       4096       0.000370   4.47       1.29       4.47       21  

Summary of all tests:
Operation   Max(MiB)   Min(MiB)  Mean(MiB)     StdDev   Max(OPs)   Min(OPs)  Mean(OPs)     StdDev    Mean(s) Stonewall(s) Stonewall(MiB) Test# #Tasks tPN reps fPP reord reordoff reordrand seed segcnt   blksiz    xsize aggs(MiB)   API RefNum
write        3416.65    2196.71    2414.08     256.67     854.16     549.18     603.52      64.17    4.28024         NA            NA     0     32  32   22   1     0        1         0    0     80  4194304  4194304   10240.0 POSIX      0
Finished            : Mon Sep  7 18:17:23 2026
