IOR-4.0.0: MPI Coordinated Test of Parallel I/O
Began               : Mon Sep  7 15:15:31 2026
Command line        : /scratch/tmp/sqz-agent/src-1.2/target/mw-ior/ior-4.0.0/src/ior -a POSIX -b 4m -t 4m -s 80 -w -e -k -E -G 1037460703 -i 21 -F -o /scratch/tmp/sqz-agent/mwfleet-mnt/m50/s11-mpiio-fpp.dat
Machine             : Linux memp-s3ds-aqs-37
TestID              : 0
StartTime           : Mon Sep  7 15:15:31 2026
Path                : /scratch/tmp/sqz-agent/mwfleet-mnt/m50/s11-mpiio-fpp.dat.00000000
FS                  : 64.0 GiB   Used FS: 98.1%   Inodes: 1.0 Mi   Used Inodes: 0.0%

Options: 
api                 : POSIX
apiVersion          : 
test filename       : /scratch/tmp/sqz-agent/mwfleet-mnt/m50/s11-mpiio-fpp.dat
access              : file-per-process
type                : independent
segments            : 80
ordering in a file  : sequential
ordering inter file : no tasks offsets
nodes               : 1
tasks               : 32
clients per node    : 32
repetitions         : 21
xfersize            : 4 MiB
blocksize           : 4 MiB
aggregate filesize  : 10 GiB

Results: 

access    bw(MiB/s)  IOPS       Latency(s)  block(KiB) xfer(KiB)  open(s)    wr/rd(s)   close(s)   total(s)   iter
------    ---------  ----       ----------  ---------- ---------  --------   --------   --------   --------   ----
write     3300.37    825.85     1.89        4096       4096       0.009631   3.10       1.75       3.10       0   
WARNING: fsync(164) failed
WARNING: fsync(143) failed
WARNING: fsync(133) failed
WARNING: fsync(148) failed
WARNING: fsync(152) failed
write     303.71     75.93      4.62        4096       4096       0.000394   33.71      32.39      33.72      1   
WARNING: fsync(152) failed
WARNING: fsync(150) failed
WARNING: fsync(150) failed
WARNING: fsync(125) failed
write     1737.26    524.01     1.90        4096       4096       0.000358   4.89       4.75       5.89       2   
WARNING: fsync(152) failed
write     1731.57    432.91     4.81        4096       4096       0.000362   5.91       1.26       5.91       3   
WARNING: fsync(152) failed
WARNING: fsync(125) failed
write     726.28     211.81     7.41        4096       4096       0.000466   12.09      7.51       14.10      4   
WARNING: fsync(152) failed
WARNING: fsync(150) failed
WARNING: fsync(150) failed
WARNING: fsync(164) failed
WARNING: fsync(125) failed
WARNING: fsync(158) failed
WARNING: fsync(87) failed
WARNING: fsync(144) failed
WARNING: fsync(148) failed
WARNING: fsync(148) failed
WARNING: fsync(139) failed
write     1368.09    395.17     1.82        4096       4096       0.000404   6.48       5.67       7.48       5   
WARNING: fsync(152) failed
WARNING: fsync(144) failed
WARNING: fsync(157) failed
WARNING: fsync(150) failed
WARNING: fsync(139) failed
write     271.60     67.90      2.80        4096       4096       0.000390   37.70      35.80      37.70      6   
WARNING: fsync(152) failed
WARNING: fsync(130) failed
WARNING: fsync(148) failed
WARNING: fsync(148) failed
write     1619.84    481.62     1.63        4096       4096       0.000366   5.32       5.27       6.32       7   
WARNING: fsync(152) failed
write     2345.05    586.54     3.38        4096       4096       0.000243   4.36       1.57       4.37       8   
WARNING: fsync(152) failed
WARNING: fsync(150) failed
WARNING: fsync(158) failed
WARNING: fsync(150) failed
WARNING: fsync(125) failed
write     670.74     200.18     9.14        4096       4096       0.000383   12.79      7.35       15.27      9   
WARNING: fsync(152) failed
write     276.20     69.05      1.72        4096       4096       0.000918   37.07      35.47      37.07      10  
WARNING: fsync(152) failed
write     2288.64    572.55     1.75        4096       4096       0.000319   4.47       3.07       4.47       11  
WARNING: fsync(176) failed
WARNING: fsync(152) failed
write     2689.91    672.53     2.36        4096       4096       0.000299   3.81       1.80       3.81       12  
WARNING: fsync(176) failed
WARNING: fsync(152) failed
write     2420.62    605.46     3.89        4096       4096       0.000299   4.23       2.05       4.23       13  
WARNING: fsync(176) failed
WARNING: fsync(152) failed
write     2433.40    608.39     4.08        4096       4096       0.000342   4.21       1.32       4.21       14  
WARNING: fsync(176) failed
WARNING: fsync(152) failed
write     2273.67    568.44     3.99        4096       4096       0.000406   4.50       1.83       4.50       15  
WARNING: fsync(152) failed
WARNING: fsync(176) failed
write     159.68     41.00      3.28        4096       4096       0.000317   62.44      61.56      64.13      16  
WARNING: fsync(152) failed
WARNING: fsync(150) failed
WARNING: fsync(125) failed
WARNING: fsync(158) failed
WARNING: fsync(150) failed
WARNING: fsync(148) failed
WARNING: fsync(133) failed
WARNING: fsync(164) failed
WARNING: fsync(176) failed
write     160.45     40.11      5.72        4096       4096       0.000391   63.82      62.33      63.82      17  
WARNING: fsync(150) failed
WARNING: fsync(158) failed
WARNING: fsync(125) failed
WARNING: fsync(150) failed
WARNING: fsync(141) failed
WARNING: fsync(152) failed
WARNING: fsync(176) failed
write     161.37     40.34      1.92        4096       4096       0.000335   63.46      61.80      63.46      18  
WARNING: fsync(152) failed
WARNING: fsync(150) failed
WARNING: fsync(150) failed
WARNING: fsync(158) failed
WARNING: fsync(125) failed
WARNING: fsync(176) failed
write     160.08     40.02      1.94        4096       4096       0.000459   63.97      62.93      63.97      19  
WARNING: fsync(150) failed
WARNING: fsync(152) failed
WARNING: fsync(125) failed
WARNING: fsync(144) failed
WARNING: fsync(87) failed
WARNING: fsync(148) failed
WARNING: fsync(176) failed
write     162.69     40.67      1.91        4096       4096       0.000353   62.94      61.86      62.94      20  

Summary of all tests:
Operation   Max(MiB)   Min(MiB)  Mean(MiB)     StdDev   Max(OPs)   Min(OPs)  Mean(OPs)     StdDev    Mean(s) Stonewall(s) Stonewall(MiB) Test# #Tasks tPN reps fPP reord reordoff reordrand seed segcnt   blksiz    xsize aggs(MiB)   API RefNum
write        3300.37     159.68    1298.15    1030.20     825.09      39.92     324.54     257.55   24.30852         NA            NA     0     32  32   21   1     0        1         0    0     80  4194304  4194304   10240.0 POSIX      0
Finished            : Mon Sep  7 15:24:02 2026
