IOR-4.0.0: MPI Coordinated Test of Parallel I/O
Began               : Thu Aug 20 03:56:08 2026
Command line        : /opt/squeezefs-bench/repo/target/mw-ior/ior-4.0.0/src/ior -a POSIX -b 4m -t 4m -s 8 -w -e -k -E -G 96878611 -i 1 -o /scratch/mnt-cw1/s11-mpiio.dat
Machine             : Linux ip-172-31-40-77
TestID              : 0
StartTime           : Thu Aug 20 03:56:08 2026
Path                : /scratch/mnt-cw1/s11-mpiio.dat
FS                  : 3.4 TiB   Used FS: 0.0%   Inodes: 1.0 Mi   Used Inodes: 0.0%

Options: 
api                 : POSIX
apiVersion          : 
test filename       : /scratch/mnt-cw1/s11-mpiio.dat
access              : single-shared-file
type                : independent
segments            : 8
ordering in a file  : sequential
ordering inter file : no tasks offsets
nodes               : 1
tasks               : 8
clients per node    : 8
repetitions         : 1
xfersize            : 4 MiB
blocksize           : 4 MiB
aggregate filesize  : 256 MiB

Results: 
WARNING: The file "/scratch/mnt-cw1/s11-mpiio.dat" exists already and will be overwritten

access    bw(MiB/s)  IOPS       Latency(s)  block(KiB) xfer(KiB)  open(s)    wr/rd(s)   close(s)   total(s)   iter
------    ---------  ----       ----------  ---------- ---------  --------   --------   --------   --------   ----
write     937.80     234.70     0.245714    4096       4096       0.000937   0.272688   0.099842   0.272978   0   

Summary of all tests:
Operation   Max(MiB)   Min(MiB)  Mean(MiB)     StdDev   Max(OPs)   Min(OPs)  Mean(OPs)     StdDev    Mean(s) Stonewall(s) Stonewall(MiB) Test# #Tasks tPN reps fPP reord reordoff reordrand seed segcnt   blksiz    xsize aggs(MiB)   API RefNum
write         937.80     937.80     937.80       0.00     234.45     234.45     234.45       0.00    0.27298         NA            NA     0      8   8    1   0     0        1         0    0      8  4194304  4194304     256.0 POSIX      0
Finished            : Thu Aug 20 03:56:08 2026
