[mwmatrix] s11-mpiio: 8 co-writer mounts x 4 procs = 32 ranks, ONE shared file, 4 MiB-aligned block-cyclic segments (ior 4.0.0 POSIX MPMD, -G 505383239); baseline = -F file-per-proc, SAME fleet/geometry; A-B-B-A
[mwmatrix] instrument: ior 4.0.0 (sha256 510b7d4ad0f287375848121aa5a1f9842db077c1d81ad0dde738e96255298158) + mpirun (Open MPI) 4.1.5a1; substrate: tcp devsub (nvmet-tcp localhost)
[mwmatrix] self-sizer wanted 68864 MiB — CAPPED to 10240 MiB (s=80): the 10 GiB zram-budget clamp (the indirect domain COMPOSES now — the rung-20 blob-aware owner-side merge; this cap is substrate budget, not a correctness boundary). Iteration ceiling raised to 128 to preserve the sustained window.
[mwmatrix] probe: 3135.94 MiB/s aggregate -> file 10240 MiB (s=80), 23 iterations/phase (sustained window sized >=60 s + >=3 steady iterations)
[mwmatrix] phase A1 (shared): steady 3528.0 MiB/s over 72s wall (iters: 4158 4244 3872 3123.42 3881 4012 3439.84 3330.18 2959.61 3497.82 3304.55 3907 3133.53 3425.91 3560.00 3489.31 3760 3538.55 3539.90 3308.26 3113.68 3506.22 3669 )
[mwmatrix] phase B1 (fpp): steady 2360.6 MiB/s over 104s wall (iters: 3500.68 2581.79 2311.98 2051.82 2208.93 2423.96 2424.06 2384.93 2106.21 2595.83 2313.41 2371.13 2528.27 2178.91 2484.72 2277.57 2611.55 2467.57 2105.13 2333.05 2471.53 2426.76 2274.62 )
[mwmatrix] phase B2 (fpp): steady 2353.7 MiB/s over 105s wall (iters: 2407.17 2775.64 2476.83 2181.11 2365.42 2187.05 2179.29 2408.45 2543.81 2374.54 2461.65 2402.90 2472.64 2341.99 2121.78 2102.39 2348.23 2288.43 2417.51 2404.93 2268.93 2380.38 2277.73 )
[mwmatrix] phase A2 (shared): steady 3034.2 MiB/s over 81s wall (iters: 4172 3094.13 3023.45 2974.25 2966.98 2936.56 2852.94 3096.17 3022.30 3368.70 2760.68 3013.46 3244.25 2977.50 2954.71 3273.32 3244.60 2832.45 3543.36 2811.62 2732.40 3217.97 2811.53 )
A-B-B-A: shared 3528 / disjoint 2361 = 1.495; shared 3034 / disjoint 2354 = 1.289
S11 MPI-IO GATE: shared >= 0.8x disjoint in BOTH brackets (min 1.289)
m50: ranged acquires+extensions d=25838 publish shipped d=139822
m51: ranged acquires+extensions d=25542 publish shipped d=139813
m52: ranged acquires+extensions d=25680 publish shipped d=139562
m53: ranged acquires+extensions d=25661 publish shipped d=140051
m54: ranged acquires+extensions d=25762 publish shipped d=139793
m55: ranged acquires+extensions d=25632 publish shipped d=139291
m56: ranged acquires+extensions d=25428 publish shipped d=139257
m57: ranged acquires+extensions d=25426 publish shipped d=140515
authority: grants d=50852 cap_refusals d=0 demotions d=0 conflicts d=0 desired_trims d=398 prs d=0 ors d=0
S11 MPI-IO engagement GREEN (ranged engaged on every mount, Issue-19 column 0, zero fabricated sharing)
[mwmatrix] read-back exact: 63768 MiB/s aggregate reorder-read, zero data-check errors
[mwmatrix] s11-mpiio GREEN — the MPI-IO acceptance row (outputs + snapshots + fsck in /run/squeezefs-mwfleet/rows/s11mpiio-1788805894). Evidence tier: measured-simulated (one box, co-located members)
