IOR-4.0.0: MPI Coordinated Test of Parallel I/O
Began               : Mon Sep  7 17:53:03 2026
Command line        : /scratch/tmp/sqz-agent/src-1.2/target/mw-ior/ior-4.0.0/src/ior -a POSIX -b 4m -t 4m -s 80 -w -e -k -E -G 150331508 -i 24 -o /scratch/tmp/sqz-agent/mwfleet-mnt/m50/s11-mpiio.dat
Machine             : Linux memp-s3ds-aqs-37
TestID              : 0
StartTime           : Mon Sep  7 17:53:03 2026
Path                : /scratch/tmp/sqz-agent/mwfleet-mnt/m50/s11-mpiio.dat
FS                  : 64.0 GiB   Used FS: 3.2%   Inodes: 1.0 Mi   Used Inodes: 0.0%

Options: 
api                 : POSIX
apiVersion          : 
test filename       : /scratch/tmp/sqz-agent/mwfleet-mnt/m50/s11-mpiio.dat
access              : single-shared-file
type                : independent
segments            : 80
ordering in a file  : sequential
ordering inter file : no tasks offsets
nodes               : 1
tasks               : 32
clients per node    : 32
repetitions         : 24
xfersize            : 4 MiB
blocksize           : 4 MiB
aggregate filesize  : 10 GiB

Results: 
WARNING: The file "/scratch/tmp/sqz-agent/mwfleet-mnt/m50/s11-mpiio.dat" exists already and will be overwritten

access    bw(MiB/s)  IOPS       Latency(s)  block(KiB) xfer(KiB)  open(s)    wr/rd(s)   close(s)   total(s)   iter
------    ---------  ----       ----------  ---------- ---------  --------   --------   --------   --------   ----
WARNING: inconsistent file size by different tasks
WARNING: Expected aggregate file size       = 10737418240
WARNING: Stat() of aggregate file size      = 10619977728
WARNING: Using actual aggregate bytes moved = 10737418240
write     3664       916.11     1.52        4096       4096       0.000786   2.79       1.36       2.79       0   
WARNING: fsync(165) failed
WARNING: fsync(163) failed
WARNING: fsync(160) failed
WARNING: fsync(170) failed
WARNING: inconsistent file size by different tasks
WARNING: Expected aggregate file size       = 10737418240
WARNING: Stat() of aggregate file size      = 10619977728
WARNING: Using actual aggregate bytes moved = 10737418240
write     4106       1026.57    1.52        4096       4096       0.000278   2.49       1.15       2.49       1   
WARNING: inconsistent file size by different tasks
WARNING: Expected aggregate file size       = 10737418240
WARNING: Stat() of aggregate file size      = 10619977728
WARNING: Using actual aggregate bytes moved = 10737418240
write     3811       953.16     1.72        4096       4096       0.000256   2.69       1.40       2.69       2   
WARNING: inconsistent file size by different tasks
WARNING: Expected aggregate file size       = 10737418240
WARNING: Stat() of aggregate file size      = 10619977728
WARNING: Using actual aggregate bytes moved = 10737418240
write     3787       947.22     2.24        4096       4096       0.000224   2.70       1.15       2.70       3   
WARNING: inconsistent file size by different tasks
WARNING: Expected aggregate file size       = 10737418240
WARNING: Stat() of aggregate file size      = 10619977728
WARNING: Using actual aggregate bytes moved = 10737418240
write     3502.16    875.74     2.07        4096       4096       0.000296   2.92       1.40       2.92       4   
WARNING: inconsistent file size by different tasks
WARNING: Expected aggregate file size       = 10737418240
WARNING: Stat() of aggregate file size      = 10619977728
WARNING: Using actual aggregate bytes moved = 10737418240
write     3574.11    893.58     2.57        4096       4096       0.000305   2.86       1.15       2.87       5   
WARNING: fsync(170) failed
WARNING: fsync(160) failed
WARNING: fsync(165) failed
WARNING: fsync(163) failed
WARNING: inconsistent file size by different tasks
WARNING: Expected aggregate file size       = 10737418240
WARNING: Stat() of aggregate file size      = 10619977728
WARNING: Using actual aggregate bytes moved = 10737418240
write     3353.67    838.52     1.90        4096       4096       0.000246   3.05       1.25       3.05       6   
WARNING: inconsistent file size by different tasks
WARNING: Expected aggregate file size       = 10737418240
WARNING: Stat() of aggregate file size      = 10619977728
WARNING: Using actual aggregate bytes moved = 10737418240
write     3290.09    822.57     2.22        4096       4096       0.000192   3.11       1.13       3.11       7   
WARNING: fsync(164) failed
WARNING: fsync(151) failed
WARNING: fsync(167) failed
WARNING: fsync(141) failed
WARNING: inconsistent file size by different tasks
WARNING: Expected aggregate file size       = 10737418240
WARNING: Stat() of aggregate file size      = 10619977728
WARNING: Using actual aggregate bytes moved = 10737418240
write     3651       912.88     2.27        4096       4096       0.000200   2.80       1.20       2.80       8   
WARNING: fsync(164) failed
WARNING: fsync(141) failed
WARNING: fsync(167) failed
WARNING: fsync(151) failed
WARNING: inconsistent file size by different tasks
WARNING: Expected aggregate file size       = 10737418240
WARNING: Stat() of aggregate file size      = 10619977728
WARNING: Using actual aggregate bytes moved = 10737418240
write     3440.21    860.51     2.54        4096       4096       0.000260   2.97       1.21       2.98       9   
WARNING: inconsistent file size by different tasks
WARNING: Expected aggregate file size       = 10737418240
WARNING: Stat() of aggregate file size      = 10619977728
WARNING: Using actual aggregate bytes moved = 10737418240
write     3289.71    822.57     2.54        4096       4096       0.000218   3.11       1.22       3.11       10  
WARNING: inconsistent file size by different tasks
WARNING: Expected aggregate file size       = 10737418240
WARNING: Stat() of aggregate file size      = 10619977728
WARNING: Using actual aggregate bytes moved = 10737418240
write     3260.28    815.13     2.83        4096       4096       0.000232   3.14       1.09       3.14       11  
WARNING: inconsistent file size by different tasks
WARNING: Expected aggregate file size       = 10737418240
WARNING: Stat() of aggregate file size      = 10619977728
WARNING: Using actual aggregate bytes moved = 10737418240
write     3327.59    831.95     1.92        4096       4096       0.000299   3.08       1.19       3.08       12  
WARNING: fsync(155) failed
WARNING: fsync(111) failed
WARNING: fsync(177) failed
WARNING: fsync(170) failed
WARNING: inconsistent file size by different tasks
WARNING: Expected aggregate file size       = 10737418240
WARNING: Stat() of aggregate file size      = 10619977728
WARNING: Using actual aggregate bytes moved = 10737418240
write     3478.95    869.80     1.78        4096       4096       0.000279   2.94       1.16       2.94       13  
WARNING: inconsistent file size by different tasks
WARNING: Expected aggregate file size       = 10737418240
WARNING: Stat() of aggregate file size      = 10619977728
WARNING: Using actual aggregate bytes moved = 10737418240
write     3802       950.67     2.59        4096       4096       0.000231   2.69       0.848860   2.69       14  
WARNING: inconsistent file size by different tasks
WARNING: Expected aggregate file size       = 10737418240
WARNING: Stat() of aggregate file size      = 10619977728
WARNING: Using actual aggregate bytes moved = 10737418240
write     3371.04    842.81     2.95        4096       4096       0.000408   3.04       1.27       3.04       15  
WARNING: inconsistent file size by different tasks
WARNING: Expected aggregate file size       = 10737418240
WARNING: Stat() of aggregate file size      = 10619977728
WARNING: Using actual aggregate bytes moved = 10737418240
write     3655       914.09     2.53        4096       4096       0.000312   2.80       1.03       2.80       16  
WARNING: inconsistent file size by different tasks
WARNING: Expected aggregate file size       = 10737418240
WARNING: Stat() of aggregate file size      = 10619977728
WARNING: Using actual aggregate bytes moved = 10737418240
write     3410.24    852.71     2.51        4096       4096       0.000223   3.00       1.13       3.00       17  
WARNING: inconsistent file size by different tasks
WARNING: Expected aggregate file size       = 10737418240
WARNING: Stat() of aggregate file size      = 10619977728
WARNING: Using actual aggregate bytes moved = 10737418240
write     3085.07    771.30     2.87        4096       4096       0.000261   3.32       1.18       3.32       18  
WARNING: fsync(177) failed
WARNING: fsync(151) failed
WARNING: fsync(146) failed
WARNING: fsync(148) failed
WARNING: inconsistent file size by different tasks
WARNING: Expected aggregate file size       = 10737418240
WARNING: Stat() of aggregate file size      = 10619977728
WARNING: Using actual aggregate bytes moved = 10737418240
write     3487.81    938.14     2.17        4096       4096       0.000287   2.73       1.28       2.94       19  
WARNING: inconsistent file size by different tasks
WARNING: Expected aggregate file size       = 10737418240
WARNING: Stat() of aggregate file size      = 10619977728
WARNING: Using actual aggregate bytes moved = 10737418240
write     3157.68    789.94     2.31        4096       4096       0.000266   3.24       1.31       3.24       20  
WARNING: fsync(151) failed
WARNING: fsync(164) failed
WARNING: fsync(141) failed
WARNING: fsync(167) failed
WARNING: inconsistent file size by different tasks
WARNING: Expected aggregate file size       = 10737418240
WARNING: Stat() of aggregate file size      = 10619977728
WARNING: Using actual aggregate bytes moved = 10737418240
write     3616       904.10     2.02        4096       4096       0.000304   2.83       1.48       2.83       21  
WARNING: inconsistent file size by different tasks
WARNING: Expected aggregate file size       = 10737418240
WARNING: Stat() of aggregate file size      = 10619977728
WARNING: Using actual aggregate bytes moved = 10737418240
write     3442.81    860.76     2.82        4096       4096       0.000323   2.97       0.858729   2.97       22  
WARNING: fsync(154) failed
WARNING: fsync(162) failed
WARNING: fsync(71) failed
WARNING: fsync(149) failed
WARNING: inconsistent file size by different tasks
WARNING: Expected aggregate file size       = 10737418240
WARNING: Stat() of aggregate file size      = 10619977728
WARNING: Using actual aggregate bytes moved = 10737418240
write     3478.90    869.79     2.13        4096       4096       0.000313   2.94       1.46       2.94       23  

Summary of all tests:
Operation   Max(MiB)   Min(MiB)  Mean(MiB)     StdDev   Max(OPs)   Min(OPs)  Mean(OPs)     StdDev    Mean(s) Stonewall(s) Stonewall(MiB) Test# #Tasks tPN reps fPP reord reordoff reordrand seed segcnt   blksiz    xsize aggs(MiB)   API RefNum
write        4106.03    3085.07    3501.81     228.17    1026.51     771.27     875.45      57.04    2.93634         NA            NA     0     32  32   24   0     0        1         0    0     80  4194304  4194304   10240.0 POSIX      0
Finished            : Mon Sep  7 17:54:14 2026
