IOR-4.0.0: MPI Coordinated Test of Parallel I/O
Began               : Mon Sep  7 17:56:40 2026
Command line        : /scratch/tmp/sqz-agent/src-1.2/target/mw-ior/ior-4.0.0/src/ior -a POSIX -b 4m -t 4m -s 80 -w -e -k -E -G 150331508 -i 24 -F -o /scratch/tmp/sqz-agent/mwfleet-mnt/m50/s11-mpiio-fpp.dat
Machine             : Linux memp-s3ds-aqs-37
TestID              : 0
StartTime           : Mon Sep  7 17:56:40 2026
Path                : /scratch/tmp/sqz-agent/mwfleet-mnt/m50/s11-mpiio-fpp.dat.00000000
FS                  : 64.0 GiB   Used FS: 98.7%   Inodes: 1.0 Mi   Used Inodes: 0.0%

Options: 
api                 : POSIX
apiVersion          : 
test filename       : /scratch/tmp/sqz-agent/mwfleet-mnt/m50/s11-mpiio-fpp.dat
access              : file-per-process
type                : independent
segments            : 80
ordering in a file  : sequential
ordering inter file : no tasks offsets
nodes               : 1
tasks               : 32
clients per node    : 32
repetitions         : 24
xfersize            : 4 MiB
blocksize           : 4 MiB
aggregate filesize  : 10 GiB

Results: 
WARNING: The file "/scratch/tmp/sqz-agent/mwfleet-mnt/m50/s11-mpiio-fpp.dat.00000003" exists already and will be overwritten
WARNING: The file "/scratch/tmp/sqz-agent/mwfleet-mnt/m53/s11-mpiio-fpp.dat.00000012" exists already and will be overwritten
WARNING: The file "/scratch/tmp/sqz-agent/mwfleet-mnt/m54/s11-mpiio-fpp.dat.00000018" exists already and will be overwritten
WARNING: The file "/scratch/tmp/sqz-agent/mwfleet-mnt/m52/s11-mpiio-fpp.dat.00000011" exists already and will be overwritten
WARNING: The file "/scratch/tmp/sqz-agent/mwfleet-mnt/m56/s11-mpiio-fpp.dat.00000027" exists already and will be overwritten
WARNING: The file "/scratch/tmp/sqz-agent/mwfleet-mnt/m51/s11-mpiio-fpp.dat.00000007" exists already and will be overwritten
WARNING: The file "/scratch/tmp/sqz-agent/mwfleet-mnt/m56/s11-mpiio-fpp.dat.00000025" exists already and will be overwritten
WARNING: The file "/scratch/tmp/sqz-agent/mwfleet-mnt/m55/s11-mpiio-fpp.dat.00000020" exists already and will be overwritten
WARNING: The file "/scratch/tmp/sqz-agent/mwfleet-mnt/m51/s11-mpiio-fpp.dat.00000005" exists already and will be overwritten
WARNING: The file "/scratch/tmp/sqz-agent/mwfleet-mnt/m55/s11-mpiio-fpp.dat.00000022" exists already and will be overwritten
WARNING: The file "/scratch/tmp/sqz-agent/mwfleet-mnt/m57/s11-mpiio-fpp.dat.00000030" exists already and will be overwritten
WARNING: The file "/scratch/tmp/sqz-agent/mwfleet-mnt/m57/s11-mpiio-fpp.dat.00000028" exists already and will be overwritten
WARNING: The file "/scratch/tmp/sqz-agent/mwfleet-mnt/m50/s11-mpiio-fpp.dat.00000001" exists already and will be overwritten
WARNING: The file "/scratch/tmp/sqz-agent/mwfleet-mnt/m50/s11-mpiio-fpp.dat.00000002" exists already and will be overwritten
WARNING: The file "/scratch/tmp/sqz-agent/mwfleet-mnt/m57/s11-mpiio-fpp.dat.00000031" exists already and will be overwritten
WARNING: The file "/scratch/tmp/sqz-agent/mwfleet-mnt/m57/s11-mpiio-fpp.dat.00000029" exists already and will be overwritten
WARNING: The file "/scratch/tmp/sqz-agent/mwfleet-mnt/m52/s11-mpiio-fpp.dat.00000008" exists already and will be overwritten
WARNING: The file "/scratch/tmp/sqz-agent/mwfleet-mnt/m52/s11-mpiio-fpp.dat.00000009" exists already and will be overwritten
WARNING: The file "/scratch/tmp/sqz-agent/mwfleet-mnt/m51/s11-mpiio-fpp.dat.00000006" exists already and will be overwritten
WARNING: The file "/scratch/tmp/sqz-agent/mwfleet-mnt/m51/s11-mpiio-fpp.dat.00000004" exists already and will be overwritten
WARNING: The file "/scratch/tmp/sqz-agent/mwfleet-mnt/m55/s11-mpiio-fpp.dat.00000021" exists already and will be overwritten
WARNING: The file "/scratch/tmp/sqz-agent/mwfleet-mnt/m55/s11-mpiio-fpp.dat.00000023" exists already and will be overwritten
WARNING: The file "/scratch/tmp/sqz-agent/mwfleet-mnt/m56/s11-mpiio-fpp.dat.00000024" exists already and will be overwritten
WARNING: The file "/scratch/tmp/sqz-agent/mwfleet-mnt/m56/s11-mpiio-fpp.dat.00000026" exists already and will be overwritten
WARNING: The file "/scratch/tmp/sqz-agent/mwfleet-mnt/m52/s11-mpiio-fpp.dat.00000010" exists already and will be overwritten
WARNING: The file "/scratch/tmp/sqz-agent/mwfleet-mnt/m53/s11-mpiio-fpp.dat.00000015" exists already and will be overwritten
WARNING: The file "/scratch/tmp/sqz-agent/mwfleet-mnt/m53/s11-mpiio-fpp.dat.00000014" exists already and will be overwritten
WARNING: The file "/scratch/tmp/sqz-agent/mwfleet-mnt/m53/s11-mpiio-fpp.dat.00000013" exists already and will be overwritten
WARNING: The file "/scratch/tmp/sqz-agent/mwfleet-mnt/m50/s11-mpiio-fpp.dat.00000000" exists already and will be overwritten

access    bw(MiB/s)  IOPS       Latency(s)  block(KiB) xfer(KiB)  open(s)    wr/rd(s)   close(s)   total(s)   iter
------    ---------  ----       ----------  ---------- ---------  --------   --------   --------   --------   ----
WARNING: The file "/scratch/tmp/sqz-agent/mwfleet-mnt/m54/s11-mpiio-fpp.dat.00000016" exists already and will be overwritten
WARNING: The file "/scratch/tmp/sqz-agent/mwfleet-mnt/m54/s11-mpiio-fpp.dat.00000017" exists already and will be overwritten
WARNING: The file "/scratch/tmp/sqz-agent/mwfleet-mnt/m54/s11-mpiio-fpp.dat.00000019" exists already and will be overwritten
WARNING: fsync(66) failed
write     2209.58    552.67     3.15        4096       4096       0.000252   4.63       2.77       4.63       0   
WARNING: fsync(122) failed
WARNING: fsync(157) failed
WARNING: fsync(66) failed
WARNING: fsync(49) failed
write     1847.56    496.82     4.97        4096       4096       0.002220   5.15       3.80       5.54       1   
WARNING: fsync(125) failed
WARNING: fsync(135) failed
WARNING: fsync(149) failed
WARNING: fsync(169) failed
WARNING: fsync(49) failed
WARNING: fsync(157) failed
WARNING: fsync(66) failed
WARNING: fsync(122) failed
WARNING: fsync(147) failed
WARNING: fsync(154) failed
WARNING: fsync(149) failed
WARNING: fsync(144) failed
write     1596.20    461.94     5.40        4096       4096       0.000976   5.54       4.23       6.42       2   
WARNING: fsync(162) failed
WARNING: fsync(144) failed
WARNING: fsync(149) failed
WARNING: fsync(154) failed
WARNING: fsync(147) failed
WARNING: fsync(156) failed
WARNING: fsync(146) failed
WARNING: fsync(149) failed
WARNING: fsync(153) failed
write     1758.61    497.58     2.47        4096       4096       0.000681   5.14       4.10       5.82       3   
WARNING: fsync(146) failed
WARNING: fsync(176) failed
WARNING: fsync(64) failed
WARNING: fsync(154) failed
WARNING: fsync(147) failed
WARNING: fsync(149) failed
WARNING: fsync(170) failed
WARNING: fsync(125) failed
WARNING: fsync(135) failed
WARNING: fsync(149) failed
WARNING: fsync(169) failed
WARNING: fsync(146) failed
WARNING: fsync(154) failed
WARNING: fsync(162) failed
write     1732.69    511.88     2.42        4096       4096       0.004625   5.00       3.85       5.91       4   
WARNING: fsync(149) failed
WARNING: fsync(149) failed
WARNING: fsync(80) failed
WARNING: fsync(64) failed
WARNING: fsync(170) failed
WARNING: fsync(125) failed
WARNING: fsync(152) failed
WARNING: fsync(169) failed
WARNING: fsync(135) failed
WARNING: fsync(149) failed
WARNING: fsync(146) failed
WARNING: fsync(153) failed
WARNING: fsync(157) failed
WARNING: fsync(122) failed
WARNING: fsync(66) failed
WARNING: fsync(157) failed
WARNING: fsync(157) failed
WARNING: fsync(67) failed
WARNING: fsync(131) failed
write     1598.53    475.66     5.16        4096       4096       0.003104   5.38       4.43       6.41       5   
write     2096.26    524.10     4.29        4096       4096       0.000275   4.88       3.87       4.88       6   
WARNING: fsync(152) failed
write     2070.78    517.90     4.19        4096       4096       0.000361   4.94       3.08       4.95       7   
WARNING: fsync(131) failed
WARNING: fsync(157) failed
WARNING: fsync(154) failed
WARNING: fsync(170) failed
WARNING: fsync(156) failed
WARNING: fsync(146) failed
WARNING: fsync(61) failed
WARNING: fsync(154) failed
WARNING: fsync(162) failed
WARNING: fsync(176) failed
WARNING: fsync(149) failed
WARNING: fsync(169) failed
write     1724.59    476.08     4.65        4096       4096       0.000380   5.38       3.25       5.94       8   
WARNING: fsync(170) failed
write     1742.12    435.59     4.80        4096       4096       0.000615   5.88       3.29       5.88       9   
WARNING: fsync(135) failed
WARNING: fsync(176) failed
WARNING: fsync(157) failed
WARNING: fsync(157) failed
WARNING: fsync(131) failed
WARNING: fsync(147) failed
WARNING: fsync(154) failed
WARNING: fsync(146) failed
WARNING: fsync(61) failed
WARNING: fsync(162) failed
WARNING: fsync(144) failed
WARNING: fsync(154) failed
WARNING: fsync(149) failed
WARNING: fsync(169) failed
WARNING: fsync(145) failed
WARNING: fsync(80) failed
WARNING: fsync(151) failed
write     1708.58    471.79     5.22        4096       4096       0.000271   5.43       3.30       5.99       10  
WARNING: fsync(153) failed
WARNING: fsync(157) failed
WARNING: fsync(162) failed
WARNING: fsync(149) failed
WARNING: fsync(146) failed
WARNING: fsync(61) failed
WARNING: fsync(154) failed
WARNING: fsync(152) failed
WARNING: fsync(64) failed
WARNING: fsync(170) failed
WARNING: fsync(125) failed
WARNING: fsync(144) failed
WARNING: fsync(147) failed
WARNING: fsync(149) failed
WARNING: fsync(154) failed
write     1560.29    454.91     4.67        4096       4096       0.003400   5.63       2.81       6.56       11  
write     1953.24    488.34     2.12        4096       4096       0.000408   5.24       3.22       5.24       12  
WARNING: fsync(145) failed
WARNING: fsync(67) failed
WARNING: fsync(125) failed
WARNING: fsync(135) failed
WARNING: fsync(169) failed
WARNING: fsync(149) failed
WARNING: fsync(152) failed
WARNING: fsync(170) failed
WARNING: fsync(64) failed
write     1633.61    476.32     2.48        4096       4096       0.000279   5.37       4.18       6.27       13  
WARNING: fsync(66) failed
write     1858.62    464.67     3.73        4096       4096       0.000713   5.51       3.62       5.51       14  
WARNING: fsync(154) failed
WARNING: fsync(157) failed
WARNING: fsync(131) failed
WARNING: fsync(157) failed
WARNING: fsync(149) failed
WARNING: fsync(144) failed
WARNING: fsync(67) failed
WARNING: fsync(147) failed
write     1827.41    484.41     5.28        4096       4096       0.000304   5.28       3.27       5.60       15  
WARNING: fsync(146) failed
WARNING: fsync(66) failed
WARNING: fsync(157) failed
WARNING: fsync(170) failed
WARNING: fsync(152) failed
WARNING: fsync(64) failed
WARNING: fsync(125) failed
WARNING: fsync(135) failed
WARNING: fsync(176) failed
WARNING: fsync(169) failed
WARNING: fsync(149) failed
WARNING: fsync(144) failed
WARNING: fsync(149) failed
WARNING: fsync(147) failed
WARNING: fsync(154) failed
WARNING: fsync(132) failed
WARNING: fsync(154) failed
WARNING: fsync(162) failed
WARNING: fsync(61) failed
WARNING: fsync(49) failed
WARNING: fsync(80) failed
WARNING: fsync(151) failed
write     1605.99    503.99     3.80        4096       4096       0.000362   5.08       4.38       6.38       16  
WARNING: fsync(162) failed
WARNING: fsync(170) failed
WARNING: fsync(149) failed
WARNING: fsync(145) failed
WARNING: fsync(80) failed
write     1804.31    459.32     5.55        4096       4096       0.002372   5.57       3.31       5.68       17  
WARNING: fsync(49) failed
WARNING: fsync(162) failed
WARNING: fsync(66) failed
WARNING: fsync(61) failed
WARNING: fsync(146) failed
WARNING: fsync(154) failed
WARNING: fsync(157) failed
WARNING: fsync(122) failed
WARNING: fsync(144) failed
WARNING: fsync(149) failed
WARNING: fsync(147) failed
WARNING: fsync(154) failed
write     1677.70    491.31     4.98        4096       4096       0.000317   5.21       3.85       6.10       18  
WARNING: fsync(149) failed
WARNING: fsync(157) failed
WARNING: fsync(67) failed
WARNING: fsync(146) failed
WARNING: fsync(61) failed
WARNING: fsync(149) failed
WARNING: fsync(156) failed
WARNING: fsync(153) failed
WARNING: fsync(154) failed
WARNING: fsync(162) failed
WARNING: fsync(146) failed
WARNING: fsync(154) failed
WARNING: fsync(147) failed
WARNING: fsync(144) failed
write     1659.77    460.51     4.85        4096       4096       0.000538   5.56       3.53       6.17       19  
WARNING: fsync(162) failed
WARNING: fsync(154) failed
WARNING: fsync(146) failed
WARNING: fsync(61) failed
write     1794.39    448.77     5.51        4096       4096       0.001758   5.70       3.16       5.71       20  
WARNING: fsync(149) failed
WARNING: fsync(169) failed
WARNING: fsync(135) failed
WARNING: fsync(149) failed
WARNING: fsync(146) failed
write     1816.35    454.11     4.79        4096       4096       0.000248   5.64       2.96       5.64       21  
WARNING: fsync(157) failed
WARNING: fsync(125) failed
write     1697.97    424.51     4.73        4096       4096       0.000391   6.03       3.23       6.03       22  
WARNING: fsync(132) failed
WARNING: fsync(49) failed
WARNING: fsync(146) failed
WARNING: fsync(64) failed
WARNING: fsync(152) failed
WARNING: fsync(125) failed
WARNING: fsync(170) failed
write     1610.01    432.69     5.61        4096       4096       0.000425   5.92       3.92       6.36       23  

Summary of all tests:
Operation   Max(MiB)   Min(MiB)  Mean(MiB)     StdDev   Max(OPs)   Min(OPs)  Mean(OPs)     StdDev    Mean(s) Stonewall(s) Stonewall(MiB) Test# #Tasks tPN reps fPP reord reordoff reordrand seed segcnt   blksiz    xsize aggs(MiB)   API RefNum
write        2209.58    1560.29    1774.38     164.95     552.40     390.07     443.60      41.24    5.81733         NA            NA     0     32  32   24   1     0        1         0    0     80  4194304  4194304   10240.0 POSIX      0
Finished            : Mon Sep  7 17:59:01 2026
