IOR-4.0.0: MPI Coordinated Test of Parallel I/O
Began               : Mon Sep  7 18:12:07 2026
Command line        : /scratch/tmp/sqz-agent/src-1.2/target/mw-ior/ior-4.0.0/src/ior -a POSIX -b 4m -t 4m -s 51 -w -e -k -E -G 545392633 -i 5 -F -o /scratch/tmp/sqz-agent/mwfleet-mnt/m50/s11-mpiio-fpp.dat
Machine             : Linux memp-s3ds-aqs-37
TestID              : 0
StartTime           : Mon Sep  7 18:12:07 2026
Path                : /scratch/tmp/sqz-agent/mwfleet-mnt/m50/s11-mpiio-fpp.dat.00000000
FS                  : 64.0 GiB   Used FS: 77.3%   Inodes: 1.0 Mi   Used Inodes: 0.0%

Options: 
api                 : POSIX
apiVersion          : 
test filename       : /scratch/tmp/sqz-agent/mwfleet-mnt/m50/s11-mpiio-fpp.dat
access              : file-per-process
type                : independent
segments            : 51
ordering in a file  : sequential
ordering inter file : no tasks offsets
nodes               : 1
tasks               : 32
clients per node    : 32
repetitions         : 5
xfersize            : 4 MiB
blocksize           : 4 MiB
aggregate filesize  : 6.38 GiB

Results: 

access    bw(MiB/s)  IOPS       Latency(s)  block(KiB) xfer(KiB)  open(s)    wr/rd(s)   close(s)   total(s)   iter
------    ---------  ----       ----------  ---------- ---------  --------   --------   --------   --------   ----
write     3643       911.71     1.27        4096       4096       0.007631   1.79       1.25       1.79       0   
write     3572.91    893.31     1.14        4096       4096       0.001643   1.83       1.34       1.83       1   
write     2976.75    744.30     1.36        4096       4096       0.000342   2.19       1.73       2.19       2   
WARNING: fsync(79) failed
write     189.40     47.35      4.08        4096       4096       0.000352   34.47      33.90      34.47      3   
write     3222.92    805.85     1.21        4096       4096       0.000301   2.03       1.22       2.03       4   

Summary of all tests:
Operation   Max(MiB)   Min(MiB)  Mean(MiB)     StdDev   Max(OPs)   Min(OPs)  Mean(OPs)     StdDev    Mean(s) Stonewall(s) Stonewall(MiB) Test# #Tasks tPN reps fPP reord reordoff reordrand seed segcnt   blksiz    xsize aggs(MiB)   API RefNum
write        3643.28     189.40    2721.05    1288.62     910.82      47.35     680.26     322.15    8.46096         NA            NA     0     32  32    5   1     0        1         0    0     51  4194304  4194304    6528.0 POSIX      0
Finished            : Mon Sep  7 18:12:49 2026
