[mwmatrix] s11-mpiio: 8 co-writer mounts x 4 procs = 32 ranks, ONE shared file, 4 MiB-aligned block-cyclic segments (ior 4.0.0 POSIX MPMD, -G 545392633); baseline = -F file-per-proc, SAME fleet/geometry; A-B-B-A
[mwmatrix] instrument: ior 4.0.0 (sha256 510b7d4ad0f287375848121aa5a1f9842db077c1d81ad0dde738e96255298158) + mpirun (Open MPI) 4.1.5a1; substrate: tcp devsub (nvmet-tcp localhost)
[mwmatrix] probe: 299.09 MiB/s aggregate -> file 6528 MiB (s=51), 5 iterations/phase (sustained window sized >=60 s + >=3 steady iterations)
[mwmatrix] phase A1 (shared): steady 4015.5 MiB/s over 12s wall (iters: 4167 3463.82 4394 4494 3710 )
[mwmatrix] phase B1 (fpp): steady 2490.5 MiB/s over 46s wall (iters: 3643 3572.91 2976.75 189.40 3222.92 )
[mwmatrix] phase B2 (fpp): steady 3153.9 MiB/s over 15s wall (iters: 3398.79 3169.08 3421.59 3104.71 2920.26 )
[mwmatrix] phase A2 (shared): steady 3791.3 MiB/s over 13s wall (iters: 2543.86 4387 4072 3069.35 3637 )
A-B-B-A: shared 4016 / disjoint 2490 = 1.612; shared 3791 / disjoint 3154 = 1.202
S11 MPI-IO GATE: shared >= 0.8x disjoint in BOTH brackets (min 1.202)
m50: ranged acquires+extensions d=3448 publish shipped d=18223
m51: ranged acquires+extensions d=3398 publish shipped d=18319
m52: ranged acquires+extensions d=3477 publish shipped d=18271
m53: ranged acquires+extensions d=3339 publish shipped d=18514
m54: ranged acquires+extensions d=3391 publish shipped d=18501
m55: ranged acquires+extensions d=3408 publish shipped d=18238
m56: ranged acquires+extensions d=3421 publish shipped d=18333
m57: ranged acquires+extensions d=3390 publish shipped d=18155
authority: grants d=7189 cap_refusals d=0 demotions d=0 conflicts d=0 desired_trims d=61 prs d=0 ors d=0
S11 MPI-IO engagement GREEN (ranged engaged on every mount, Issue-19 column 0, zero fabricated sharing)
[mwmatrix] read-back exact: 67995 MiB/s aggregate reorder-read, zero data-check errors
[mwmatrix] s11-mpiio GREEN — the MPI-IO acceptance row (outputs + snapshots + fsck in /run/squeezefs-mwfleet/rows/s11mpiio-1788804702). Evidence tier: measured-simulated (one box, co-located members)
