== fleet create 19:08:56 load=9.25 7.17 6.55 cpus=32
IDX  ROLE    MOUNT                    PID    LIVE      IDENTITY
0    writer  /mnt/sqz-mwfleet/m0      542934 up        nqn.2014-08.org.nvmexpress:uuid:cafef1e7-0000-4000-8000-000000541455
50   cowriter /mnt/sqz-mwfleet/m50     543099 up        -
51   cowriter /mnt/sqz-mwfleet/m51     543255 up        -
52   cowriter /mnt/sqz-mwfleet/m52     543409 up        -
53   cowriter /mnt/sqz-mwfleet/m53     543563 up        -
54   cowriter /mnt/sqz-mwfleet/m54     543716 up        -
55   cowriter /mnt/sqz-mwfleet/m55     543870 up        -
56   cowriter /mnt/sqz-mwfleet/m56     544023 up        -
57   cowriter /mnt/sqz-mwfleet/m57     544175 up        -
== s11-mpiio 19:09:11
[mwmatrix] s11-mpiio: 8 co-writer mounts x 4 procs = 32 ranks, ONE shared file, 4 MiB-aligned block-cyclic segments (ior 4.0.0 POSIX MPMD, -G 482664953); baseline = -F file-per-proc, SAME fleet/geometry; A-B-B-A
[mwmatrix] instrument: ior 4.0.0 (sha256 510b7d4ad0f287375848121aa5a1f9842db077c1d81ad0dde738e96255298158) + mpirun (Open MPI) 5.0.10; substrate: tcp devsub (nvmet-tcp localhost)
[mwmatrix] self-sizer wanted 38400 MiB — CAPPED to 10240 MiB (s=80): the 10 GiB zram-budget clamp (the indirect domain COMPOSES now — the rung-20 blob-aware owner-side merge; this cap is substrate budget, not a correctness boundary). Iteration ceiling raised to 128 to preserve the sustained window.
[mwmatrix] probe: 1750.71 MiB/s aggregate -> file 10240 MiB (s=80), 13 iterations/phase (sustained window sized >=60 s + >=3 steady iterations)
WARNING: fsync(15) failed
WARNING: fsync(15) failed
WARNING: fsync(15) failed
WARNING: fsync(15) failed
WARNING: fsync(15) failed
[mwmatrix] ERROR: ior invocation failed (rc=0 — full output in /run/squeezefs-mwfleet/rows/s11mpiio-1788649751/A1.out)
matrix rc=0
== teardown 19:29:23
[mwfleet] member 56 down
[mwfleet] member 57 down
[mwfleet] teardown complete — zero residue
