IOR-4.0.0: MPI Coordinated Test of Parallel I/O
Began               : Mon Sep  7 23:13:04 2026
Command line        : /scratch/tmp/sqz-agent/src-1.2/target/mw-ior/ior-4.0.0/src/ior -a POSIX -b 4m -t 4m -s 8 -w -e -k -E -G 51935450 -i 1 -o /scratch/tmp/sqz-agent/mwfleet-mnt/m50/s11-mpiio.dat
Machine             : Linux memp-s3ds-aqs-37
TestID              : 0
StartTime           : Mon Sep  7 23:13:04 2026
Path                : /scratch/tmp/sqz-agent/mwfleet-mnt/m50/s11-mpiio.dat
FS                  : 64.0 GiB   Used FS: 0.0%   Inodes: 1.0 Mi   Used Inodes: 0.0%

Options: 
api                 : POSIX
apiVersion          : 
test filename       : /scratch/tmp/sqz-agent/mwfleet-mnt/m50/s11-mpiio.dat
access              : single-shared-file
type                : independent
segments            : 8
ordering in a file  : sequential
ordering inter file : no tasks offsets
nodes               : 1
tasks               : 32
clients per node    : 32
repetitions         : 1
xfersize            : 4 MiB
blocksize           : 4 MiB
aggregate filesize  : 1 GiB

Results: 
WARNING: The file "/scratch/tmp/sqz-agent/mwfleet-mnt/m50/s11-mpiio.dat" exists already and will be overwritten

access    bw(MiB/s)  IOPS       Latency(s)  block(KiB) xfer(KiB)  open(s)    wr/rd(s)   close(s)   total(s)   iter
------    ---------  ----       ----------  ---------- ---------  --------   --------   --------   --------   ----
write     235.05     58.77      0.205574    4096       4096       0.000973   4.36       4.21       4.36       0   

Summary of all tests:
Operation   Max(MiB)   Min(MiB)  Mean(MiB)     StdDev   Max(OPs)   Min(OPs)  Mean(OPs)     StdDev    Mean(s) Stonewall(s) Stonewall(MiB) Test# #Tasks tPN reps fPP reord reordoff reordrand seed segcnt   blksiz    xsize aggs(MiB)   API RefNum
write         235.05     235.05     235.05       0.00      58.76      58.76      58.76       0.00    4.35646         NA            NA     0     32  32    1   0     0        1         0    0      8  4194304  4194304    1024.0 POSIX      0
Finished            : Mon Sep  7 23:13:08 2026
