[mwmatrix] s11-mpiio: 8 co-writer mounts x 4 procs = 32 ranks, ONE shared file, 4 MiB-aligned block-cyclic segments (ior 4.0.0 POSIX MPMD, -G 51935450); baseline = -F file-per-proc, SAME fleet/geometry; A-B-B-A
[mwmatrix] instrument: ior 4.0.0 (sha256 510b7d4ad0f287375848121aa5a1f9842db077c1d81ad0dde738e96255298158) + mpirun (Open MPI) 4.1.5a1; substrate: tcp devsub (nvmet-tcp localhost)
[mwmatrix] probe: 235.05 MiB/s aggregate -> file 5120 MiB (s=40), 5 iterations/phase (sustained window sized >=60 s + >=3 steady iterations)
[mwmatrix] phase A1 (shared): steady 3376.8 MiB/s over 11s wall (iters: 4599 2393.63 3423.06 4468 3222.61 )
[mwmatrix] phase B1 (fpp): steady 3827.4 MiB/s over 12s wall (iters: 2750.00 3565.39 4575 3681 3488.02 )
[mwmatrix] phase B2 (fpp): steady 3155.0 MiB/s over 12s wall (iters: 3546.25 2740.56 3874 3201.98 2803.53 )
[mwmatrix] phase A2 (shared): steady 3338.6 MiB/s over 12s wall (iters: 2642.92 3073.25 3860 3048.25 3373.05 )
A-B-B-A: shared 3377 / disjoint 3827 = 0.882; shared 3339 / disjoint 3155 = 1.058
S11 MPI-IO GATE: shared >= 0.8x disjoint in BOTH brackets (min 0.882)
m50: ranged acquires+extensions d=2684 publish shipped d=14241
m51: ranged acquires+extensions d=2652 publish shipped d=14095
m52: ranged acquires+extensions d=2642 publish shipped d=13971
m53: ranged acquires+extensions d=2674 publish shipped d=13998
m54: ranged acquires+extensions d=2622 publish shipped d=14019
m55: ranged acquires+extensions d=2692 publish shipped d=14642
m56: ranged acquires+extensions d=2650 publish shipped d=13909
m57: ranged acquires+extensions d=2680 publish shipped d=14436
authority: grants d=5619 cap_refusals d=0 demotions d=0 conflicts d=0 desired_trims d=69 prs d=0 ors d=0
S11 MPI-IO engagement GREEN (ranged engaged on every mount, Issue-19 column 0, zero fabricated sharing)
[mwmatrix] read-back exact: 62831 MiB/s aggregate reorder-read, zero data-check errors
[mwmatrix] s11-mpiio GREEN — the MPI-IO acceptance row (outputs + snapshots + fsck in /run/squeezefs-mwfleet/rows/s11mpiio-1788822781). Evidence tier: measured-simulated (one box, co-located members)
