IOR-4.0.0: MPI Coordinated Test of Parallel I/O
Began               : Mon Sep  7 17:30:52 2026
Command line        : /scratch/tmp/sqz-agent/src-1.2/target/mw-ior/ior-4.0.0/src/ior -a POSIX -b 4m -t 4m -s 80 -w -e -k -E -G 779404583 -i 19 -o /scratch/tmp/sqz-agent/mwfleet-mnt/m50/s11-mpiio.dat
Machine             : Linux memp-s3ds-aqs-37
TestID              : 0
StartTime           : Mon Sep  7 17:30:52 2026
Path                : /scratch/tmp/sqz-agent/mwfleet-mnt/m50/s11-mpiio.dat
FS                  : 64.0 GiB   Used FS: 3.3%   Inodes: 1.0 Mi   Used Inodes: 0.0%

Options: 
api                 : POSIX
apiVersion          : 
test filename       : /scratch/tmp/sqz-agent/mwfleet-mnt/m50/s11-mpiio.dat
access              : single-shared-file
type                : independent
segments            : 80
ordering in a file  : sequential
ordering inter file : no tasks offsets
nodes               : 1
tasks               : 32
clients per node    : 32
repetitions         : 19
xfersize            : 4 MiB
blocksize           : 4 MiB
aggregate filesize  : 10 GiB

Results: 
WARNING: The file "/scratch/tmp/sqz-agent/mwfleet-mnt/m50/s11-mpiio.dat" exists already and will be overwritten

access    bw(MiB/s)  IOPS       Latency(s)  block(KiB) xfer(KiB)  open(s)    wr/rd(s)   close(s)   total(s)   iter
------    ---------  ----       ----------  ---------- ---------  --------   --------   --------   --------   ----
WARNING: inconsistent file size by different tasks
WARNING: Expected aggregate file size       = 10737418240
WARNING: Stat() of aggregate file size      = 10619977728
WARNING: Using actual aggregate bytes moved = 10737418240
write     3295.79    824.04     2.08        4096       4096       0.000894   3.11       1.81       3.11       0   
WARNING: fsync(141) failed
WARNING: fsync(140) failed
WARNING: fsync(111) failed
WARNING: fsync(152) failed
WARNING: inconsistent file size by different tasks
WARNING: Expected aggregate file size       = 10737418240
WARNING: Stat() of aggregate file size      = 10619977728
WARNING: Using actual aggregate bytes moved = 10737418240
write     3104.01    776.04     1.92        4096       4096       0.000363   3.30       1.97       3.30       1   
WARNING: inconsistent file size by different tasks
WARNING: Expected aggregate file size       = 10737418240
WARNING: Stat() of aggregate file size      = 10619977728
WARNING: Using actual aggregate bytes moved = 10737418240
write     2695.93    674.03     1.99        4096       4096       0.000403   3.80       2.54       3.80       2   
WARNING: fsync(141) failed
WARNING: fsync(140) failed
WARNING: fsync(152) failed
WARNING: fsync(111) failed
WARNING: inconsistent file size by different tasks
WARNING: Expected aggregate file size       = 10737418240
WARNING: Stat() of aggregate file size      = 10619977728
WARNING: Using actual aggregate bytes moved = 10737418240
write     3601       900.28     1.97        4096       4096       0.000235   2.84       1.19       2.84       3   
WARNING: inconsistent file size by different tasks
WARNING: Expected aggregate file size       = 10737418240
WARNING: Stat() of aggregate file size      = 10619977728
WARNING: Using actual aggregate bytes moved = 10737418240
write     3069.21    767.39     2.42        4096       4096       0.000224   3.34       1.85       3.34       4   
WARNING: fsync(144) failed
WARNING: fsync(142) failed
WARNING: fsync(166) failed
WARNING: fsync(45) failed
WARNING: inconsistent file size by different tasks
WARNING: Expected aggregate file size       = 10737418240
WARNING: Stat() of aggregate file size      = 10619977728
WARNING: Using actual aggregate bytes moved = 10737418240
write     3442.42    860.65     2.40        4096       4096       0.000283   2.97       1.07       2.97       5   
WARNING: inconsistent file size by different tasks
WARNING: Expected aggregate file size       = 10737418240
WARNING: Stat() of aggregate file size      = 10619977728
WARNING: Using actual aggregate bytes moved = 10737418240
write     3597.49    899.43     2.57        4096       4096       0.000303   2.85       1.18       2.85       6   
WARNING: fsync(45) failed
WARNING: inconsistent file size by different tasks
WARNING: Expected aggregate file size       = 10737418240
WARNING: Stat() of aggregate file size      = 10619977728
WARNING: Using actual aggregate bytes moved = 10737418240
write     3211.60    802.95     2.33        4096       4096       0.000234   3.19       1.10       3.19       7   
WARNING: inconsistent file size by different tasks
WARNING: Expected aggregate file size       = 10737418240
WARNING: Stat() of aggregate file size      = 10619977728
WARNING: Using actual aggregate bytes moved = 10737418240
write     3652       913.09     2.69        4096       4096       0.000538   2.80       1.20       2.80       8   
WARNING: fsync(88) failed
WARNING: fsync(173) failed
WARNING: fsync(144) failed
WARNING: fsync(176) failed
WARNING: inconsistent file size by different tasks
WARNING: Expected aggregate file size       = 10737418240
WARNING: Stat() of aggregate file size      = 10619977728
WARNING: Using actual aggregate bytes moved = 10737418240
write     3488.21    872.11     1.86        4096       4096       0.000207   2.94       1.07       2.94       9   
WARNING: inconsistent file size by different tasks
WARNING: Expected aggregate file size       = 10737418240
WARNING: Stat() of aggregate file size      = 10619977728
WARNING: Using actual aggregate bytes moved = 10737418240
write     3835       958.94     2.59        4096       4096       0.000321   2.67       0.830875   2.67       10  
WARNING: inconsistent file size by different tasks
WARNING: Expected aggregate file size       = 10737418240
WARNING: Stat() of aggregate file size      = 10619977728
WARNING: Using actual aggregate bytes moved = 10737418240
write     3613       903.23     2.77        4096       4096       0.000353   2.83       1.11       2.83       11  
WARNING: inconsistent file size by different tasks
WARNING: Expected aggregate file size       = 10737418240
WARNING: Stat() of aggregate file size      = 10619977728
WARNING: Using actual aggregate bytes moved = 10737418240
write     3760       939.95     2.68        4096       4096       0.000312   2.72       1.02       2.72       12  
WARNING: inconsistent file size by different tasks
WARNING: Expected aggregate file size       = 10737418240
WARNING: Stat() of aggregate file size      = 10619977728
WARNING: Using actual aggregate bytes moved = 10737418240
write     3695       923.81     2.33        4096       4096       0.000289   2.77       1.21       2.77       13  
WARNING: fsync(111) failed
WARNING: fsync(149) failed
WARNING: fsync(142) failed
WARNING: fsync(119) failed
WARNING: inconsistent file size by different tasks
WARNING: Expected aggregate file size       = 10737418240
WARNING: Stat() of aggregate file size      = 10619977728
WARNING: Using actual aggregate bytes moved = 10737418240
write     3872       968.13     2.56        4096       4096       0.000490   2.64       0.890639   2.64       14  
WARNING: fsync(144) failed
WARNING: fsync(88) failed
WARNING: fsync(176) failed
WARNING: fsync(173) failed
WARNING: inconsistent file size by different tasks
WARNING: Expected aggregate file size       = 10737418240
WARNING: Stat() of aggregate file size      = 10619977728
WARNING: Using actual aggregate bytes moved = 10737418240
write     3381.54    845.44     1.99        4096       4096       0.000703   3.03       1.18       3.03       15  
WARNING: fsync(152) failed
WARNING: fsync(141) failed
WARNING: fsync(111) failed
WARNING: fsync(140) failed
WARNING: inconsistent file size by different tasks
WARNING: Expected aggregate file size       = 10737418240
WARNING: Stat() of aggregate file size      = 10619977728
WARNING: Using actual aggregate bytes moved = 10737418240
write     3675       918.70     2.10        4096       4096       0.000516   2.79       0.966422   2.79       16  
WARNING: inconsistent file size by different tasks
WARNING: Expected aggregate file size       = 10737418240
WARNING: Stat() of aggregate file size      = 10619977728
WARNING: Using actual aggregate bytes moved = 10737418240
write     3498.05    874.58     2.45        4096       4096       0.003740   2.93       0.997881   2.93       17  
WARNING: inconsistent file size by different tasks
WARNING: Expected aggregate file size       = 10737418240
WARNING: Stat() of aggregate file size      = 10619977728
WARNING: Using actual aggregate bytes moved = 10737418240
write     3569.76    892.54     2.16        4096       4096       0.000465   2.87       0.966169   2.87       18  

Summary of all tests:
Operation   Max(MiB)   Min(MiB)  Mean(MiB)     StdDev   Max(OPs)   Min(OPs)  Mean(OPs)     StdDev    Mean(s) Stonewall(s) Stonewall(MiB) Test# #Tasks tPN reps fPP reord reordoff reordrand seed segcnt   blksiz    xsize aggs(MiB)   API RefNum
write        3872.06    2695.93    3476.63     287.27     968.01     673.98     869.16      71.82    2.96781         NA            NA     0     32  32   19   0     0        1         0    0     80  4194304  4194304   10240.0 POSIX      0
Finished            : Mon Sep  7 17:31:49 2026
