IOR-4.0.0: MPI Coordinated Test of Parallel I/O
Began               : Fri Aug 28 14:59:28 2026
Command line        : /opt/squeezefs-bench/repo/target/mw-ior/ior-4.0.0/src/ior -a POSIX -b 4m -t 4m -s 8 -w -e -k -E -G 3658256 -i 1 -o /scratch/mnt-cw1/s11-mpiio.dat
Machine             : Linux ip-172-31-28-104
TestID              : 0
StartTime           : Fri Aug 28 14:59:28 2026
Path                : /scratch/mnt-cw1/s11-mpiio.dat
FS                  : 13.6 TiB   Used FS: 0.0%   Inodes: 1.0 Mi   Used Inodes: 0.0%

Options: 
api                 : POSIX
apiVersion          : 
test filename       : /scratch/mnt-cw1/s11-mpiio.dat
access              : single-shared-file
type                : independent
segments            : 8
ordering in a file  : sequential
ordering inter file : no tasks offsets
nodes               : 1
tasks               : 32
clients per node    : 32
repetitions         : 1
xfersize            : 4 MiB
blocksize           : 4 MiB
aggregate filesize  : 1 GiB

Results: 
WARNING: The file "/scratch/mnt-cw1/s11-mpiio.dat" exists already and will be overwritten

access    bw(MiB/s)  IOPS       Latency(s)  block(KiB) xfer(KiB)  open(s)    wr/rd(s)   close(s)   total(s)   iter
------    ---------  ----       ----------  ---------- ---------  --------   --------   --------   --------   ----
write     3.21       0.802654   298.81      4096       4096       0.002178   318.94     150.14     318.94     0   

Summary of all tests:
Operation   Max(MiB)   Min(MiB)  Mean(MiB)     StdDev   Max(OPs)   Min(OPs)  Mean(OPs)     StdDev    Mean(s) Stonewall(s) Stonewall(MiB) Test# #Tasks tPN reps fPP reord reordoff reordrand seed segcnt   blksiz    xsize aggs(MiB)   API RefNum
write           3.21       3.21       3.21       0.00       0.80       0.80       0.80       0.00  318.94277         NA            NA     0     32  32    1   0     0        1         0    0      8  4194304  4194304    1024.0 POSIX      0
Finished            : Fri Aug 28 15:04:47 2026
