IOR-4.0.0: MPI Coordinated Test of Parallel I/O
Began               : Fri Aug 28 04:18:19 2026
Command line        : /opt/squeezefs-bench/repo/target/mw-ior/ior-4.0.0/src/ior -a POSIX -b 4m -t 4m -s 80 -w -e -k -E -G 237203963 -i 14 -o /scratch/mnt-cw1/s11-mpiio.dat
Machine             : Linux ip-172-31-27-145
TestID              : 0
StartTime           : Fri Aug 28 04:18:19 2026
Path                : /scratch/mnt-cw1/s11-mpiio.dat
FS                  : 13.6 TiB   Used FS: 0.0%   Inodes: 1.0 Mi   Used Inodes: 0.0%

Options: 
api                 : POSIX
apiVersion          : 
test filename       : /scratch/mnt-cw1/s11-mpiio.dat
access              : single-shared-file
type                : independent
segments            : 80
ordering in a file  : sequential
ordering inter file : no tasks offsets
nodes               : 1
tasks               : 32
clients per node    : 32
repetitions         : 14
xfersize            : 4 MiB
blocksize           : 4 MiB
aggregate filesize  : 10 GiB

Results: 
WARNING: The file "/scratch/mnt-cw1/s11-mpiio.dat" exists already and will be overwritten

access    bw(MiB/s)  IOPS       Latency(s)  block(KiB) xfer(KiB)  open(s)    wr/rd(s)   close(s)   total(s)   iter
------    ---------  ----       ----------  ---------- ---------  --------   --------   --------   --------   ----
WARNING: inconsistent file size by different tasks
WARNING: Expected aggregate file size       = 10737418240
WARNING: Stat() of aggregate file size      = 10619977728
WARNING: Using actual aggregate bytes moved = 10737418240
write     2004.12    501.06     4.51        4096       4096       0.002019   5.11       2.32       5.11       0   
WARNING: inconsistent file size by different tasks
WARNING: Expected aggregate file size       = 10737418240
WARNING: Stat() of aggregate file size      = 10619977728
WARNING: Using actual aggregate bytes moved = 10737418240
write     1917.23    479.34     4.72        4096       4096       0.000560   5.34       2.46       5.34       1   
WARNING: inconsistent file size by different tasks
WARNING: Expected aggregate file size       = 10737418240
WARNING: Stat() of aggregate file size      = 10619977728
WARNING: Using actual aggregate bytes moved = 10737418240
write     1911.21    477.82     4.32        4096       4096       0.000550   5.36       2.42       5.36       2   
WARNING: inconsistent file size by different tasks
WARNING: Expected aggregate file size       = 10737418240
WARNING: Stat() of aggregate file size      = 10619977728
WARNING: Using actual aggregate bytes moved = 10737418240
write     2104.00    526.03     3.86        4096       4096       0.000563   4.87       1.68       4.87       3   
WARNING: fsync(15) failed
WARNING: fsync(15) failed
WARNING: fsync(15) failed
WARNING: fsync(15) failed
WARNING: inconsistent file size by different tasks
WARNING: Expected aggregate file size       = 10737418240
WARNING: Stat() of aggregate file size      = 10619977728
WARNING: Using actual aggregate bytes moved = 10737418240
write     824.37     206.10     12.42       4096       4096       0.001231   12.42      9.39       12.42      4   
WARNING: inconsistent file size by different tasks
WARNING: Expected aggregate file size       = 10737418240
WARNING: Stat() of aggregate file size      = 10619977728
WARNING: Using actual aggregate bytes moved = 10737418240
write     1938.55    484.65     3.90        4096       4096       0.000607   5.28       2.57       5.28       5   
WARNING: inconsistent file size by different tasks
WARNING: Expected aggregate file size       = 10737418240
WARNING: Stat() of aggregate file size      = 10619977728
WARNING: Using actual aggregate bytes moved = 10737418240
write     2095.88    524.02     3.90        4096       4096       0.000283   4.89       1.54       4.89       6   
WARNING: inconsistent file size by different tasks
WARNING: Expected aggregate file size       = 10737418240
WARNING: Stat() of aggregate file size      = 10619977728
WARNING: Using actual aggregate bytes moved = 10737418240
write     884.38     221.10     2.41        4096       4096       0.000453   11.58      9.17       11.58      7   
WARNING: inconsistent file size by different tasks
WARNING: Expected aggregate file size       = 10737418240
WARNING: Stat() of aggregate file size      = 10619977728
WARNING: Using actual aggregate bytes moved = 10737418240
write     2085.74    521.46     4.23        4096       4096       0.000291   4.91       2.15       4.91       8   
WARNING: inconsistent file size by different tasks
WARNING: Expected aggregate file size       = 10737418240
WARNING: Stat() of aggregate file size      = 10619977728
WARNING: Using actual aggregate bytes moved = 10737418240
write     2120.90    530.25     4.80        4096       4096       0.000299   4.83       0.772315   4.83       9   
WARNING: inconsistent file size by different tasks
WARNING: Expected aggregate file size       = 10737418240
WARNING: Stat() of aggregate file size      = 10619977728
WARNING: Using actual aggregate bytes moved = 10737418240
write     2117.52    529.41     4.77        4096       4096       0.000301   4.84       1.51       4.84       10  
WARNING: inconsistent file size by different tasks
WARNING: Expected aggregate file size       = 10737418240
WARNING: Stat() of aggregate file size      = 10619977728
WARNING: Using actual aggregate bytes moved = 10737418240
write     2106.30    526.60     4.77        4096       4096       0.000247   4.86       1.28       4.86       11  
WARNING: inconsistent file size by different tasks
WARNING: Expected aggregate file size       = 10737418240
WARNING: Stat() of aggregate file size      = 10619977728
WARNING: Using actual aggregate bytes moved = 10737418240
write     2099.75    524.98     4.62        4096       4096       0.004593   4.88       1.50       4.88       12  
WARNING: inconsistent file size by different tasks
WARNING: Expected aggregate file size       = 10737418240
WARNING: Stat() of aggregate file size      = 10619977728
WARNING: Using actual aggregate bytes moved = 10737418240
write     2038.17    509.57     3.62        4096       4096       0.000256   5.02       1.83       5.02       13  

Summary of all tests:
Operation   Max(MiB)   Min(MiB)  Mean(MiB)     StdDev   Max(OPs)   Min(OPs)  Mean(OPs)     StdDev    Mean(s) Stonewall(s) Stonewall(MiB) Test# #Tasks tPN reps fPP reord reordoff reordrand seed segcnt   blksiz    xsize aggs(MiB)   API RefNum
write        2120.90     824.37    1874.86     422.96     530.23     206.09     468.72     105.74    6.01285         NA            NA     0     32  32   14   0     0        1         0    0     80  4194304  4194304   10240.0 POSIX      0
Finished            : Fri Aug 28 04:19:43 2026
