IOR-4.0.0: MPI Coordinated Test of Parallel I/O
Began               : Mon Sep  7 18:07:22 2026
Command line        : /scratch/tmp/sqz-agent/src-1.2/target/mw-ior/ior-4.0.0/src/ior -a POSIX -b 4m -t 4m -s 80 -w -e -k -E -G 217893364 -i 24 -F -o /scratch/tmp/sqz-agent/mwfleet-mnt/m50/s11-mpiio-fpp.dat
Machine             : Linux memp-s3ds-aqs-37
TestID              : 0
StartTime           : Mon Sep  7 18:07:22 2026
Path                : /scratch/tmp/sqz-agent/mwfleet-mnt/m50/s11-mpiio-fpp.dat.00000000
FS                  : 64.0 GiB   Used FS: 99.6%   Inodes: 1.0 Mi   Used Inodes: 0.0%

Options: 
api                 : POSIX
apiVersion          : 
test filename       : /scratch/tmp/sqz-agent/mwfleet-mnt/m50/s11-mpiio-fpp.dat
access              : file-per-process
type                : independent
segments            : 80
ordering in a file  : sequential
ordering inter file : no tasks offsets
nodes               : 1
tasks               : 32
clients per node    : 32
repetitions         : 24
xfersize            : 4 MiB
blocksize           : 4 MiB
aggregate filesize  : 10 GiB

Results: 
WARNING: The file "/scratch/tmp/sqz-agent/mwfleet-mnt/m50/s11-mpiio-fpp.dat.00000002" exists already and will be overwritten
WARNING: The file "/scratch/tmp/sqz-agent/mwfleet-mnt/m55/s11-mpiio-fpp.dat.00000021" exists already and will be overwritten
WARNING: The file "/scratch/tmp/sqz-agent/mwfleet-mnt/m55/s11-mpiio-fpp.dat.00000020" exists already and will be overwritten
WARNING: The file "/scratch/tmp/sqz-agent/mwfleet-mnt/m55/s11-mpiio-fpp.dat.00000022" exists already and will be overwritten
WARNING: The file "/scratch/tmp/sqz-agent/mwfleet-mnt/m51/s11-mpiio-fpp.dat.00000005" exists already and will be overwritten
WARNING: The file "/scratch/tmp/sqz-agent/mwfleet-mnt/m51/s11-mpiio-fpp.dat.00000004" exists already and will be overwritten
WARNING: The file "/scratch/tmp/sqz-agent/mwfleet-mnt/m52/s11-mpiio-fpp.dat.00000011" exists already and will be overwritten
WARNING: The file "/scratch/tmp/sqz-agent/mwfleet-mnt/m57/s11-mpiio-fpp.dat.00000028" exists already and will be overwritten
WARNING: The file "/scratch/tmp/sqz-agent/mwfleet-mnt/m50/s11-mpiio-fpp.dat.00000003" exists already and will be overwritten
WARNING: The file "/scratch/tmp/sqz-agent/mwfleet-mnt/m56/s11-mpiio-fpp.dat.00000024" exists already and will be overwritten
WARNING: The file "/scratch/tmp/sqz-agent/mwfleet-mnt/m55/s11-mpiio-fpp.dat.00000023" exists already and will be overwritten
WARNING: The file "/scratch/tmp/sqz-agent/mwfleet-mnt/m53/s11-mpiio-fpp.dat.00000015" exists already and will be overwritten
WARNING: The file "/scratch/tmp/sqz-agent/mwfleet-mnt/m54/s11-mpiio-fpp.dat.00000019" exists already and will be overwritten
WARNING: The file "/scratch/tmp/sqz-agent/mwfleet-mnt/m51/s11-mpiio-fpp.dat.00000007" exists already and will be overwritten
WARNING: The file "/scratch/tmp/sqz-agent/mwfleet-mnt/m57/s11-mpiio-fpp.dat.00000031" exists already and will be overwritten
WARNING: The file "/scratch/tmp/sqz-agent/mwfleet-mnt/m52/s11-mpiio-fpp.dat.00000008" exists already and will be overwritten
WARNING: The file "/scratch/tmp/sqz-agent/mwfleet-mnt/m57/s11-mpiio-fpp.dat.00000030" exists already and will be overwritten
WARNING: The file "/scratch/tmp/sqz-agent/mwfleet-mnt/m52/s11-mpiio-fpp.dat.00000010" exists already and will be overwritten
WARNING: The file "/scratch/tmp/sqz-agent/mwfleet-mnt/m52/s11-mpiio-fpp.dat.00000009" exists already and will be overwritten
WARNING: The file "/scratch/tmp/sqz-agent/mwfleet-mnt/m50/s11-mpiio-fpp.dat.00000001" exists already and will be overwritten
WARNING: The file "/scratch/tmp/sqz-agent/mwfleet-mnt/m51/s11-mpiio-fpp.dat.00000006" exists already and will be overwritten
WARNING: The file "/scratch/tmp/sqz-agent/mwfleet-mnt/m53/s11-mpiio-fpp.dat.00000014" exists already and will be overwritten
WARNING: The file "/scratch/tmp/sqz-agent/mwfleet-mnt/m56/s11-mpiio-fpp.dat.00000027" exists already and will be overwritten
WARNING: The file "/scratch/tmp/sqz-agent/mwfleet-mnt/m54/s11-mpiio-fpp.dat.00000016" exists already and will be overwritten
WARNING: The file "/scratch/tmp/sqz-agent/mwfleet-mnt/m53/s11-mpiio-fpp.dat.00000013" exists already and will be overwritten
WARNING: The file "/scratch/tmp/sqz-agent/mwfleet-mnt/m56/s11-mpiio-fpp.dat.00000026" exists already and will be overwritten
WARNING: The file "/scratch/tmp/sqz-agent/mwfleet-mnt/m54/s11-mpiio-fpp.dat.00000018" exists already and will be overwritten
WARNING: The file "/scratch/tmp/sqz-agent/mwfleet-mnt/m54/s11-mpiio-fpp.dat.00000017" exists already and will be overwritten
WARNING: The file "/scratch/tmp/sqz-agent/mwfleet-mnt/m53/s11-mpiio-fpp.dat.00000012" exists already and will be overwritten
WARNING: The file "/scratch/tmp/sqz-agent/mwfleet-mnt/m57/s11-mpiio-fpp.dat.00000029" exists already and will be overwritten
WARNING: The file "/scratch/tmp/sqz-agent/mwfleet-mnt/m50/s11-mpiio-fpp.dat.00000000" exists already and will be overwritten

access    bw(MiB/s)  IOPS       Latency(s)  block(KiB) xfer(KiB)  open(s)    wr/rd(s)   close(s)   total(s)   iter
------    ---------  ----       ----------  ---------- ---------  --------   --------   --------   --------   ----
WARNING: The file "/scratch/tmp/sqz-agent/mwfleet-mnt/m56/s11-mpiio-fpp.dat.00000025" exists already and will be overwritten
write     2564.37    641.14     3.60        4096       4096       0.000222   3.99       2.60       3.99       0   
write     2320.80    580.30     3.68        4096       4096       0.000319   4.41       3.55       4.41       1   
write     2246.44    562.24     3.89        4096       4096       0.004292   4.55       2.80       4.56       2   
write     2482.76    620.81     3.40        4096       4096       0.000327   4.12       1.37       4.12       3   
write     2556.55    639.31     3.56        4096       4096       0.000335   4.00       1.15       4.01       4   
write     2137.39    534.37     3.38        4096       4096       0.000745   4.79       2.08       4.79       5   
write     2463.78    616.13     3.25        4096       4096       0.000859   4.15       1.74       4.16       6   
write     2445.34    611.49     4.02        4096       4096       0.000677   4.19       1.46       4.19       7   
write     2518.96    629.79     3.89        4096       4096       0.000361   4.06       1.34       4.07       8   
write     2080.76    520.22     3.84        4096       4096       0.000257   4.92       1.56       4.92       9   
write     2263.17    566.12     4.00        4096       4096       0.000298   4.52       1.76       4.52       10  
write     2237.40    559.38     3.51        4096       4096       0.000514   4.58       2.11       4.58       11  
write     2448.26    612.09     4.18        4096       4096       0.002082   4.18       1.46       4.18       12  
write     2191.70    547.97     3.99        4096       4096       0.005898   4.67       2.27       4.67       13  
write     2582.89    646.23     3.88        4096       4096       0.000390   3.96       1.05       3.96       14  
write     2208.38    552.14     3.60        4096       4096       0.003710   4.64       2.03       4.64       15  
write     2215.69    553.97     3.41        4096       4096       0.000715   4.62       1.69       4.62       16  
write     2674.58    669.33     3.82        4096       4096       0.000298   3.82       1.02       3.83       17  
write     2305.61    576.43     3.73        4096       4096       0.000503   4.44       1.31       4.44       18  
write     2150.98    537.98     3.72        4096       4096       0.000343   4.76       1.61       4.76       19  
write     2510.99    627.79     3.07        4096       4096       0.000297   4.08       1.08       4.08       20  
write     2276.71    569.20     4.16        4096       4096       0.009883   4.50       1.35       4.50       21  
write     2171.33    543.04     4.37        4096       4096       0.000516   4.71       1.70       4.72       22  
write     2380.87    595.26     3.83        4096       4096       0.000526   4.30       1.20       4.30       23  

Summary of all tests:
Operation   Max(MiB)   Min(MiB)  Mean(MiB)     StdDev   Max(OPs)   Min(OPs)  Mean(OPs)     StdDev    Mean(s) Stonewall(s) Stonewall(MiB) Test# #Tasks tPN reps fPP reord reordoff reordrand seed segcnt   blksiz    xsize aggs(MiB)   API RefNum
write        2674.58    2080.76    2351.49     163.86     668.65     520.19     587.87      40.97    4.37572         NA            NA     0     32  32   24   1     0        1         0    0     80  4194304  4194304   10240.0 POSIX      0
Finished            : Mon Sep  7 18:09:08 2026
