IOR-4.0.0: MPI Coordinated Test of Parallel I/O
Began               : Mon Sep  7 18:05:37 2026
Command line        : /scratch/tmp/sqz-agent/src-1.2/target/mw-ior/ior-4.0.0/src/ior -a POSIX -b 4m -t 4m -s 80 -w -e -k -E -G 217893364 -i 24 -F -o /scratch/tmp/sqz-agent/mwfleet-mnt/m50/s11-mpiio-fpp.dat
Machine             : Linux memp-s3ds-aqs-37
TestID              : 0
StartTime           : Mon Sep  7 18:05:37 2026
Path                : /scratch/tmp/sqz-agent/mwfleet-mnt/m50/s11-mpiio-fpp.dat.00000000
FS                  : 64.0 GiB   Used FS: 99.4%   Inodes: 1.0 Mi   Used Inodes: 0.0%

Options: 
api                 : POSIX
apiVersion          : 
test filename       : /scratch/tmp/sqz-agent/mwfleet-mnt/m50/s11-mpiio-fpp.dat
access              : file-per-process
type                : independent
segments            : 80
ordering in a file  : sequential
ordering inter file : no tasks offsets
nodes               : 1
tasks               : 32
clients per node    : 32
repetitions         : 24
xfersize            : 4 MiB
blocksize           : 4 MiB
aggregate filesize  : 10 GiB

Results: 

access    bw(MiB/s)  IOPS       Latency(s)  block(KiB) xfer(KiB)  open(s)    wr/rd(s)   close(s)   total(s)   iter
------    ---------  ----       ----------  ---------- ---------  --------   --------   --------   --------   ----
write     3368.90    842.70     2.44        4096       4096       0.009512   3.04       1.37       3.04       0   
write     3382.23    845.60     2.67        4096       4096       0.002029   3.03       2.03       3.03       1   
write     2872.65    718.21     3.45        4096       4096       0.000264   3.56       1.16       3.56       2   
write     2334.16    583.66     3.99        4096       4096       0.000366   4.39       1.29       4.39       3   
write     2212.39    553.13     3.95        4096       4096       0.000230   4.63       1.47       4.63       4   
write     2328.83    582.23     3.55        4096       4096       0.000321   4.40       1.67       4.40       5   
write     2228.37    557.50     3.95        4096       4096       0.015586   4.59       1.66       4.60       6   
write     2393.89    598.77     3.41        4096       4096       0.000326   4.28       1.14       4.28       7   
write     2449.99    612.67     4.02        4096       4096       0.000305   4.18       1.33       4.18       8   
write     2405.61    601.55     3.85        4096       4096       0.000856   4.26       1.49       4.26       9   
write     2326.94    581.85     3.67        4096       4096       0.000272   4.40       1.60       4.40       10  
write     2343.13    585.96     3.99        4096       4096       0.000739   4.37       0.960826   4.37       11  
write     2323.66    580.96     4.00        4096       4096       0.000363   4.41       1.71       4.41       12  
write     2650.92    662.78     2.80        4096       4096       0.000291   3.86       1.06       3.86       13  
write     2354.04    588.71     3.50        4096       4096       0.000445   4.35       1.08       4.35       14  
WARNING: fsync(36) failed
write     2419.32    605.14     4.02        4096       4096       0.000346   4.23       2.14       4.23       15  
write     2330.99    582.81     4.37        4096       4096       0.000505   4.39       1.38       4.39       16  
write     2675.68    669.02     3.47        4096       4096       0.000305   3.83       0.788770   3.83       17  
write     2231.56    558.04     3.86        4096       4096       0.000371   4.59       1.27       4.59       18  
write     2537.06    634.30     3.05        4096       4096       0.000423   4.04       1.03       4.04       19  
write     2473.65    618.71     3.64        4096       4096       0.001701   4.14       0.970366   4.14       20  
write     2116.25    529.08     4.57        4096       4096       0.000475   4.84       1.39       4.84       21  
write     2434.92    608.76     3.07        4096       4096       0.000411   4.21       1.85       4.21       22  
write     2417.79    604.62     3.96        4096       4096       0.000367   4.23       1.32       4.24       23  

Summary of all tests:
Operation   Max(MiB)   Min(MiB)  Mean(MiB)     StdDev   Max(OPs)   Min(OPs)  Mean(OPs)     StdDev    Mean(s) Stonewall(s) Stonewall(MiB) Test# #Tasks tPN reps fPP reord reordoff reordrand seed segcnt   blksiz    xsize aggs(MiB)   API RefNum
write        3382.23    2116.25    2483.87     311.58     845.56     529.06     620.97      77.89    4.17669         NA            NA     0     32  32   24   1     0        1         0    0     80  4194304  4194304   10240.0 POSIX      0
Finished            : Mon Sep  7 18:07:18 2026
