== fresh pre-pass (mints the 24 files; label-only) ==
Mounting Squeezefs at "/scratch/tmp/test"...
[92mOK[0m Squeezefs is ready at "/scratch/tmp/test"
ROW fresh: 31.90 GiB/s clat 11.61 ms p99 51.6 ms  dev/user 1.2154  {"overlay_governed_stores": 0, "overlay_stores": 0, "overlay_ack_early_stores": 0, "overlay_overwrite_installs": 0, "write_pipeline_admission_waits": 0, "write_pipeline_depth_probe_ups": 0, "write_pipeline_depth_probe_backoffs": 0, "rewrite_blocks": 0, "write_through_blocks": 0, "invariant_tripwires": 0, "write_pipeline_fence_drops": 0, "overlay_fence_drops": 0, "depth_target_post": null, "depth_target_base_post": null}
Unmounting squeezefs at /scratch/tmp/test...
Sending SIGTERM to squeezefs daemon (PID 645457)...
Daemon (PID 645457) did not exit within timeout.
Daemon unmount failed or no daemon found. Attempting direct unmount...
Successfully unmounted mountpoint /scratch/tmp/test
Waiting for FUSE daemon (PID 645457) to exit after kernel abort... done.
== A1: governor ON ==
Mounting Squeezefs at "/scratch/tmp/test"...
[92mOK[0m Squeezefs is ready at "/scratch/tmp/test"
ROW A1: 31.30 GiB/s clat 11.87 ms p99 52.2 ms  dev/user 1.3348  {"overlay_governed_stores": 0, "overlay_stores": 0, "overlay_ack_early_stores": 0, "overlay_overwrite_installs": 0, "write_pipeline_admission_waits": 0, "write_pipeline_depth_probe_ups": 0, "write_pipeline_depth_probe_backoffs": 0, "rewrite_blocks": 0, "write_through_blocks": 0, "invariant_tripwires": 0, "write_pipeline_fence_drops": 0, "overlay_fence_drops": 0, "depth_target_post": null, "depth_target_base_post": null}
Unmounting squeezefs at /scratch/tmp/test...
Sending SIGTERM to squeezefs daemon (PID 649902)...
Daemon (PID 649902) did not exit within timeout.
Daemon unmount failed or no daemon found. Attempting direct unmount...
Successfully unmounted mountpoint /scratch/tmp/test
Waiting for FUSE daemon (PID 649902) to exit after kernel abort... done.
== B1: governor OFF (pre-W-3 open-loop) ==
Mounting Squeezefs at "/scratch/tmp/test"...
[92mOK[0m Squeezefs is ready at "/scratch/tmp/test"
ROW B1: 32.00 GiB/s clat 11.55 ms p99 49.0 ms  dev/user 1.3336  {"overlay_governed_stores": 0, "overlay_stores": 0, "overlay_ack_early_stores": 0, "overlay_overwrite_installs": 0, "write_pipeline_admission_waits": 0, "write_pipeline_depth_probe_ups": 0, "write_pipeline_depth_probe_backoffs": 0, "rewrite_blocks": 0, "write_through_blocks": 0, "invariant_tripwires": 0, "write_pipeline_fence_drops": 0, "overlay_fence_drops": 0, "depth_target_post": null, "depth_target_base_post": null}
Unmounting squeezefs at /scratch/tmp/test...
Sending SIGTERM to squeezefs daemon (PID 661983)...
Daemon (PID 661983) did not exit within timeout.
Daemon unmount failed or no daemon found. Attempting direct unmount...
Successfully unmounted mountpoint /scratch/tmp/test
Waiting for FUSE daemon (PID 661983) to exit after kernel abort... done.
== B2: governor OFF ==
Mounting Squeezefs at "/scratch/tmp/test"...
[92mOK[0m Squeezefs is ready at "/scratch/tmp/test"
ROW B2: 32.40 GiB/s clat 11.47 ms p99 52.2 ms  dev/user 1.3308  {"overlay_governed_stores": 0, "overlay_stores": 0, "overlay_ack_early_stores": 0, "overlay_overwrite_installs": 0, "write_pipeline_admission_waits": 0, "write_pipeline_depth_probe_ups": 0, "write_pipeline_depth_probe_backoffs": 0, "rewrite_blocks": 0, "write_through_blocks": 0, "invariant_tripwires": 0, "write_pipeline_fence_drops": 0, "overlay_fence_drops": 0, "depth_target_post": null, "depth_target_base_post": null}
Unmounting squeezefs at /scratch/tmp/test...
Sending SIGTERM to squeezefs daemon (PID 671202)...
Daemon (PID 671202) did not exit within timeout.
Daemon unmount failed or no daemon found. Attempting direct unmount...
Successfully unmounted mountpoint /scratch/tmp/test
Waiting for FUSE daemon (PID 671202) to exit after kernel abort... done.
== A2: governor ON ==
Mounting Squeezefs at "/scratch/tmp/test"...
[92mOK[0m Squeezefs is ready at "/scratch/tmp/test"
ROW A2: 32.14 GiB/s clat 11.56 ms p99 48.5 ms  dev/user 1.3252  {"overlay_governed_stores": 0, "overlay_stores": 0, "overlay_ack_early_stores": 0, "overlay_overwrite_installs": 0, "write_pipeline_admission_waits": 0, "write_pipeline_depth_probe_ups": 0, "write_pipeline_depth_probe_backoffs": 0, "rewrite_blocks": 0, "write_through_blocks": 0, "invariant_tripwires": 0, "write_pipeline_fence_drops": 0, "overlay_fence_drops": 0, "depth_target_post": null, "depth_target_base_post": null}
Unmounting squeezefs at /scratch/tmp/test...
Sending SIGTERM to squeezefs daemon (PID 679476)...
Daemon (PID 679476) did not exit within timeout.
Daemon unmount failed or no daemon found. Attempting direct unmount...
Successfully unmounted mountpoint /scratch/tmp/test
Waiting for FUSE daemon (PID 679476) to exit after kernel abort... done.
== done: /scratch/tmp/sqz-agent/w3/run-20260902-203015 ==
