IOR-4.0.0: MPI Coordinated Test of Parallel I/O
Began               : Mon Sep  7 22:57:49 2026
Command line        : /scratch/tmp/sqz-agent/src-1.2/target/mw-ior/ior-4.0.0/src/ior -a POSIX -b 4m -t 4m -s 80 -w -e -k -E -G 667753611 -i 23 -F -o /scratch/tmp/sqz-agent/mwfleet-mnt/m50/s11-mpiio-fpp.dat
Machine             : Linux memp-s3ds-aqs-37
TestID              : 0
StartTime           : Mon Sep  7 22:57:49 2026
Path                : /scratch/tmp/sqz-agent/mwfleet-mnt/m50/s11-mpiio-fpp.dat.00000000
FS                  : 64.0 GiB   Used FS: 95.2%   Inodes: 1.0 Mi   Used Inodes: 0.0%

Options: 
api                 : POSIX
apiVersion          : 
test filename       : /scratch/tmp/sqz-agent/mwfleet-mnt/m50/s11-mpiio-fpp.dat
access              : file-per-process
type                : independent
segments            : 80
ordering in a file  : sequential
ordering inter file : no tasks offsets
nodes               : 1
tasks               : 32
clients per node    : 32
repetitions         : 23
xfersize            : 4 MiB
blocksize           : 4 MiB
aggregate filesize  : 10 GiB

Results: 

access    bw(MiB/s)  IOPS       Latency(s)  block(KiB) xfer(KiB)  open(s)    wr/rd(s)   close(s)   total(s)   iter
------    ---------  ----       ----------  ---------- ---------  --------   --------   --------   --------   ----
write     3494.82    874.32     1.79        4096       4096       0.007509   2.93       1.29       2.93       0   
write     2610.04    652.57     1.71        4096       4096       0.000275   3.92       2.73       3.92       1   
write     2121.13    530.46     3.03        4096       4096       0.000288   4.83       2.31       4.83       2   
write     2356.90    589.25     3.99        4096       4096       0.000427   4.34       1.80       4.34       3   
write     1878.94    469.77     4.62        4096       4096       0.000306   5.45       2.46       5.45       4   
write     2569.21    642.46     3.48        4096       4096       0.000274   3.98       1.31       3.99       5   
write     2493.25    623.34     3.60        4096       4096       0.008098   4.11       0.806886   4.11       6   
write     2376.22    594.08     3.54        4096       4096       0.000321   4.31       1.33       4.31       7   
WARNING: fsync(166) failed
write     2325.63    581.44     3.56        4096       4096       0.003012   4.40       2.00       4.40       8   
write     2228.63    557.30     3.22        4096       4096       0.000316   4.59       1.69       4.59       9   
write     2141.91    535.50     4.73        4096       4096       0.000339   4.78       2.58       4.78       10  
write     2185.43    546.38     3.14        4096       4096       0.000279   4.69       1.69       4.69       11  
write     1792.20    448.11     3.50        4096       4096       0.002746   5.71       2.55       5.71       12  
write     2626.32    656.67     3.10        4096       4096       0.000289   3.90       0.960640   3.90       13  
write     2219.29    554.85     3.54        4096       4096       0.013912   4.61       1.84       4.61       14  
write     2501.74    625.48     2.98        4096       4096       0.000383   4.09       1.32       4.09       15  
write     2481.91    620.52     3.86        4096       4096       0.001737   4.13       1.08       4.13       16  
write     2189.41    547.48     4.47        4096       4096       0.000328   4.68       1.70       4.68       17  
write     2080.33    520.11     3.26        4096       4096       0.000299   4.92       2.02       4.92       18  
write     2252.36    563.12     4.11        4096       4096       0.000274   4.55       1.70       4.55       19  
write     2098.08    524.63     3.47        4096       4096       0.001034   4.88       2.34       4.88       20  
write     2290.96    572.77     3.74        4096       4096       0.000558   4.47       1.34       4.47       21  
write     2261.12    565.31     3.62        4096       4096       0.001607   4.53       1.31       4.53       22  

Summary of all tests:
Operation   Max(MiB)   Min(MiB)  Mean(MiB)     StdDev   Max(OPs)   Min(OPs)  Mean(OPs)     StdDev    Mean(s) Stonewall(s) Stonewall(MiB) Test# #Tasks tPN reps fPP reord reordoff reordrand seed segcnt   blksiz    xsize aggs(MiB)   API RefNum
write        3494.82    1792.20    2329.38     324.75     873.71     448.05     582.35      81.19    4.47011         NA            NA     0     32  32   23   1     0        1         0    0     80  4194304  4194304   10240.0 POSIX      0
Finished            : Mon Sep  7 22:59:33 2026
