IOR-4.0.0: MPI Coordinated Test of Parallel I/O
Began               : Wed Aug 26 14:52:55 2026
Command line        : /home/justin/Source/squeezefs/target/mw-ior/ior-4.0.0/src/ior -a POSIX -b 4m -t 4m -s 8 -w -e -k -E -G 627017054 -i 1 -o /mnt/sqz-mwfleet/m50/s11-mpiio.dat
Machine             : Linux strixhalo
TestID              : 0
StartTime           : Wed Aug 26 14:52:55 2026
Path                : /mnt/sqz-mwfleet/m50/s11-mpiio.dat
FS                  : 128.0 GiB   Used FS: 0.0%   Inodes: 1.0 Mi   Used Inodes: 0.0%

Options: 
api                 : POSIX
apiVersion          : 
test filename       : /mnt/sqz-mwfleet/m50/s11-mpiio.dat
access              : single-shared-file
type                : independent
segments            : 8
ordering in a file  : sequential
ordering inter file : no tasks offsets
nodes               : 1
tasks               : 32
clients per node    : 32
repetitions         : 1
xfersize            : 4 MiB
blocksize           : 4 MiB
aggregate filesize  : 1 GiB

Results: 
WARNING: The file "/mnt/sqz-mwfleet/m50/s11-mpiio.dat" exists already and will be overwritten

access    bw(MiB/s)  IOPS       Latency(s)  block(KiB) xfer(KiB)  open(s)    wr/rd(s)   close(s)   total(s)   iter
------    ---------  ----       ----------  ---------- ---------  --------   --------   --------   --------   ----
write     2083.11    521.10     0.322005    4096       4096       0.001009   0.491269   0.274446   0.491572   0   

Summary of all tests:
Operation   Max(MiB)   Min(MiB)  Mean(MiB)     StdDev   Max(OPs)   Min(OPs)  Mean(OPs)     StdDev    Mean(s) Stonewall(s) Stonewall(MiB) Test# #Tasks tPN reps fPP reord reordoff reordrand seed segcnt   blksiz    xsize aggs(MiB)   API RefNum
write        2083.11    2083.11    2083.11       0.00     520.78     520.78     520.78       0.00    0.49157         NA            NA     0     32  32    1   0     0        1         0    0      8  4194304  4194304    1024.0 POSIX      0
Finished            : Wed Aug 26 14:52:55 2026
