[mwmatrix] s11-mpiio: 8 co-writer mounts x 4 procs = 32 ranks, ONE shared file, 4 MiB-aligned block-cyclic segments (ior 4.0.0 POSIX MPMD, -G 439967972); baseline = -F file-per-proc, SAME fleet/geometry; A-B-B-A
[mwmatrix] instrument: ior 4.0.0 (sha256 510b7d4ad0f287375848121aa5a1f9842db077c1d81ad0dde738e96255298158) + mpirun (Open MPI) 4.1.5a1; substrate: tcp devsub (nvmet-tcp localhost)
[mwmatrix] self-sizer wanted 48512 MiB — CAPPED to 10240 MiB (s=80): the 10 GiB zram-budget clamp (the indirect domain COMPOSES now — the rung-20 blob-aware owner-side merge; this cap is substrate budget, not a correctness boundary). Iteration ceiling raised to 128 to preserve the sustained window.
[mwmatrix] probe: 2210.80 MiB/s aggregate -> file 10240 MiB (s=80), 17 iterations/phase (sustained window sized >=60 s + >=3 steady iterations)
[mwmatrix] phase A1 (shared): steady 3268.2 MiB/s over 57s wall (iters: 4495 3840 3629 3285.70 3424.53 3404.92 3333.00 3523.45 3239.12 3348.92 2966.82 3527.85 2805.49 2830.58 2997.72 3112.65 3020.94 )
[mwmatrix] phase B1 (fpp): steady 2287.8 MiB/s over 79s wall (iters: 3637 2614.01 2273.16 2236.62 2319.50 2196.79 2222.14 2456.89 2224.57 2331.62 2281.80 2272.19 2089.49 2327.82 2356.08 2124.22 2277.73 )
[mwmatrix] phase B2 (fpp): steady 2321.3 MiB/s over 80s wall (iters: 2476.58 2811.91 2274.28 2065.13 2365.63 2273.06 2176.68 2139.46 2533.94 2227.20 2187.67 2464.03 2171.53 2223.57 2511.80 2213.65 2501.01 )
[mwmatrix] phase A2 (shared): steady 2970.4 MiB/s over 65s wall (iters: 2135.49 2757.45 3055.84 2784.10 3563.90 2744.71 2995.50 3044.76 3000.35 3039.23 3113.04 2911.74 3020.27 2717.37 2631.37 3042.75 3104.42 )
A-B-B-A: shared 3268 / disjoint 2288 = 1.429; shared 2970 / disjoint 2321 = 1.280
S11 MPI-IO GATE: shared >= 0.8x disjoint in BOTH brackets (min 1.280)
m50: ranged acquires+extensions d=19073 publish shipped d=102714
m51: ranged acquires+extensions d=19196 publish shipped d=103841
m52: ranged acquires+extensions d=19152 publish shipped d=103483
m53: ranged acquires+extensions d=19211 publish shipped d=102950
m54: ranged acquires+extensions d=19427 publish shipped d=102625
m55: ranged acquires+extensions d=19094 publish shipped d=102837
m56: ranged acquires+extensions d=19281 publish shipped d=103829
m57: ranged acquires+extensions d=19385 publish shipped d=102853
authority: grants d=37198 cap_refusals d=0 demotions d=0 conflicts d=0 desired_trims d=259 prs d=0 ors d=0
S11 MPI-IO engagement GREEN (ranged engaged on every mount, Issue-19 column 0, zero fabricated sharing)
[mwmatrix] read-back exact: 65009 MiB/s aggregate reorder-read, zero data-check errors
[mwmatrix] s11-mpiio GREEN — the MPI-IO acceptance row (outputs + snapshots + fsck in /run/squeezefs-mwfleet/rows/s11mpiio-1788822325). Evidence tier: measured-simulated (one box, co-located members)
